#
# A fatal error has been detected by the Java Runtime Environment:
#
#  EXCEPTION_ACCESS_VIOLATION (0xc0000005) at pc=0x00007ffc29e0066f, pid=10052, tid=18372
#
# JRE version: OpenJDK Runtime Environment Temurin-21.0.8+9 (21.0.8+9) (build 21.0.8+9-LTS)
# Java VM: OpenJDK 64-Bit Server VM Temurin-21.0.8+9 (21.0.8+9-LTS, mixed mode, sharing, tiered, compressed oops, compressed class ptrs, parallel gc, windows-amd64)
# Problematic frame:
# V  [jvm.dll+0x8c066f]
#
# No core dump will be written. Minidumps are not enabled by default on client versions of Windows
#
# If you would like to submit a bug report, please visit:
#   https://github.com/adoptium/adoptium-support/issues
#

---------------  S U M M A R Y ------------

Command Line: --add-modules=ALL-SYSTEM --add-opens=java.base/java.util=ALL-UNNAMED --add-opens=java.base/java.lang=ALL-UNNAMED --add-opens=java.base/sun.nio.fs=ALL-UNNAMED -Declipse.application=org.eclipse.jdt.ls.core.id1 -Dosgi.bundles.defaultStartLevel=4 -Declipse.product=org.eclipse.jdt.ls.core.product -Djava.import.generatesMetadataFilesAtProjectRoot=false -DDetectVMInstallationsJob.disabled=true -Dfile.encoding=utf8 -XX:+UseParallelGC -XX:GCTimeRatio=4 -XX:AdaptiveSizePolicyWeight=90 -Dsun.zip.disableMemoryMapping=true -Xmx2G -Xms100m -Xlog:disable -javaagent:c:\Users\Amen\.vscode\extensions\redhat.java-1.44.0-win32-x64\lombok\lombok-1.18.39-4050.jar -XX:+HeapDumpOnOutOfMemoryError -XX:HeapDumpPath=c:\Users\Amen\AppData\Roaming\Code\User\workspaceStorage\7008674b88c08343105e105653bc181d\redhat.java -Daether.dependencyCollector.impl=bf c:\Users\Amen\.vscode\extensions\redhat.java-1.44.0-win32-x64\server\plugins\org.eclipse.equinox.launcher_1.7.0.v20250519-0528.jar -configuration c:\Users\Amen\AppData\Roaming\Code\User\globalStorage\redhat.java\1.44.0\config_win -data c:\Users\Amen\AppData\Roaming\Code\User\workspaceStorage\7008674b88c08343105e105653bc181d\redhat.java\jdt_ws --pipe=\\.\pipe\lsp-ee3f358003beb5d2cf55e92b0000983a-sock

Host: 13th Gen Intel(R) Core(TM) i5-13500H, 16 cores, 15G,  Windows 11 , 64 bit Build 26100 (10.0.26100.4484)
Time: Wed Aug 13 14:04:04 2025 elapsed time: 28.543096 seconds (0d 0h 0m 28s)

---------------  T H R E A D  ---------------

Current thread (0x00000161e90a3180):  JavaThread "C2 CompilerThread1" daemon [_thread_in_native, id=18372, stack(0x0000002406500000,0x0000002406600000) (1024K)]


Current CompileTask:
C2:28543 7759   !   4       com.google.inject.spi.InjectionPoint::getInjectionPoints (491 bytes)

Stack: [0x0000002406500000,0x0000002406600000],  sp=0x00000024065fca18,  free space=1010k
Native frames: (J=compiled Java code, j=interpreted, Vv=VM code, C=native code)
V  [jvm.dll+0x8c066f]


siginfo: EXCEPTION_ACCESS_VIOLATION (0xc0000005), reading address 0x00007ffad911f558


Registers:
RAX=0x00000024065fca80, RBX=0x00000161f121e748, RCX=0x00007ffc2a21ece0, RDX=0x00007ffc29e91280
RSP=0x00000024065fca18, RBP=0x00000161f09ae720, RSI=0x0000000000000238, RDI=0x0000000000000000
R8 =0xffffffffd5de0110, R9 =0x00007ffc2a220139, R10=0x000000000000001d, R11=0x00007ffc29540000
R12=0x0000000000000008, R13=0x00000000000011c0, R14=0x00000161f09ae720, R15=0x00000161f3cc8168
RIP=0x00007ffc29e0066f, EFLAGS=0x0000000000010293

XMM[0]=0xffff000000000000 0x0000000000000000
XMM[1]=0x722070614d706f6f 0x206c6167656c6c69
XMM[2]=0x203a656d616e2072 0x6574736967657220
XMM[3]=0x00000161ef1f6230 0x00000161f255bda0
XMM[4]=0x00000161f2a1e3c8 0x00000161ea7d65a8
XMM[5]=0x0000000000000000 0x0000000000000000
XMM[6]=0x0000000000000000 0x0000000000000000
XMM[7]=0x0000000000000000 0x0000000000000000
XMM[8]=0x0000000000000000 0x0000000000000000
XMM[9]=0x0000000000000000 0x0000000000000000
XMM[10]=0x0000000000000000 0x0000000000000000
XMM[11]=0x0000000000000000 0x0000000000000000
XMM[12]=0x0000000000000000 0x0000000000000000
XMM[13]=0x0000000000000000 0x0000000000000000
XMM[14]=0x0000000000000000 0x0000000000000000
XMM[15]=0x0000000000000000 0x0000000000000000
  MXCSR=0x00001fa0


Register to memory mapping:

RAX=0x00000024065fca80 is pointing into the stack for thread: 0x00000161e90a3180
RBX=0x00000161f121e748 points into unknown readable memory: 0x00007ffc29f45010 | 10 50 f4 29 fc 7f 00 00
RCX=0x00007ffc2a21ece0 jvm.dll
RDX=0x00007ffc29e91280 jvm.dll
RSP=0x00000024065fca18 is pointing into the stack for thread: 0x00000161e90a3180
RBP=0x00000161f09ae720 points into unknown readable memory: 0x00007ffc29ee9218 | 18 92 ee 29 fc 7f 00 00
RSI=0x0000000000000238 is an unknown value
RDI=0x0 is null
R8 =0xffffffffd5de0110 is an unknown value
R9 =0x00007ffc2a220139 jvm.dll
R10=0x000000000000001d is an unknown value
R11=0x00007ffc29540000 jvm.dll
R12=0x0000000000000008 is an unknown value
R13=0x00000000000011c0 is an unknown value
R14=0x00000161f09ae720 points into unknown readable memory: 0x00007ffc29ee9218 | 18 92 ee 29 fc 7f 00 00
R15=0x00000161f3cc8168 points into unknown readable memory: 0x0000000200000000 | 00 00 00 00 02 00 00 00

Top of Stack: (sp=0x00000024065fca18)
0x00000024065fca18:   00007ffc29685668 00000161f121e748
0x00000024065fca28:   00007ffc29f30e40 00000161f3d2e610
0x00000024065fca38:   00007ffc2a21fef0 00000038fffffdb0
0x00000024065fca48:   00000161f2994b60 00000161f3cc8140
0x00000024065fca58:   0000027d00000030 00000024065fd120
0x00000024065fca68:   0000000000000470 00000161ef5cf798
0x00000024065fca78:   00000000000047c4 00007ffc29fcc3a8
0x00000024065fca88:   0000001e00000000 0000000000000000
0x00000024065fca98:   0000000000000000 0000000000000000
0x00000024065fcaa8:   0000000000000000 00000024065fcac9
0x00000024065fcab8:   000000000000001e 0000000000000030
0x00000024065fcac8:   6c6167656c6c6900 2070614d706f6f20
0x00000024065fcad8:   7265747369676572 00203a656d616e20
0x00000024065fcae8:   00007ffc2960578e 00007ffc2a16f150
0x00000024065fcaf8:   0000000000000014 0000ae43b3360f13
0x00000024065fcb08:   00007ffc296862a0 000000000000027d
0x00000024065fcb18:   00000024065fd120 0000000000000269
0x00000024065fcb28:   00000000ffffffff 00000161f3cc8140
0x00000024065fcb38:   000000000000000c 00000161f0f72708
0x00000024065fcb48:   00007ffc29685a53 00000161f09ae720
0x00000024065fcb58:   00000161f0f72708 00000161f09ae720
0x00000024065fcb68:   00000161f3cc8140 00000161f2994b60
0x00000024065fcb78:   00000161ef43c530 00000024065fe600
0x00000024065fcb88:   0000000000000000 00000161f3c73bc0
0x00000024065fcb98:   00000024065fd680 00000161f23b2ad0
0x00000024065fcba8:   00000161f3cc8140 00000024065fcc79
0x00000024065fcbb8:   00007ffc2968540d 0000000000000002
0x00000024065fcbc8:   00000161f3cc6828 000001610000027d
0x00000024065fcbd8:   00000161f0f72708 00000161ef108290
0x00000024065fcbe8:   00000161f0f72708 0000016100000100
0x00000024065fcbf8:   00000161ef108290 00000161f132df70
0x00000024065fcc08:   00000161000000b9 00000161ef108290 

Instructions: (pc=0x00007ffc29e0066f)
0x00007ffc29e0056f:   ea 08 0f b6 c8 83 e2 0f 03 ca 83 f9 11 0f 95 c0
0x00007ffc29e0057f:   c3 3d 48 79 67 6f 0f 94 c0 c3 b0 01 c3 32 c0 c3
0x00007ffc29e0058f:   cc 40 53 48 83 ec 20 8b 05 78 e4 41 00 bb 01 00
0x00007ffc29e0059f:   00 00 8b cb 3d 47 65 6e 75 74 0e 3d 43 65 6e 74
0x00007ffc29e005af:   74 07 3d 20 20 53 68 75 31 83 3d 51 e4 41 00 0b
0x00007ffc29e005bf:   72 28 8b 05 89 e4 41 00 8b 15 87 e4 41 00 83 e0
0x00007ffc29e005cf:   1f 0b c2 0f b7 c0 85 c0 74 10 0f b7 ca 85 c9 0f
0x00007ffc29e005df:   44 cb 8b c1 48 83 c4 20 5b c3 f7 05 39 e4 41 00
0x00007ffc29e005ef:   00 00 00 10 74 33 83 3d f4 e3 41 00 17 7c 16 0f
0x00007ffc29e005ff:   b6 0d 00 e5 41 00 ff c1 85 c9 0f 44 cb 8b c1 48
0x00007ffc29e0060f:   83 c4 20 5b c3 e8 17 8d ff ff 8b c8 33 d2 0f b6
0x00007ffc29e0061f:   05 02 e4 41 00 f7 f1 8b c8 85 c9 0f 44 cb 8b c1
0x00007ffc29e0062f:   48 83 c4 20 5b c3 cc cc cc cc cc cc cc cc cc cc
0x00007ffc29e0063f:   cc 48 8b c2 4c 8d 0d ef fa 41 00 48 8d 15 9f f8
0x00007ffc29e0064f:   41 00 44 8b c1 44 2b c2 74 23 49 3b c9 73 23 4d
0x00007ffc29e0065f:   63 c0 48 8d 0d 78 e6 41 00 48 8d 15 11 0c 09 00
0x00007ffc29e0066f:   4e 8b 44 c1 f8 48 8b c8 e9 94 3b e1 ff 49 3b c9
0x00007ffc29e0067f:   72 17 46 8d 04 85 dc f6 ff ff 48 8b c8 48 8d 15
0x00007ffc29e0068f:   8d da 21 00 e9 78 3b e1 ff 48 8d 15 89 da 21 00
0x00007ffc29e0069f:   48 8b c8 e9 69 3b e1 ff cc cc cc cc cc cc cc cc
0x00007ffc29e006af:   cc 48 89 5c 24 08 48 89 6c 24 10 48 89 74 24 18
0x00007ffc29e006bf:   48 89 7c 24 20 41 54 41 56 41 57 48 83 ec 20 45
0x00007ffc29e006cf:   33 ff 4c 8d 25 28 f9 73 ff 41 8b ff 4c 8d 35 06
0x00007ffc29e006df:   e6 41 00 41 8b ef 41 8b f7 0f 1f 84 00 00 00 00
0x00007ffc29e006ef:   00 48 63 c7 49 8d 9c 24 91 41 a9 00 48 03 d8 48
0x00007ffc29e006ff:   8b cb e8 3a f0 e5 ff 48 8b cb 49 89 84 f4 e0 ec
0x00007ffc29e0070f:   cd 00 e8 2a f0 e5 ff 49 89 04 f6 83 c5 02 8d 47
0x00007ffc29e0071f:   01 48 83 c6 02 83 f8 0f bf ff ff ff ff 0f 46 f8
0x00007ffc29e0072f:   48 83 fe 20 7c bb 48 63 f5 41 8b ff 48 83 fe 30
0x00007ffc29e0073f:   7d 45 48 63 c7 49 8d 9c 24 a9 41 a9 00 48 03 d8
0x00007ffc29e0074f:   48 8b cb e8 f9 ee e5 ff 48 8b cb 49 89 84 f4 e0
0x00007ffc29e0075f:   ec cd 00 e8 e9 ee e5 ff 49 89 04 f6 83 c5 02 8d 


Stack slot to memory mapping:

stack at sp + 0 slots: 0x00007ffc29685668 jvm.dll
stack at sp + 1 slots: 0x00000161f121e748 points into unknown readable memory: 0x00007ffc29f45010 | 10 50 f4 29 fc 7f 00 00
stack at sp + 2 slots: 0x00007ffc29f30e40 jvm.dll
stack at sp + 3 slots: 0x00000161f3d2e610 points into unknown readable memory: 0x00007ffc29ff5288 | 88 52 ff 29 fc 7f 00 00
stack at sp + 4 slots: 0x00007ffc2a21fef0 jvm.dll
stack at sp + 5 slots: 0x00000038fffffdb0 is an unknown value
stack at sp + 6 slots: 0x00000161f2994b60 points into unknown readable memory: 0x02000000c0430000 | 00 00 43 c0 00 00 00 02
stack at sp + 7 slots: 0x00000161f3cc8140 points into unknown readable memory: 0x00000161f3cc6852 | 52 68 cc f3 61 01 00 00


---------------  P R O C E S S  ---------------

Threads class SMR info:
_java_thread_list=0x00000161f42897c0, length=72, elements={
0x00000161cefe2fb0, 0x00000161e778e820, 0x00000161e8e59e00, 0x00000161e8e5d960,
0x00000161e8e5e5b0, 0x00000161e8e60760, 0x00000161e8e669a0, 0x00000161e8e6e6e0,
0x00000161e8e93620, 0x00000161e8fad8d0, 0x00000161ea5bc460, 0x00000161ef2fdfd0,
0x00000161eab1bc10, 0x00000161ef4e73b0, 0x00000161ef053430, 0x00000161ead04ab0,
0x00000161eaaa23a0, 0x00000161ea9b3070, 0x00000161ef510d80, 0x00000161e8fa2440,
0x00000161ea554090, 0x00000161e90a3180, 0x00000161ef3f20b0, 0x00000161ef3f1a20,
0x00000161ef3f0d00, 0x00000161ef3effe0, 0x00000161effc9630, 0x00000161efef4e00,
0x00000161f0a0e970, 0x00000161ef3f0670, 0x00000161ef3f1390, 0x00000161ef3f2740,
0x00000161ef3f2dd0, 0x00000161ef3ef950, 0x00000161f17be400, 0x00000161f17c0b60,
0x00000161f17c11f0, 0x00000161f17bf7b0, 0x00000161f17c1880, 0x00000161f17bf120,
0x00000161f17c1f10, 0x00000161f17bea90, 0x00000161f17c25a0, 0x00000161f17c2c30,
0x00000161f17c32c0, 0x00000161f17bfe40, 0x00000161f17c3950, 0x00000161f17c04d0,
0x00000161f17c4670, 0x00000161f17c3fe0, 0x00000161f364ba90, 0x00000161f191daa0,
0x00000161f17c4d00, 0x00000161f17c5390, 0x00000161f17c5a20, 0x00000161f0b44720,
0x00000161f22ea390, 0x00000161f22eb0b0, 0x00000161f22ec460, 0x00000161f22e9d00,
0x00000161f22eaa20, 0x00000161f22eb740, 0x00000161f22ebdd0, 0x00000161f22e8fe0,
0x00000161f22ecaf0, 0x00000161f22e9670, 0x00000161f22eebc0, 0x00000161f22ed180,
0x00000161f22eff70, 0x00000161f22f0600, 0x00000161f22ef250, 0x00000161f22ed810
}

Java Threads: ( => current thread )
  0x00000161cefe2fb0 JavaThread "main"                              [_thread_blocked, id=10424, stack(0x0000002404200000,0x0000002404300000) (1024K)]
  0x00000161e778e820 JavaThread "Reference Handler"          daemon [_thread_blocked, id=18004, stack(0x0000002404600000,0x0000002404700000) (1024K)]
  0x00000161e8e59e00 JavaThread "Finalizer"                  daemon [_thread_blocked, id=9168, stack(0x0000002404700000,0x0000002404800000) (1024K)]
  0x00000161e8e5d960 JavaThread "Signal Dispatcher"          daemon [_thread_blocked, id=10512, stack(0x0000002404800000,0x0000002404900000) (1024K)]
  0x00000161e8e5e5b0 JavaThread "Attach Listener"            daemon [_thread_blocked, id=17448, stack(0x0000002404900000,0x0000002404a00000) (1024K)]
  0x00000161e8e60760 JavaThread "Service Thread"             daemon [_thread_blocked, id=16756, stack(0x0000002404a00000,0x0000002404b00000) (1024K)]
  0x00000161e8e669a0 JavaThread "Monitor Deflation Thread"   daemon [_thread_blocked, id=19948, stack(0x0000002404b00000,0x0000002404c00000) (1024K)]
  0x00000161e8e6e6e0 JavaThread "C2 CompilerThread0"         daemon [_thread_in_native, id=9436, stack(0x0000002404c00000,0x0000002404d00000) (1024K)]
  0x00000161e8e93620 JavaThread "C1 CompilerThread0"         daemon [_thread_blocked, id=7964, stack(0x0000002404d00000,0x0000002404e00000) (1024K)]
  0x00000161e8fad8d0 JavaThread "Common-Cleaner"             daemon [_thread_blocked, id=19700, stack(0x0000002404e00000,0x0000002404f00000) (1024K)]
  0x00000161ea5bc460 JavaThread "Notification Thread"        daemon [_thread_blocked, id=14884, stack(0x0000002405300000,0x0000002405400000) (1024K)]
  0x00000161ef2fdfd0 JavaThread "Active Thread: Equinox Container: b3488041-bdbf-413d-b70d-8193cd8050b4"        [_thread_blocked, id=14812, stack(0x0000002405c00000,0x0000002405d00000) (1024K)]
  0x00000161eab1bc10 JavaThread "Refresh Thread: Equinox Container: b3488041-bdbf-413d-b70d-8193cd8050b4" daemon [_thread_blocked, id=15204, stack(0x0000002404f00000,0x0000002405000000) (1024K)]
  0x00000161ef4e73b0 JavaThread "Framework Event Dispatcher: Equinox Container: b3488041-bdbf-413d-b70d-8193cd8050b4" daemon [_thread_blocked, id=15980, stack(0x0000002405000000,0x0000002405100000) (1024K)]
  0x00000161ef053430 JavaThread "Start Level: Equinox Container: b3488041-bdbf-413d-b70d-8193cd8050b4" daemon [_thread_blocked, id=17492, stack(0x0000002405100000,0x0000002405200000) (1024K)]
  0x00000161ead04ab0 JavaThread "Bundle File Closer"         daemon [_thread_blocked, id=1416, stack(0x0000002406100000,0x0000002406200000) (1024K)]
  0x00000161eaaa23a0 JavaThread "C1 CompilerThread1"         daemon [_thread_blocked, id=5456, stack(0x0000002405200000,0x0000002405300000) (1024K)]
  0x00000161ea9b3070 JavaThread "SCR Component Actor"        daemon [_thread_blocked, id=12172, stack(0x0000002405f00000,0x0000002406000000) (1024K)]
  0x00000161ef510d80 JavaThread "SCR Component Registry"     daemon [_thread_blocked, id=15700, stack(0x0000002406000000,0x0000002406100000) (1024K)]
  0x00000161e8fa2440 JavaThread "C1 CompilerThread2"         daemon [_thread_blocked, id=1360, stack(0x0000002406300000,0x0000002406400000) (1024K)]
  0x00000161ea554090 JavaThread "C1 CompilerThread3"         daemon [_thread_blocked, id=7864, stack(0x0000002406400000,0x0000002406500000) (1024K)]
=>0x00000161e90a3180 JavaThread "C2 CompilerThread1"         daemon [_thread_in_native, id=18372, stack(0x0000002406500000,0x0000002406600000) (1024K)]
  0x00000161ef3f20b0 JavaThread "Worker-JM"                         [_thread_blocked, id=1720, stack(0x0000002406600000,0x0000002406700000) (1024K)]
  0x00000161ef3f1a20 JavaThread "JNA Cleaner"                daemon [_thread_blocked, id=14448, stack(0x0000002406800000,0x0000002406900000) (1024K)]
  0x00000161ef3f0d00 JavaThread "Worker-0"                          [_thread_blocked, id=16908, stack(0x0000002406900000,0x0000002406a00000) (1024K)]
  0x00000161ef3effe0 JavaThread "Worker-1"                          [_thread_blocked, id=15216, stack(0x0000002406a00000,0x0000002406b00000) (1024K)]
  0x00000161effc9630 JavaThread "C2 CompilerThread2"         daemon [_thread_in_native, id=3788, stack(0x0000002406b00000,0x0000002406c00000) (1024K)]
  0x00000161efef4e00 JavaThread "C2 CompilerThread3"         daemon [_thread_in_native, id=16488, stack(0x0000002406c00000,0x0000002406d00000) (1024K)]
  0x00000161f0a0e970 JavaThread "C2 CompilerThread4"         daemon [_thread_in_native, id=7100, stack(0x0000002406d00000,0x0000002406e00000) (1024K)]
  0x00000161ef3f0670 JavaThread "Java indexing"              daemon [_thread_blocked, id=15504, stack(0x0000002406e00000,0x0000002406f00000) (1024K)]
  0x00000161ef3f1390 JavaThread "Worker-2"                          [_thread_blocked, id=6956, stack(0x0000002407100000,0x0000002407200000) (1024K)]
  0x00000161ef3f2740 JavaThread "Worker-3: Initialize workspace"        [_thread_blocked, id=1256, stack(0x0000002407200000,0x0000002407300000) (1024K)]
  0x00000161ef3f2dd0 JavaThread "Thread-2"                   daemon [_thread_in_native, id=17924, stack(0x0000002407300000,0x0000002407400000) (1024K)]
  0x00000161ef3ef950 JavaThread "Thread-3"                   daemon [_thread_in_native, id=19220, stack(0x0000002407400000,0x0000002407500000) (1024K)]
  0x00000161f17be400 JavaThread "Thread-4"                   daemon [_thread_in_native, id=18284, stack(0x0000002407500000,0x0000002407600000) (1024K)]
  0x00000161f17c0b60 JavaThread "Thread-5"                   daemon [_thread_in_native, id=18088, stack(0x0000002407600000,0x0000002407700000) (1024K)]
  0x00000161f17c11f0 JavaThread "Thread-6"                   daemon [_thread_in_native, id=6400, stack(0x0000002407700000,0x0000002407800000) (1024K)]
  0x00000161f17bf7b0 JavaThread "Thread-7"                   daemon [_thread_in_native, id=17100, stack(0x0000002407800000,0x0000002407900000) (1024K)]
  0x00000161f17c1880 JavaThread "Thread-8"                   daemon [_thread_in_native, id=18656, stack(0x0000002407900000,0x0000002407a00000) (1024K)]
  0x00000161f17bf120 JavaThread "Thread-9"                   daemon [_thread_in_native, id=19696, stack(0x0000002407a00000,0x0000002407b00000) (1024K)]
  0x00000161f17c1f10 JavaThread "Thread-10"                  daemon [_thread_in_native, id=7736, stack(0x0000002407b00000,0x0000002407c00000) (1024K)]
  0x00000161f17bea90 JavaThread "Thread-11"                  daemon [_thread_in_native, id=17632, stack(0x0000002407c00000,0x0000002407d00000) (1024K)]
  0x00000161f17c25a0 JavaThread "Thread-12"                  daemon [_thread_in_native, id=10784, stack(0x0000002407d00000,0x0000002407e00000) (1024K)]
  0x00000161f17c2c30 JavaThread "Thread-13"                  daemon [_thread_in_native, id=16424, stack(0x0000002407e00000,0x0000002407f00000) (1024K)]
  0x00000161f17c32c0 JavaThread "Thread-14"                  daemon [_thread_in_native, id=10440, stack(0x0000002407f00000,0x0000002408000000) (1024K)]
  0x00000161f17bfe40 JavaThread "Thread-15"                  daemon [_thread_in_native, id=3540, stack(0x0000002408000000,0x0000002408100000) (1024K)]
  0x00000161f17c3950 JavaThread "Thread-16"                  daemon [_thread_in_native, id=6472, stack(0x0000002408100000,0x0000002408200000) (1024K)]
  0x00000161f17c04d0 JavaThread "Thread-17"                  daemon [_thread_in_native, id=11408, stack(0x0000002408200000,0x0000002408300000) (1024K)]
  0x00000161f17c4670 JavaThread "Thread-18"                  daemon [_thread_in_native, id=19652, stack(0x0000002408300000,0x0000002408400000) (1024K)]
  0x00000161f17c3fe0 JavaThread "pool-2-thread-1"                   [_thread_blocked, id=14092, stack(0x0000002408400000,0x0000002408500000) (1024K)]
  0x00000161f364ba90 JavaThread "C2 CompilerThread5"         daemon [_thread_in_native, id=19344, stack(0x0000002408500000,0x0000002408600000) (1024K)]
  0x00000161f191daa0 JavaThread "C2 CompilerThread6"         daemon [_thread_in_native, id=2968, stack(0x0000002408600000,0x0000002408700000) (1024K)]
  0x00000161f17c4d00 JavaThread "WorkspaceEventsHandler"            [_thread_blocked, id=1196, stack(0x0000002408800000,0x0000002408900000) (1024K)]
  0x00000161f17c5390 JavaThread "pool-1-thread-1"                   [_thread_in_Java, id=8344, stack(0x0000002408900000,0x0000002408a00000) (1024K)]
  0x00000161f17c5a20 JavaThread "Worker-4"                          [_thread_blocked, id=6548, stack(0x0000002408a00000,0x0000002408b00000) (1024K)]
  0x00000161f0b44720 JavaThread "C2 CompilerThread7"         daemon [_thread_in_native, id=13188, stack(0x0000002408b00000,0x0000002408c00000) (1024K)]
  0x00000161f22ea390 JavaThread "ForkJoinPool.commonPool-worker-1" daemon [_thread_blocked, id=7372, stack(0x0000002408c00000,0x0000002408d00000) (1024K)]
  0x00000161f22eb0b0 JavaThread "ForkJoinPool.commonPool-worker-2" daemon [_thread_blocked, id=10688, stack(0x0000002408d00000,0x0000002408e00000) (1024K)]
  0x00000161f22ec460 JavaThread "ForkJoinPool.commonPool-worker-3" daemon [_thread_blocked, id=12684, stack(0x0000002408e00000,0x0000002408f00000) (1024K)]
  0x00000161f22e9d00 JavaThread "ForkJoinPool.commonPool-worker-4" daemon [_thread_blocked, id=456, stack(0x0000002408f00000,0x0000002409000000) (1024K)]
  0x00000161f22eaa20 JavaThread "ForkJoinPool.commonPool-worker-5" daemon [_thread_blocked, id=7132, stack(0x0000002409000000,0x0000002409100000) (1024K)]
  0x00000161f22eb740 JavaThread "ForkJoinPool.commonPool-worker-6" daemon [_thread_blocked, id=16832, stack(0x0000002409100000,0x0000002409200000) (1024K)]
  0x00000161f22ebdd0 JavaThread "ForkJoinPool.commonPool-worker-7" daemon [_thread_blocked, id=14464, stack(0x0000002409200000,0x0000002409300000) (1024K)]
  0x00000161f22e8fe0 JavaThread "ForkJoinPool.commonPool-worker-8" daemon [_thread_blocked, id=15680, stack(0x0000002409300000,0x0000002409400000) (1024K)]
  0x00000161f22ecaf0 JavaThread "ForkJoinPool.commonPool-worker-9" daemon [_thread_blocked, id=5076, stack(0x0000002409400000,0x0000002409500000) (1024K)]
  0x00000161f22e9670 JavaThread "ForkJoinPool.commonPool-worker-10" daemon [_thread_blocked, id=13020, stack(0x0000002409500000,0x0000002409600000) (1024K)]
  0x00000161f22eebc0 JavaThread "ForkJoinPool.commonPool-worker-11" daemon [_thread_blocked, id=18308, stack(0x0000002409600000,0x0000002409700000) (1024K)]
  0x00000161f22ed180 JavaThread "ForkJoinPool.commonPool-worker-12" daemon [_thread_blocked, id=10812, stack(0x0000002409700000,0x0000002409800000) (1024K)]
  0x00000161f22eff70 JavaThread "ForkJoinPool.commonPool-worker-13" daemon [_thread_blocked, id=1452, stack(0x0000002409800000,0x0000002409900000) (1024K)]
  0x00000161f22f0600 JavaThread "ForkJoinPool.commonPool-worker-14" daemon [_thread_blocked, id=16780, stack(0x0000002409900000,0x0000002409a00000) (1024K)]
  0x00000161f22ef250 JavaThread "ForkJoinPool.commonPool-worker-15" daemon [_thread_blocked, id=3052, stack(0x0000002409a00000,0x0000002409b00000) (1024K)]
  0x00000161f22ed810 JavaThread "Keep-Alive-Timer"           daemon [_thread_blocked, id=7556, stack(0x0000002409b00000,0x0000002409c00000) (1024K)]
Total: 72

Other Threads:
  0x00000161ceb41e70 VMThread "VM Thread"                           [id=14644, stack(0x0000002404500000,0x0000002404600000) (1024K)]
  0x00000161e766c8d0 WatcherThread "VM Periodic Task Thread"        [id=17720, stack(0x0000002404400000,0x0000002404500000) (1024K)]
  0x00000161ceb41730 WorkerThread "GC Thread#0"                     [id=3296, stack(0x0000002404300000,0x0000002404400000) (1024K)]
  0x00000161ceb42210 WorkerThread "GC Thread#1"                     [id=9056, stack(0x0000002405500000,0x0000002405600000) (1024K)]
  0x00000161ceb42950 WorkerThread "GC Thread#2"                     [id=9632, stack(0x0000002405600000,0x0000002405700000) (1024K)]
  0x00000161ea836900 WorkerThread "GC Thread#3"                     [id=19036, stack(0x0000002405700000,0x0000002405800000) (1024K)]
  0x00000161ea836560 WorkerThread "GC Thread#4"                     [id=20424, stack(0x0000002405800000,0x0000002405900000) (1024K)]
  0x00000161ea833640 WorkerThread "GC Thread#5"                     [id=5712, stack(0x0000002405900000,0x0000002405a00000) (1024K)]
  0x00000161ea834120 WorkerThread "GC Thread#6"                     [id=4852, stack(0x0000002405a00000,0x0000002405b00000) (1024K)]
  0x00000161ea8344c0 WorkerThread "GC Thread#7"                     [id=3924, stack(0x0000002405d00000,0x0000002405e00000) (1024K)]
  0x00000161ea836ca0 WorkerThread "GC Thread#8"                     [id=19156, stack(0x0000002405400000,0x0000002405500000) (1024K)]
  0x00000161ea835a80 WorkerThread "GC Thread#9"                     [id=376, stack(0x0000002405b00000,0x0000002405c00000) (1024K)]
  0x00000161ea8332a0 WorkerThread "GC Thread#10"                    [id=18820, stack(0x0000002405e00000,0x0000002405f00000) (1024K)]
  0x00000161ea8339e0 WorkerThread "GC Thread#11"                    [id=18552, stack(0x0000002406200000,0x0000002406300000) (1024K)]
  0x00000161ea833d80 WorkerThread "GC Thread#12"                    [id=17184, stack(0x0000002406700000,0x0000002406800000) (1024K)]
Total: 15

Threads with active compile tasks:
C2 CompilerThread0  28582 8315       4       org.eclipse.jdt.internal.core.JrtPackageFragmentRoot$1::visitFile (26 bytes)
C2 CompilerThread1  28582 7759   !   4       com.google.inject.spi.InjectionPoint::getInjectionPoints (491 bytes)
C2 CompilerThread2  28582 8392       4       java.util.HashMap::putVal (300 bytes)
C2 CompilerThread3  28582 8314       4       org.eclipse.jdt.internal.core.JrtPackageFragmentRoot$1::visitFile (14 bytes)
C2 CompilerThread4  28582 8327       4       jdk.internal.jrtfs.JrtPath::getName (6 bytes)
C2 CompilerThread5  28582 8328       4       jdk.internal.jrtfs.JrtPath::getName (116 bytes)
C2 CompilerThread6  28582 8313       4       org.eclipse.jdt.internal.compiler.util.JrtFileSystem$2::visitFile (72 bytes)
C2 CompilerThread7  28582 8333       4       org.eclipse.jdt.internal.core.JarPackageFragmentRoot::initRawPackageInfo (292 bytes)
Total: 8

VM state: not at safepoint (normal execution)

VM Mutex/Monitor currently owned by a thread: None

Heap address: 0x0000000080000000, size: 2048 MB, Compressed Oops mode: 32-bit

CDS archive(s) mapped at: [0x0000016180000000-0x0000016180ba0000-0x0000016180ba0000), size 12189696, SharedBaseAddress: 0x0000016180000000, ArchiveRelocationMode: 1.
Compressed class space mapped at: 0x0000016181000000-0x00000161c1000000, reserved size: 1073741824
Narrow klass base: 0x0000016180000000, Narrow klass shift: 0, Narrow klass range: 0x100000000

GC Precious Log:
 CardTable entry size: 512
 CPUs: 16 total, 16 available
 Memory: 16013M
 Large Page Support: Disabled
 NUMA Support: Disabled
 Compressed Oops: Enabled (32-bit)
 Alignments: Space 512K, Generation 512K, Heap 2M
 Heap Min Capacity: 100M
 Heap Initial Capacity: 100M
 Heap Max Capacity: 2G
 Pre-touch: Disabled
 Parallel Workers: 13

Heap:
 PSYoungGen      total 16896K, used 9058K [0x00000000d5580000, 0x00000000d6800000, 0x0000000100000000)
  eden space 13312K, 56% used [0x00000000d5580000,0x00000000d5cd8818,0x00000000d6280000)
  from space 3584K, 42% used [0x00000000d6280000,0x00000000d6400000,0x00000000d6600000)
  to   space 2048K, 0% used [0x00000000d6600000,0x00000000d6600000,0x00000000d6800000)
 ParOldGen       total 68608K, used 46957K [0x0000000080000000, 0x0000000084300000, 0x00000000d5580000)
  object space 68608K, 68% used [0x0000000080000000,0x0000000082ddb5a0,0x0000000084300000)
 Metaspace       used 53995K, committed 55296K, reserved 1114112K
  class space    used 5896K, committed 6400K, reserved 1048576K

Card table byte_map: [0x00000161e2ad0000,0x00000161e2ee0000] _byte_map_base: 0x00000161e26d0000

Marking Bits: (ParMarkBitMap*) 0x00007ffc2a1fa340
 Begin Bits: [0x00000161e3190000, 0x00000161e5190000)
 End Bits:   [0x00000161e5190000, 0x00000161e7190000)

Polling page: 0x00000161cecf0000

Metaspace:

Usage:
  Non-class:     46.97 MB used.
      Class:      5.76 MB used.
       Both:     52.73 MB used.

Virtual space:
  Non-class space:       64.00 MB reserved,      47.75 MB ( 75%) committed,  1 nodes.
      Class space:        1.00 GB reserved,       6.25 MB ( <1%) committed,  1 nodes.
             Both:        1.06 GB reserved,      54.00 MB (  5%) committed. 

Chunk freelists:
   Non-Class:  16.00 MB
       Class:  9.72 MB
        Both:  25.72 MB

MaxMetaspaceSize: unlimited
CompressedClassSpaceSize: 1.00 GB
Initial GC threshold: 21.00 MB
Current GC threshold: 58.38 MB
CDS: on
 - commit_granule_bytes: 65536.
 - commit_granule_words: 8192.
 - virtual_space_node_default_size: 8388608.
 - enlarge_chunks_in_place: 1.
 - use_allocation_guard: 0.


Internal statistics:

num_allocs_failed_limit: 6.
num_arena_births: 1022.
num_arena_deaths: 14.
num_vsnodes_births: 2.
num_vsnodes_deaths: 0.
num_space_committed: 864.
num_space_uncommitted: 0.
num_chunks_returned_to_freelist: 20.
num_chunks_taken_from_freelist: 3267.
num_chunk_merges: 7.
num_chunk_splits: 2039.
num_chunks_enlarged: 1198.
num_inconsistent_stats: 0.

CodeHeap 'non-profiled nmethods': size=119168Kb used=4421Kb max_used=4421Kb free=114746Kb
 bounds [0x00000161db490000, 0x00000161db8f0000, 0x00000161e28f0000]
CodeHeap 'profiled nmethods': size=119104Kb used=16615Kb max_used=16615Kb free=102488Kb
 bounds [0x00000161d38f0000, 0x00000161d4930000, 0x00000161dad40000]
CodeHeap 'non-nmethods': size=7488Kb used=3154Kb max_used=3184Kb free=4333Kb
 bounds [0x00000161dad40000, 0x00000161db060000, 0x00000161db490000]
CodeCache: size=245760Kb, used=24190Kb, max_used=24220Kb, free=221567Kb
 total_blobs=8505, nmethods=7779, adapters=627, full_count=0
Compilation: enabled, stopped_count=0, restarted_count=0

Compilation events (20 events):
Event: 28.515 Thread 0x00000161f0a0e970 8347       4       org.eclipse.jdt.internal.core.util.WeakHashSet::add (105 bytes)
Event: 28.517 Thread 0x00000161f364ba90 nmethod 8278 0x00000161db8d2710 code [0x00000161db8d2ae0, 0x00000161db8d4b98]
Event: 28.518 Thread 0x00000161eaaa23a0 8375       3       org.eclipse.jdt.internal.core.JavaElement::hashCode (28 bytes)
Event: 28.518 Thread 0x00000161e8fa2440 8376       3       org.eclipse.jdt.internal.core.util.MementoTokenizer::escape (195 bytes)
Event: 28.518 Thread 0x00000161e8e93620 8377       1       org.eclipse.jdt.internal.core.JarPackageFragmentRoot::isArchive (2 bytes)
Event: 28.518 Thread 0x00000161e8e93620 nmethod 8377 0x00000161db8d6310 code [0x00000161db8d64a0, 0x00000161db8d6568]
Event: 28.518 Thread 0x00000161eaaa23a0 nmethod 8375 0x00000161d4912b10 code [0x00000161d4912cc0, 0x00000161d4912f08]
Event: 28.521 Thread 0x00000161e8fa2440 nmethod 8376 0x00000161d4912f90 code [0x00000161d49131e0, 0x00000161d4913c78]
Event: 28.522 Thread 0x00000161e8fa2440 8378       2       java.util.TimSort::sort (229 bytes)
Event: 28.522 Thread 0x00000161f364ba90 8369       4       java.util.ImmutableCollections$AbstractImmutableList::hashCode (36 bytes)
Event: 28.523 Thread 0x00000161e8fa2440 nmethod 8378 0x00000161d4914110 code [0x00000161d4914340, 0x00000161d4914830]
Event: 28.527 Thread 0x00000161effc9630 nmethod 8329 0x00000161db8d6610 code [0x00000161db8d69e0, 0x00000161db8d8948]
Event: 28.527 Thread 0x00000161ea554090 nmethod 8361 0x00000161d4914c10 code [0x00000161d4915be0, 0x00000161d4920938]
Event: 28.532 Thread 0x00000161effc9630 8346       4       org.eclipse.jdt.internal.core.util.WeakHashSet::addValue (99 bytes)
Event: 28.532 Thread 0x00000161e8fa2440 8379       3       java.util.ArrayList::equalsRange (85 bytes)
Event: 28.533 Thread 0x00000161e8fa2440 nmethod 8379 0x00000161d4922c90 code [0x00000161d4922ee0, 0x00000161d49237d0]
Event: 28.534 Thread 0x00000161f364ba90 nmethod 8369 0x00000161db8da010 code [0x00000161db8da1e0, 0x00000161db8da5d0]
Event: 28.534 Thread 0x00000161e8fa2440 8380       3       java.util.TimSort::mergeCollapse (134 bytes)
Event: 28.534 Thread 0x00000161f364ba90 8348       4       org.eclipse.jdt.internal.core.util.WeakHashSet::cleanupGarbageCollectedValues (144 bytes)
Event: 28.535 Thread 0x00000161e8fa2440 nmethod 8380 0x00000161d4923a90 code [0x00000161d4923c80, 0x00000161d4924150]

GC Heap History (20 events):
Event: 27.577 GC heap before
{Heap before GC invocations=22 (full 2):
 PSYoungGen      total 14848K, used 13968K [0x00000000d5580000, 0x00000000d6b80000, 0x0000000100000000)
  eden space 13312K, 100% used [0x00000000d5580000,0x00000000d6280000,0x00000000d6280000)
  from space 1536K, 42% used [0x00000000d6900000,0x00000000d69a4030,0x00000000d6a80000)
  to   space 1024K, 0% used [0x00000000d6a80000,0x00000000d6a80000,0x00000000d6b80000)
 ParOldGen       total 68608K, used 32927K [0x0000000080000000, 0x0000000084300000, 0x00000000d5580000)
  object space 68608K, 47% used [0x0000000080000000,0x0000000082027de8,0x0000000084300000)
 Metaspace       used 47216K, committed 48448K, reserved 1114112K
  class space    used 5103K, committed 5632K, reserved 1048576K
}
Event: 27.578 GC heap after
{Heap after GC invocations=22 (full 2):
 PSYoungGen      total 14336K, used 896K [0x00000000d5580000, 0x00000000d6b80000, 0x0000000100000000)
  eden space 13312K, 0% used [0x00000000d5580000,0x00000000d5580000,0x00000000d6280000)
  from space 1024K, 87% used [0x00000000d6a80000,0x00000000d6b60000,0x00000000d6b80000)
  to   space 1024K, 0% used [0x00000000d6980000,0x00000000d6980000,0x00000000d6a80000)
 ParOldGen       total 68608K, used 33375K [0x0000000080000000, 0x0000000084300000, 0x00000000d5580000)
  object space 68608K, 48% used [0x0000000080000000,0x0000000082097e40,0x0000000084300000)
 Metaspace       used 47216K, committed 48448K, reserved 1114112K
  class space    used 5103K, committed 5632K, reserved 1048576K
}
Event: 27.712 GC heap before
{Heap before GC invocations=23 (full 2):
 PSYoungGen      total 14336K, used 13889K [0x00000000d5580000, 0x00000000d6b80000, 0x0000000100000000)
  eden space 13312K, 97% used [0x00000000d5580000,0x00000000d62305b8,0x00000000d6280000)
  from space 1024K, 87% used [0x00000000d6a80000,0x00000000d6b60000,0x00000000d6b80000)
  to   space 1024K, 0% used [0x00000000d6980000,0x00000000d6980000,0x00000000d6a80000)
 ParOldGen       total 68608K, used 33375K [0x0000000080000000, 0x0000000084300000, 0x00000000d5580000)
  object space 68608K, 48% used [0x0000000080000000,0x0000000082097e40,0x0000000084300000)
 Metaspace       used 48859K, committed 50048K, reserved 1114112K
  class space    used 5303K, committed 5824K, reserved 1048576K
}
Event: 27.713 GC heap after
{Heap after GC invocations=23 (full 2):
 PSYoungGen      total 14336K, used 1024K [0x00000000d5580000, 0x00000000d6b00000, 0x0000000100000000)
  eden space 13312K, 0% used [0x00000000d5580000,0x00000000d5580000,0x00000000d6280000)
  from space 1024K, 100% used [0x00000000d6980000,0x00000000d6a80000,0x00000000d6a80000)
  to   space 512K, 0% used [0x00000000d6a80000,0x00000000d6a80000,0x00000000d6b00000)
 ParOldGen       total 68608K, used 33982K [0x0000000080000000, 0x0000000084300000, 0x00000000d5580000)
  object space 68608K, 49% used [0x0000000080000000,0x000000008212fb40,0x0000000084300000)
 Metaspace       used 48859K, committed 50048K, reserved 1114112K
  class space    used 5303K, committed 5824K, reserved 1048576K
}
Event: 27.863 GC heap before
{Heap before GC invocations=24 (full 2):
 PSYoungGen      total 14336K, used 14336K [0x00000000d5580000, 0x00000000d6b00000, 0x0000000100000000)
  eden space 13312K, 100% used [0x00000000d5580000,0x00000000d6280000,0x00000000d6280000)
  from space 1024K, 100% used [0x00000000d6980000,0x00000000d6a80000,0x00000000d6a80000)
  to   space 512K, 0% used [0x00000000d6a80000,0x00000000d6a80000,0x00000000d6b00000)
 ParOldGen       total 68608K, used 33982K [0x0000000080000000, 0x0000000084300000, 0x00000000d5580000)
  object space 68608K, 49% used [0x0000000080000000,0x000000008212fb40,0x0000000084300000)
 Metaspace       used 50219K, committed 51392K, reserved 1114112K
  class space    used 5490K, committed 6016K, reserved 1048576K
}
Event: 27.866 GC heap after
{Heap after GC invocations=24 (full 2):
 PSYoungGen      total 13824K, used 499K [0x00000000d5580000, 0x00000000d6b00000, 0x0000000100000000)
  eden space 13312K, 0% used [0x00000000d5580000,0x00000000d5580000,0x00000000d6280000)
  from space 512K, 97% used [0x00000000d6a80000,0x00000000d6afcc58,0x00000000d6b00000)
  to   space 4096K, 0% used [0x00000000d6300000,0x00000000d6300000,0x00000000d6700000)
 ParOldGen       total 68608K, used 36816K [0x0000000080000000, 0x0000000084300000, 0x00000000d5580000)
  object space 68608K, 53% used [0x0000000080000000,0x00000000823f42a0,0x0000000084300000)
 Metaspace       used 50219K, committed 51392K, reserved 1114112K
  class space    used 5490K, committed 6016K, reserved 1048576K
}
Event: 28.024 GC heap before
{Heap before GC invocations=25 (full 2):
 PSYoungGen      total 13824K, used 13811K [0x00000000d5580000, 0x00000000d6b00000, 0x0000000100000000)
  eden space 13312K, 100% used [0x00000000d5580000,0x00000000d6280000,0x00000000d6280000)
  from space 512K, 97% used [0x00000000d6a80000,0x00000000d6afcc58,0x00000000d6b00000)
  to   space 4096K, 0% used [0x00000000d6300000,0x00000000d6300000,0x00000000d6700000)
 ParOldGen       total 68608K, used 36816K [0x0000000080000000, 0x0000000084300000, 0x00000000d5580000)
  object space 68608K, 53% used [0x0000000080000000,0x00000000823f42a0,0x0000000084300000)
 Metaspace       used 51635K, committed 52800K, reserved 1114112K
  class space    used 5660K, committed 6144K, reserved 1048576K
}
Event: 28.025 GC heap after
{Heap after GC invocations=25 (full 2):
 PSYoungGen      total 17408K, used 1120K [0x00000000d5580000, 0x00000000d6b00000, 0x0000000100000000)
  eden space 13312K, 0% used [0x00000000d5580000,0x00000000d5580000,0x00000000d6280000)
  from space 4096K, 27% used [0x00000000d6300000,0x00000000d6418010,0x00000000d6700000)
  to   space 2048K, 0% used [0x00000000d6900000,0x00000000d6900000,0x00000000d6b00000)
 ParOldGen       total 68608K, used 37184K [0x0000000080000000, 0x0000000084300000, 0x00000000d5580000)
  object space 68608K, 54% used [0x0000000080000000,0x00000000824502a0,0x0000000084300000)
 Metaspace       used 51635K, committed 52800K, reserved 1114112K
  class space    used 5660K, committed 6144K, reserved 1048576K
}
Event: 28.111 GC heap before
{Heap before GC invocations=26 (full 2):
 PSYoungGen      total 17408K, used 14432K [0x00000000d5580000, 0x00000000d6b00000, 0x0000000100000000)
  eden space 13312K, 100% used [0x00000000d5580000,0x00000000d6280000,0x00000000d6280000)
  from space 4096K, 27% used [0x00000000d6300000,0x00000000d6418010,0x00000000d6700000)
  to   space 2048K, 0% used [0x00000000d6900000,0x00000000d6900000,0x00000000d6b00000)
 ParOldGen       total 68608K, used 37184K [0x0000000080000000, 0x0000000084300000, 0x00000000d5580000)
  object space 68608K, 54% used [0x0000000080000000,0x00000000824502a0,0x0000000084300000)
 Metaspace       used 51887K, committed 53120K, reserved 1114112K
  class space    used 5696K, committed 6208K, reserved 1048576K
}
Event: 28.112 GC heap after
{Heap after GC invocations=26 (full 2):
 PSYoungGen      total 14336K, used 672K [0x00000000d5580000, 0x00000000d6a00000, 0x0000000100000000)
  eden space 13312K, 0% used [0x00000000d5580000,0x00000000d5580000,0x00000000d6280000)
  from space 1024K, 65% used [0x00000000d6900000,0x00000000d69a8000,0x00000000d6a00000)
  to   space 1024K, 0% used [0x00000000d6800000,0x00000000d6800000,0x00000000d6900000)
 ParOldGen       total 68608K, used 38062K [0x0000000080000000, 0x0000000084300000, 0x00000000d5580000)
  object space 68608K, 55% used [0x0000000080000000,0x000000008252bab0,0x0000000084300000)
 Metaspace       used 51887K, committed 53120K, reserved 1114112K
  class space    used 5696K, committed 6208K, reserved 1048576K
}
Event: 28.324 GC heap before
{Heap before GC invocations=27 (full 2):
 PSYoungGen      total 14336K, used 13983K [0x00000000d5580000, 0x00000000d6a00000, 0x0000000100000000)
  eden space 13312K, 99% used [0x00000000d5580000,0x00000000d627fff0,0x00000000d6280000)
  from space 1024K, 65% used [0x00000000d6900000,0x00000000d69a8000,0x00000000d6a00000)
  to   space 1024K, 0% used [0x00000000d6800000,0x00000000d6800000,0x00000000d6900000)
 ParOldGen       total 68608K, used 38062K [0x0000000080000000, 0x0000000084300000, 0x00000000d5580000)
  object space 68608K, 55% used [0x0000000080000000,0x000000008252bab0,0x0000000084300000)
 Metaspace       used 53513K, committed 54784K, reserved 1114112K
  class space    used 5838K, committed 6336K, reserved 1048576K
}
Event: 28.326 GC heap after
{Heap after GC invocations=27 (full 2):
 PSYoungGen      total 14336K, used 1000K [0x00000000d5580000, 0x00000000d6980000, 0x0000000100000000)
  eden space 13312K, 0% used [0x00000000d5580000,0x00000000d5580000,0x00000000d6280000)
  from space 1024K, 97% used [0x00000000d6800000,0x00000000d68fa1d8,0x00000000d6900000)
  to   space 512K, 0% used [0x00000000d6900000,0x00000000d6900000,0x00000000d6980000)
 ParOldGen       total 68608K, used 38654K [0x0000000080000000, 0x0000000084300000, 0x00000000d5580000)
  object space 68608K, 56% used [0x0000000080000000,0x00000000825bfac0,0x0000000084300000)
 Metaspace       used 53513K, committed 54784K, reserved 1114112K
  class space    used 5838K, committed 6336K, reserved 1048576K
}
Event: 28.389 GC heap before
{Heap before GC invocations=28 (full 2):
 PSYoungGen      total 14336K, used 14312K [0x00000000d5580000, 0x00000000d6980000, 0x0000000100000000)
  eden space 13312K, 100% used [0x00000000d5580000,0x00000000d6280000,0x00000000d6280000)
  from space 1024K, 97% used [0x00000000d6800000,0x00000000d68fa1d8,0x00000000d6900000)
  to   space 512K, 0% used [0x00000000d6900000,0x00000000d6900000,0x00000000d6980000)
 ParOldGen       total 68608K, used 38654K [0x0000000080000000, 0x0000000084300000, 0x00000000d5580000)
  object space 68608K, 56% used [0x0000000080000000,0x00000000825bfac0,0x0000000084300000)
 Metaspace       used 53620K, committed 54848K, reserved 1114112K
  class space    used 5843K, committed 6336K, reserved 1048576K
}
Event: 28.391 GC heap after
{Heap after GC invocations=28 (full 2):
 PSYoungGen      total 13824K, used 480K [0x00000000d5580000, 0x00000000d6980000, 0x0000000100000000)
  eden space 13312K, 0% used [0x00000000d5580000,0x00000000d5580000,0x00000000d6280000)
  from space 512K, 93% used [0x00000000d6900000,0x00000000d6978010,0x00000000d6980000)
  to   space 2560K, 0% used [0x00000000d6480000,0x00000000d6480000,0x00000000d6700000)
 ParOldGen       total 68608K, used 40496K [0x0000000080000000, 0x0000000084300000, 0x00000000d5580000)
  object space 68608K, 59% used [0x0000000080000000,0x000000008278c3b0,0x0000000084300000)
 Metaspace       used 53620K, committed 54848K, reserved 1114112K
  class space    used 5843K, committed 6336K, reserved 1048576K
}
Event: 28.448 GC heap before
{Heap before GC invocations=29 (full 2):
 PSYoungGen      total 13824K, used 13792K [0x00000000d5580000, 0x00000000d6980000, 0x0000000100000000)
  eden space 13312K, 100% used [0x00000000d5580000,0x00000000d6280000,0x00000000d6280000)
  from space 512K, 93% used [0x00000000d6900000,0x00000000d6978010,0x00000000d6980000)
  to   space 2560K, 0% used [0x00000000d6480000,0x00000000d6480000,0x00000000d6700000)
 ParOldGen       total 68608K, used 40496K [0x0000000080000000, 0x0000000084300000, 0x00000000d5580000)
  object space 68608K, 59% used [0x0000000080000000,0x000000008278c3b0,0x0000000084300000)
 Metaspace       used 53806K, committed 55040K, reserved 1114112K
  class space    used 5871K, committed 6336K, reserved 1048576K
}
Event: 28.450 GC heap after
{Heap after GC invocations=29 (full 2):
 PSYoungGen      total 15872K, used 1777K [0x00000000d5580000, 0x00000000d6980000, 0x0000000100000000)
  eden space 13312K, 0% used [0x00000000d5580000,0x00000000d5580000,0x00000000d6280000)
  from space 2560K, 69% used [0x00000000d6480000,0x00000000d663c410,0x00000000d6700000)
  to   space 2048K, 0% used [0x00000000d6780000,0x00000000d6780000,0x00000000d6980000)
 ParOldGen       total 68608K, used 40960K [0x0000000080000000, 0x0000000084300000, 0x00000000d5580000)
  object space 68608K, 59% used [0x0000000080000000,0x00000000828003b0,0x0000000084300000)
 Metaspace       used 53806K, committed 55040K, reserved 1114112K
  class space    used 5871K, committed 6336K, reserved 1048576K
}
Event: 28.485 GC heap before
{Heap before GC invocations=30 (full 2):
 PSYoungGen      total 15872K, used 15089K [0x00000000d5580000, 0x00000000d6980000, 0x0000000100000000)
  eden space 13312K, 100% used [0x00000000d5580000,0x00000000d6280000,0x00000000d6280000)
  from space 2560K, 69% used [0x00000000d6480000,0x00000000d663c410,0x00000000d6700000)
  to   space 2048K, 0% used [0x00000000d6780000,0x00000000d6780000,0x00000000d6980000)
 ParOldGen       total 68608K, used 40960K [0x0000000080000000, 0x0000000084300000, 0x00000000d5580000)
  object space 68608K, 59% used [0x0000000080000000,0x00000000828003b0,0x0000000084300000)
 Metaspace       used 53970K, committed 55232K, reserved 1114112K
  class space    used 5896K, committed 6400K, reserved 1048576K
}
Event: 28.487 GC heap after
{Heap after GC invocations=30 (full 2):
 PSYoungGen      total 15360K, used 1632K [0x00000000d5580000, 0x00000000d6980000, 0x0000000100000000)
  eden space 13312K, 0% used [0x00000000d5580000,0x00000000d5580000,0x00000000d6280000)
  from space 2048K, 79% used [0x00000000d6780000,0x00000000d6918020,0x00000000d6980000)
  to   space 2048K, 0% used [0x00000000d6580000,0x00000000d6580000,0x00000000d6780000)
 ParOldGen       total 68608K, used 42489K [0x0000000080000000, 0x0000000084300000, 0x00000000d5580000)
  object space 68608K, 61% used [0x0000000080000000,0x000000008297e7b0,0x0000000084300000)
 Metaspace       used 53970K, committed 55232K, reserved 1114112K
  class space    used 5896K, committed 6400K, reserved 1048576K
}
Event: 28.519 GC heap before
{Heap before GC invocations=31 (full 2):
 PSYoungGen      total 15360K, used 14944K [0x00000000d5580000, 0x00000000d6980000, 0x0000000100000000)
  eden space 13312K, 100% used [0x00000000d5580000,0x00000000d6280000,0x00000000d6280000)
  from space 2048K, 79% used [0x00000000d6780000,0x00000000d6918020,0x00000000d6980000)
  to   space 2048K, 0% used [0x00000000d6580000,0x00000000d6580000,0x00000000d6780000)
 ParOldGen       total 68608K, used 42489K [0x0000000080000000, 0x0000000084300000, 0x00000000d5580000)
  object space 68608K, 61% used [0x0000000080000000,0x000000008297e7b0,0x0000000084300000)
 Metaspace       used 53988K, committed 55232K, reserved 1114112K
  class space    used 5896K, committed 6400K, reserved 1048576K
}
Event: 28.521 GC heap after
{Heap after GC invocations=31 (full 2):
 PSYoungGen      total 15360K, used 1762K [0x00000000d5580000, 0x00000000d6800000, 0x0000000100000000)
  eden space 13312K, 0% used [0x00000000d5580000,0x00000000d5580000,0x00000000d6280000)
  from space 2048K, 86% used [0x00000000d6580000,0x00000000d6738800,0x00000000d6780000)
  to   space 512K, 0% used [0x00000000d6780000,0x00000000d6780000,0x00000000d6800000)
 ParOldGen       total 68608K, used 43957K [0x0000000080000000, 0x0000000084300000, 0x00000000d5580000)
  object space 68608K, 64% used [0x0000000080000000,0x0000000082aed4a0,0x0000000084300000)
 Metaspace       used 53988K, committed 55232K, reserved 1114112K
  class space    used 5896K, committed 6400K, reserved 1048576K
}

Dll operation events (12 events):
Event: 0.008 Loaded shared library c:\Users\Amen\.vscode\extensions\redhat.java-1.44.0-win32-x64\jre\21.0.8-win32-x86_64\bin\java.dll
Event: 0.074 Loaded shared library c:\Users\Amen\.vscode\extensions\redhat.java-1.44.0-win32-x64\jre\21.0.8-win32-x86_64\bin\zip.dll
Event: 0.092 Loaded shared library C:\Users\Amen\.vscode\extensions\redhat.java-1.44.0-win32-x64\jre\21.0.8-win32-x86_64\bin\instrument.dll
Event: 0.097 Loaded shared library C:\Users\Amen\.vscode\extensions\redhat.java-1.44.0-win32-x64\jre\21.0.8-win32-x86_64\bin\net.dll
Event: 0.099 Loaded shared library C:\Users\Amen\.vscode\extensions\redhat.java-1.44.0-win32-x64\jre\21.0.8-win32-x86_64\bin\nio.dll
Event: 0.101 Loaded shared library C:\Users\Amen\.vscode\extensions\redhat.java-1.44.0-win32-x64\jre\21.0.8-win32-x86_64\bin\zip.dll
Event: 0.116 Loaded shared library C:\Users\Amen\.vscode\extensions\redhat.java-1.44.0-win32-x64\jre\21.0.8-win32-x86_64\bin\jimage.dll
Event: 0.182 Loaded shared library c:\Users\Amen\.vscode\extensions\redhat.java-1.44.0-win32-x64\jre\21.0.8-win32-x86_64\bin\verify.dll
Event: 9.980 Loaded shared library C:\Users\Amen\AppData\Roaming\Code\User\globalStorage\redhat.java\1.44.0\config_win\org.eclipse.equinox.launcher\org.eclipse.equinox.launcher.win32.win32.x86_64_1.2.1400.v20250730-1736\eclipse_11913.dll
Event: 24.924 Loaded shared library C:\Users\Amen\AppData\Local\Temp\jna-2044405\jna5346232195699410951.dll
Event: 26.461 Loaded shared library C:\Users\Amen\.vscode\extensions\redhat.java-1.44.0-win32-x64\jre\21.0.8-win32-x86_64\bin\sunmscapi.dll
Event: 26.508 Loaded shared library C:\Users\Amen\.vscode\extensions\redhat.java-1.44.0-win32-x64\jre\21.0.8-win32-x86_64\bin\extnet.dll

Deoptimization events (20 events):
Event: 28.421 Thread 0x00000161f17c5390 Uncommon trap: trap_request=0xffffff76 fr.pc=0x00000161db8af8ec relative=0x000000000000044c
Event: 28.421 Thread 0x00000161f17c5390 Uncommon trap: reason=predicate action=maybe_recompile pc=0x00000161db8af8ec method=java.util.ArrayList.equalsRange(Ljava/util/List;II)Z @ 31 c2
Event: 28.421 Thread 0x00000161f17c5390 DEOPT PACKING pc=0x00000161db8af8ec sp=0x00000024089fcf00
Event: 28.421 Thread 0x00000161f17c5390 DEOPT UNPACKING pc=0x00000161dad93aa2 sp=0x00000024089fce88 mode 2
Event: 28.442 Thread 0x00000161f17c5390 Uncommon trap: trap_request=0xffffffc6 fr.pc=0x00000161db567728 relative=0x00000000000006c8
Event: 28.442 Thread 0x00000161f17c5390 Uncommon trap: reason=bimorphic_or_optimized_type_check action=maybe_recompile pc=0x00000161db567728 method=java.util.HashMap.putVal(ILjava/lang/Object;Ljava/lang/Object;ZZ)Ljava/lang/Object; @ 253 c2
Event: 28.442 Thread 0x00000161f17c5390 DEOPT PACKING pc=0x00000161db567728 sp=0x00000024089fd0c0
Event: 28.442 Thread 0x00000161f17c5390 DEOPT UNPACKING pc=0x00000161dad93aa2 sp=0x00000024089fd030 mode 2
Event: 28.504 Thread 0x00000161f17c5390 Uncommon trap: trap_request=0xffffffc6 fr.pc=0x00000161db567728 relative=0x00000000000006c8
Event: 28.504 Thread 0x00000161f17c5390 Uncommon trap: reason=bimorphic_or_optimized_type_check action=maybe_recompile pc=0x00000161db567728 method=java.util.HashMap.putVal(ILjava/lang/Object;Ljava/lang/Object;ZZ)Ljava/lang/Object; @ 253 c2
Event: 28.504 Thread 0x00000161f17c5390 DEOPT PACKING pc=0x00000161db567728 sp=0x00000024089fd0c0
Event: 28.504 Thread 0x00000161f17c5390 DEOPT UNPACKING pc=0x00000161dad93aa2 sp=0x00000024089fd030 mode 2
Event: 28.509 Thread 0x00000161f17c5390 Uncommon trap: trap_request=0xffffff76 fr.pc=0x00000161db8a1904 relative=0x0000000000001784
Event: 28.510 Thread 0x00000161f17c5390 Uncommon trap: reason=predicate action=maybe_recompile pc=0x00000161db8a1904 method=java.util.TimSort.countRunAndMakeAscending([Ljava/lang/Object;IILjava/util/Comparator;)I @ 54 c2
Event: 28.510 Thread 0x00000161f17c5390 DEOPT PACKING pc=0x00000161db8a1904 sp=0x00000024089fd130
Event: 28.510 Thread 0x00000161f17c5390 DEOPT UNPACKING pc=0x00000161dad93aa2 sp=0x00000024089fd078 mode 2
Event: 28.531 Thread 0x00000161f17c5390 Uncommon trap: trap_request=0xffffff45 fr.pc=0x00000161db8ba458 relative=0x0000000000000498
Event: 28.531 Thread 0x00000161f17c5390 Uncommon trap: reason=unstable_if action=reinterpret pc=0x00000161db8ba458 method=java.util.ArrayList.equalsRange(Ljava/util/List;II)Z @ 41 c2
Event: 28.532 Thread 0x00000161f17c5390 DEOPT PACKING pc=0x00000161db8ba458 sp=0x00000024089fced0
Event: 28.532 Thread 0x00000161f17c5390 DEOPT UNPACKING pc=0x00000161dad93aa2 sp=0x00000024089fce60 mode 2

Classes loaded (20 events):
Event: 28.289 Loading class sun/nio/ch/Util$4
Event: 28.289 Loading class sun/nio/ch/Util$4 done
Event: 28.293 Loading class java/nio/file/ClosedDirectoryStreamException
Event: 28.293 Loading class java/nio/file/ClosedDirectoryStreamException done
Event: 28.293 Loading class jdk/internal/jrtfs/JrtFileSystem
Event: 28.293 Loading class jdk/internal/jrtfs/JrtFileSystem done
Event: 28.293 Loading class jdk/internal/jrtfs/JrtPath
Event: 28.294 Loading class jdk/internal/jrtfs/JrtPath done
Event: 28.294 Loading class jdk/internal/jimage/ImageReader$Node
Event: 28.294 Loading class jdk/internal/jimage/ImageReader$Node done
Event: 28.297 Loading class java/nio/ByteBufferAsIntBufferL
Event: 28.297 Loading class java/nio/ByteBufferAsIntBufferL done
Event: 28.301 Loading class jdk/internal/jimage/ImageReader$Directory
Event: 28.301 Loading class jdk/internal/jimage/ImageReader$Directory done
Event: 28.437 Loading class java/util/AbstractList$ListItr
Event: 28.437 Loading class java/util/AbstractList$ListItr done
Event: 28.453 Loading class java/nio/channels/Channels$ReadableByteChannelImpl
Event: 28.453 Loading class java/nio/channels/Channels$ReadableByteChannelImpl done
Event: 28.454 Loading class java/nio/channels/NonWritableChannelException
Event: 28.454 Loading class java/nio/channels/NonWritableChannelException done

Classes unloaded (7 events):
Event: 25.346 Thread 0x00000161ceb41e70 Unloading class 0x00000161811a9000 'java/lang/invoke/LambdaForm$MH+0x00000161811a9000'
Event: 25.346 Thread 0x00000161ceb41e70 Unloading class 0x00000161811a8c00 'java/lang/invoke/LambdaForm$MH+0x00000161811a8c00'
Event: 25.346 Thread 0x00000161ceb41e70 Unloading class 0x00000161811a8800 'java/lang/invoke/LambdaForm$MH+0x00000161811a8800'
Event: 25.346 Thread 0x00000161ceb41e70 Unloading class 0x00000161811a8400 'java/lang/invoke/LambdaForm$MH+0x00000161811a8400'
Event: 25.346 Thread 0x00000161ceb41e70 Unloading class 0x00000161811a8000 'java/lang/invoke/LambdaForm$BMH+0x00000161811a8000'
Event: 25.346 Thread 0x00000161ceb41e70 Unloading class 0x00000161811a7c00 'java/lang/invoke/LambdaForm$DMH+0x00000161811a7c00'
Event: 25.346 Thread 0x00000161ceb41e70 Unloading class 0x00000161811a6800 'java/lang/invoke/LambdaForm$DMH+0x00000161811a6800'

Classes redefined (0 events):
No events

Internal exceptions (20 events):
Event: 26.837 Thread 0x00000161ef3f0d00 Exception <a 'java/io/FileNotFoundException'{0x00000000d6ada3b0}> (0x00000000d6ada3b0) 
thrown [s\src\hotspot\share\prims\jni.cpp, line 520]
Event: 26.837 Thread 0x00000161ef3f0d00 Exception <a 'java/io/FileNotFoundException'{0x00000000d6adb4c8}> (0x00000000d6adb4c8) 
thrown [s\src\hotspot\share\prims\jni.cpp, line 520]
Event: 26.943 Thread 0x00000161f17c5390 Exception <a 'java/io/FileNotFoundException'{0x00000000d659a420}> (0x00000000d659a420) 
thrown [s\src\hotspot\share\prims\jni.cpp, line 520]
Event: 26.976 Thread 0x00000161f17c5390 Exception <a 'java/lang/NoSuchMethodError'{0x00000000d6868b08}: 'java.lang.Object java.lang.invoke.DirectMethodHandle$Holder.invokeStatic(java.lang.Object, int, java.lang.Object, java.lang.Object)'> (0x00000000d6868b08) 
thrown [s\src\hotspot\share\interpreter\linkResolver.cpp, line 773]
Event: 26.977 Thread 0x00000161f17c5390 Exception <a 'java/lang/NoSuchMethodError'{0x00000000d686c308}: 'java.lang.Object java.lang.invoke.DelegatingMethodHandle$Holder.delegate(java.lang.Object, int, java.lang.Object, java.lang.Object)'> (0x00000000d686c308) 
thrown [s\src\hotspot\share\interpreter\linkResolver.cpp, line 773]
Event: 26.979 Thread 0x00000161f17c5390 Implicit null exception at 0x00000161db6575f6 to 0x00000161db657918
Event: 26.981 Thread 0x00000161f17c5390 Exception <a 'java/lang/NoSuchMethodError'{0x00000000d68ab200}: 'int java.lang.invoke.Invokers$Holder.linkToTargetMethod(java.lang.Object, java.lang.Object, java.lang.Object)'> (0x00000000d68ab200) 
thrown [s\src\hotspot\share\interpreter\linkResolver.cpp, line 773]
Event: 27.070 Thread 0x00000161ef3f1390 Exception <a 'java/lang/NoClassDefFoundError'{0x00000000d5b5c8b0}: javax/enterprise/inject/Typed> (0x00000000d5b5c8b0) 
thrown [s\src\hotspot\share\classfile\systemDictionary.cpp, line 301]
Event: 27.622 Thread 0x00000161ef3f1390 Exception <a 'java/lang/ExceptionInInitializerError'{0x00000000d5aeb5d8}> (0x00000000d5aeb5d8) 
thrown [s\src\hotspot\share\oops\instanceKlass.cpp, line 1220]
Event: 27.638 Thread 0x00000161ef3f1390 Implicit null exception at 0x00000161db5e9bfe to 0x00000161db5e9e70
Event: 27.638 Thread 0x00000161ef3f1390 Implicit null exception at 0x00000161db54541c to 0x00000161db54633c
Event: 27.639 Thread 0x00000161ef3f1390 Exception <a 'java/lang/NoSuchMethodError'{0x00000000d5c9ed88}: 'java.lang.Object java.lang.invoke.Invokers$Holder.invokeExact_MT(java.lang.Object, int, java.lang.Object)'> (0x00000000d5c9ed88) 
thrown [s\src\hotspot\share\interpreter\linkResolver.cpp, line 773]
Event: 27.725 Thread 0x00000161ef3effe0 Exception <a 'java/lang/NoSuchMethodError'{0x00000000d57da770}: 'void java.lang.invoke.DirectMethodHandle$Holder.invokeStaticInit(java.lang.Object, java.lang.Object, java.lang.Object, java.lang.Object)'> (0x00000000d57da770) 
thrown [s\src\hotspot\share\interpreter\linkResolver.cpp, line 773]
Event: 27.838 Thread 0x00000161ef3f1390 Exception <a 'java/lang/NoClassDefFoundError'{0x00000000d5fbe598}: com/google/inject/servlet/ServletModuleTargetVisitor> (0x00000000d5fbe598) 
thrown [s\src\hotspot\share\classfile\systemDictionary.cpp, line 301]
Event: 27.941 Thread 0x00000161f17c5a20 Exception <a 'java/lang/NoSuchMethodError'{0x00000000d5c56060}: 'int java.lang.invoke.DirectMethodHandle$Holder.invokeSpecialIFC(java.lang.Object, java.lang.Object, java.lang.Object, java.lang.Object)'> (0x00000000d5c56060) 
thrown [s\src\hotspot\share\interpreter\linkResolver.cpp, line 773]
Event: 27.975 Thread 0x00000161f17c5390 Exception <a 'java/lang/IncompatibleClassChangeError'{0x00000000d5f00678}: Found class java.lang.Object, but interface was expected> (0x00000000d5f00678) 
thrown [s\src\hotspot\share\interpreter\linkResolver.cpp, line 840]
Event: 28.019 Thread 0x00000161f17c5a20 Exception <a 'java/lang/NoSuchMethodError'{0x00000000d6202a70}: 'int java.lang.invoke.DirectMethodHandle$Holder.invokeInterface(java.lang.Object, java.lang.Object)'> (0x00000000d6202a70) 
thrown [s\src\hotspot\share\interpreter\linkResolver.cpp, line 773]
Event: 28.019 Thread 0x00000161f17c5a20 Exception <a 'java/lang/IncompatibleClassChangeError'{0x00000000d6205ce8}: Found class java.lang.Object, but interface was expected> (0x00000000d6205ce8) 
thrown [s\src\hotspot\share\interpreter\linkResolver.cpp, line 840]
Event: 28.289 Thread 0x00000161f17c5390 Implicit null exception at 0x00000161db84d003 to 0x00000161db84d284
Event: 28.289 Thread 0x00000161f17c5390 Exception <a 'java/lang/NoSuchMethodError'{0x00000000d5f54110}: 'java.lang.Object java.lang.invoke.DelegatingMethodHandle$Holder.reinvoke_L(java.lang.Object, int, long, java.lang.Object, java.lang.Object, int, java.lang.Object)'> (0x00000000d5f54110) 
thrown [s\src\hotspot\share\interpreter\linkResolver.cpp, line 773]

ZGC Phase Switch (0 events):
No events

VM Operations (20 events):
Event: 28.273 Executing VM operation: HandshakeAllThreads (Deoptimize)
Event: 28.273 Executing VM operation: HandshakeAllThreads (Deoptimize) done
Event: 28.298 Executing VM operation: HandshakeAllThreads (Deoptimize)
Event: 28.298 Executing VM operation: HandshakeAllThreads (Deoptimize) done
Event: 28.299 Executing VM operation: HandshakeAllThreads (Deoptimize)
Event: 28.299 Executing VM operation: HandshakeAllThreads (Deoptimize) done
Event: 28.324 Executing VM operation: ParallelGCFailedAllocation (Allocation Failure)
Event: 28.326 Executing VM operation: ParallelGCFailedAllocation (Allocation Failure) done
Event: 28.327 Executing VM operation: HandshakeAllThreads (Deoptimize)
Event: 28.328 Executing VM operation: HandshakeAllThreads (Deoptimize) done
Event: 28.389 Executing VM operation: ParallelGCFailedAllocation (Allocation Failure)
Event: 28.391 Executing VM operation: ParallelGCFailedAllocation (Allocation Failure) done
Event: 28.438 Executing VM operation: HandshakeAllThreads (Deoptimize)
Event: 28.438 Executing VM operation: HandshakeAllThreads (Deoptimize) done
Event: 28.448 Executing VM operation: ParallelGCFailedAllocation (Allocation Failure)
Event: 28.450 Executing VM operation: ParallelGCFailedAllocation (Allocation Failure) done
Event: 28.485 Executing VM operation: ParallelGCFailedAllocation (Allocation Failure)
Event: 28.487 Executing VM operation: ParallelGCFailedAllocation (Allocation Failure) done
Event: 28.519 Executing VM operation: ParallelGCFailedAllocation (Allocation Failure)
Event: 28.521 Executing VM operation: ParallelGCFailedAllocation (Allocation Failure) done

Memory protections (0 events):
No events

Nmethod flushes (20 events):
Event: 26.409 Thread 0x00000161ceb41e70 flushing  nmethod 0x00000161d4001a90
Event: 26.409 Thread 0x00000161ceb41e70 flushing  nmethod 0x00000161d4004210
Event: 26.409 Thread 0x00000161ceb41e70 flushing  nmethod 0x00000161d4029310
Event: 26.409 Thread 0x00000161ceb41e70 flushing  nmethod 0x00000161d4031a10
Event: 26.409 Thread 0x00000161ceb41e70 flushing  nmethod 0x00000161d4032310
Event: 26.409 Thread 0x00000161ceb41e70 flushing  nmethod 0x00000161d4033510
Event: 26.409 Thread 0x00000161ceb41e70 flushing  nmethod 0x00000161d4033d10
Event: 26.409 Thread 0x00000161ceb41e70 flushing  nmethod 0x00000161d4034490
Event: 26.409 Thread 0x00000161ceb41e70 flushing  nmethod 0x00000161d4034e10
Event: 26.409 Thread 0x00000161ceb41e70 flushing  nmethod 0x00000161d4036e90
Event: 26.409 Thread 0x00000161ceb41e70 flushing  nmethod 0x00000161d403b310
Event: 26.409 Thread 0x00000161ceb41e70 flushing  nmethod 0x00000161d403b610
Event: 26.409 Thread 0x00000161ceb41e70 flushing  nmethod 0x00000161d4080c10
Event: 26.409 Thread 0x00000161ceb41e70 flushing  nmethod 0x00000161d4085e90
Event: 26.409 Thread 0x00000161ceb41e70 flushing  nmethod 0x00000161d40a7090
Event: 26.409 Thread 0x00000161ceb41e70 flushing  nmethod 0x00000161d40a7910
Event: 26.409 Thread 0x00000161ceb41e70 flushing  nmethod 0x00000161d4124a10
Event: 26.409 Thread 0x00000161ceb41e70 flushing  nmethod 0x00000161d4153010
Event: 26.410 Thread 0x00000161ceb41e70 flushing  nmethod 0x00000161d415fc90
Event: 26.410 Thread 0x00000161ceb41e70 flushing  nmethod 0x00000161d4160110

Events (20 events):
Event: 26.601 Thread 0x00000161ef3f2740 Thread added: 0x00000161f17c5a20
Event: 26.769 Thread 0x00000161eaaa23a0 Thread added: 0x00000161f0b44720
Event: 26.843 Thread 0x00000161ef3f0d00 Thread added: 0x00000161f22ea390
Event: 26.844 Thread 0x00000161ef3f0d00 Thread added: 0x00000161f22eb0b0
Event: 26.844 Thread 0x00000161f22ea390 Thread added: 0x00000161f22ec460
Event: 26.844 Thread 0x00000161f22eb0b0 Thread added: 0x00000161f22e9d00
Event: 26.844 Thread 0x00000161f22ec460 Thread added: 0x00000161f22eaa20
Event: 26.845 Thread 0x00000161f22e9d00 Thread added: 0x00000161f22eb740
Event: 26.845 Thread 0x00000161f22eaa20 Thread added: 0x00000161f22ebdd0
Event: 26.845 Thread 0x00000161f22eb740 Thread added: 0x00000161f22e8fe0
Event: 26.846 Thread 0x00000161f22ebdd0 Thread added: 0x00000161f22ecaf0
Event: 26.846 Thread 0x00000161f22e8fe0 Thread added: 0x00000161f22e9670
Event: 26.846 Thread 0x00000161f22ecaf0 Thread added: 0x00000161f22eebc0
Event: 26.847 Thread 0x00000161f22e9670 Thread added: 0x00000161f22ed180
Event: 26.848 Thread 0x00000161f22eebc0 Thread added: 0x00000161f22eff70
Event: 26.848 Thread 0x00000161f22ed180 Thread added: 0x00000161f22f0600
Event: 26.849 Thread 0x00000161f22eff70 Thread added: 0x00000161f22ef250
Event: 27.123 Thread 0x00000161ef3effe0 Thread added: 0x00000161f22ef8e0
Event: 27.123 Thread 0x00000161f22ef8e0 Thread exited: 0x00000161f22ef8e0
Event: 27.715 Thread 0x00000161ef3effe0 Thread added: 0x00000161f22ed810


Dynamic libraries:
0x00007ff631ea0000 - 0x00007ff631eae000 	c:\Users\Amen\.vscode\extensions\redhat.java-1.44.0-win32-x64\jre\21.0.8-win32-x86_64\bin\java.exe
0x00007ffcaf300000 - 0x00007ffcaf568000 	C:\WINDOWS\SYSTEM32\ntdll.dll
0x00007ffcae9c0000 - 0x00007ffcaea89000 	C:\WINDOWS\System32\KERNEL32.DLL
0x00007ffcacb70000 - 0x00007ffcacf5d000 	C:\WINDOWS\System32\KERNELBASE.dll
0x00007ffcaca20000 - 0x00007ffcacb6b000 	C:\WINDOWS\System32\ucrtbase.dll
0x00007ffc9b990000 - 0x00007ffc9b9ae000 	c:\Users\Amen\.vscode\extensions\redhat.java-1.44.0-win32-x64\jre\21.0.8-win32-x86_64\bin\VCRUNTIME140.dll
0x00007ffca02c0000 - 0x00007ffca02d8000 	c:\Users\Amen\.vscode\extensions\redhat.java-1.44.0-win32-x64\jre\21.0.8-win32-x86_64\bin\jli.dll
0x00007ffcaedf0000 - 0x00007ffcaefbc000 	C:\WINDOWS\System32\USER32.dll
0x00007ffcac9f0000 - 0x00007ffcaca17000 	C:\WINDOWS\System32\win32u.dll
0x00007ffcaeb40000 - 0x00007ffcaeb6b000 	C:\WINDOWS\System32\GDI32.dll
0x00007ffcacf60000 - 0x00007ffcad097000 	C:\WINDOWS\System32\gdi32full.dll
0x00007ffc93e40000 - 0x00007ffc940da000 	C:\WINDOWS\WinSxS\amd64_microsoft.windows.common-controls_6595b64144ccf1df_6.0.26100.4484_none_3e0e6d4ce32ef3b3\COMCTL32.dll
0x00007ffcac660000 - 0x00007ffcac703000 	C:\WINDOWS\System32\msvcp_win.dll
0x00007ffcaed20000 - 0x00007ffcaedc9000 	C:\WINDOWS\System32\msvcrt.dll
0x00007ffcad0a0000 - 0x00007ffcad0cf000 	C:\WINDOWS\System32\IMM32.DLL
0x00007ffc9b850000 - 0x00007ffc9b85c000 	c:\Users\Amen\.vscode\extensions\redhat.java-1.44.0-win32-x64\jre\21.0.8-win32-x86_64\bin\vcruntime140_1.dll
0x00007ffc5f2d0000 - 0x00007ffc5f35d000 	c:\Users\Amen\.vscode\extensions\redhat.java-1.44.0-win32-x64\jre\21.0.8-win32-x86_64\bin\msvcp140.dll
0x00007ffc29540000 - 0x00007ffc2a2d7000 	c:\Users\Amen\.vscode\extensions\redhat.java-1.44.0-win32-x64\jre\21.0.8-win32-x86_64\bin\server\jvm.dll
0x00007ffcadda0000 - 0x00007ffcade54000 	C:\WINDOWS\System32\ADVAPI32.dll
0x00007ffcaebf0000 - 0x00007ffcaec96000 	C:\WINDOWS\System32\sechost.dll
0x00007ffcae010000 - 0x00007ffcae128000 	C:\WINDOWS\System32\RPCRT4.dll
0x00007ffcadd20000 - 0x00007ffcadd94000 	C:\WINDOWS\System32\WS2_32.dll
0x00007ffcac2a0000 - 0x00007ffcac2fe000 	C:\WINDOWS\SYSTEM32\POWRPROF.dll
0x00007ffca06d0000 - 0x00007ffca0705000 	C:\WINDOWS\SYSTEM32\WINMM.dll
0x00007ffc99840000 - 0x00007ffc9984b000 	C:\WINDOWS\SYSTEM32\VERSION.dll
0x00007ffcac280000 - 0x00007ffcac294000 	C:\WINDOWS\SYSTEM32\UMPDC.dll
0x00007ffcab1f0000 - 0x00007ffcab20b000 	C:\WINDOWS\SYSTEM32\kernel.appcore.dll
0x00007ffc9b7c0000 - 0x00007ffc9b7ca000 	c:\Users\Amen\.vscode\extensions\redhat.java-1.44.0-win32-x64\jre\21.0.8-win32-x86_64\bin\jimage.dll
0x00007ffca9700000 - 0x00007ffca9941000 	C:\WINDOWS\SYSTEM32\DBGHELP.DLL
0x00007ffcae620000 - 0x00007ffcae9a6000 	C:\WINDOWS\System32\combase.dll
0x00007ffcaf180000 - 0x00007ffcaf260000 	C:\WINDOWS\System32\OLEAUT32.dll
0x00007ffc85fc0000 - 0x00007ffc86003000 	C:\WINDOWS\SYSTEM32\dbgcore.DLL
0x00007ffcac950000 - 0x00007ffcac9e9000 	C:\WINDOWS\System32\bcryptPrimitives.dll
0x00007ffc86200000 - 0x00007ffc8620f000 	c:\Users\Amen\.vscode\extensions\redhat.java-1.44.0-win32-x64\jre\21.0.8-win32-x86_64\bin\instrument.dll
0x00007ffc7fb20000 - 0x00007ffc7fb3f000 	c:\Users\Amen\.vscode\extensions\redhat.java-1.44.0-win32-x64\jre\21.0.8-win32-x86_64\bin\java.dll
0x00007ffcad0e0000 - 0x00007ffcad82a000 	C:\WINDOWS\System32\SHELL32.dll
0x00007ffcac7d0000 - 0x00007ffcac944000 	C:\WINDOWS\System32\wintypes.dll
0x00007ffcaa0b0000 - 0x00007ffcaa90b000 	C:\WINDOWS\SYSTEM32\windows.storage.dll
0x00007ffcada40000 - 0x00007ffcadb35000 	C:\WINDOWS\System32\SHCORE.dll
0x00007ffcad830000 - 0x00007ffcad89a000 	C:\WINDOWS\System32\shlwapi.dll
0x00007ffcac360000 - 0x00007ffcac38f000 	C:\WINDOWS\SYSTEM32\profapi.dll
0x00007ffc75be0000 - 0x00007ffc75bf8000 	c:\Users\Amen\.vscode\extensions\redhat.java-1.44.0-win32-x64\jre\21.0.8-win32-x86_64\bin\zip.dll
0x00007ffc861f0000 - 0x00007ffc86200000 	C:\Users\Amen\.vscode\extensions\redhat.java-1.44.0-win32-x64\jre\21.0.8-win32-x86_64\bin\net.dll
0x00007ffca56a0000 - 0x00007ffca57be000 	C:\WINDOWS\SYSTEM32\WINHTTP.dll
0x00007ffcab780000 - 0x00007ffcab7ea000 	C:\WINDOWS\system32\mswsock.dll
0x00007ffc75bc0000 - 0x00007ffc75bd6000 	C:\Users\Amen\.vscode\extensions\redhat.java-1.44.0-win32-x64\jre\21.0.8-win32-x86_64\bin\nio.dll
0x00007ffc856b0000 - 0x00007ffc856c0000 	c:\Users\Amen\.vscode\extensions\redhat.java-1.44.0-win32-x64\jre\21.0.8-win32-x86_64\bin\verify.dll
0x00007ffc52160000 - 0x00007ffc521a5000 	C:\Users\Amen\AppData\Roaming\Code\User\globalStorage\redhat.java\1.44.0\config_win\org.eclipse.equinox.launcher\org.eclipse.equinox.launcher.win32.win32.x86_64_1.2.1400.v20250730-1736\eclipse_11913.dll
0x00007ffcade60000 - 0x00007ffcadffe000 	C:\WINDOWS\System32\ole32.dll
0x00007ffcaba40000 - 0x00007ffcaba5b000 	C:\WINDOWS\SYSTEM32\CRYPTSP.dll
0x00007ffcab150000 - 0x00007ffcab18b000 	C:\WINDOWS\system32\rsaenh.dll
0x00007ffcab820000 - 0x00007ffcab84b000 	C:\WINDOWS\SYSTEM32\USERENV.dll
0x00007ffcac330000 - 0x00007ffcac356000 	C:\WINDOWS\SYSTEM32\bcrypt.dll
0x00007ffcaba30000 - 0x00007ffcaba3c000 	C:\WINDOWS\SYSTEM32\CRYPTBASE.dll
0x00007ffcaacd0000 - 0x00007ffcaad03000 	C:\WINDOWS\SYSTEM32\IPHLPAPI.DLL
0x00007ffcae9b0000 - 0x00007ffcae9ba000 	C:\WINDOWS\System32\NSI.dll
0x00007ffc5b830000 - 0x00007ffc5b879000 	C:\Users\Amen\AppData\Local\Temp\jna-2044405\jna5346232195699410951.dll
0x00007ffcad8a0000 - 0x00007ffcad8a8000 	C:\WINDOWS\System32\PSAPI.DLL
0x00007ffca6020000 - 0x00007ffca603f000 	C:\WINDOWS\SYSTEM32\dhcpcsvc6.DLL
0x00007ffca5fe0000 - 0x00007ffca6005000 	C:\WINDOWS\SYSTEM32\dhcpcsvc.DLL
0x00007ffca6e60000 - 0x00007ffca6e6e000 	C:\Users\Amen\.vscode\extensions\redhat.java-1.44.0-win32-x64\jre\21.0.8-win32-x86_64\bin\sunmscapi.dll
0x00007ffcac4e0000 - 0x00007ffcac657000 	C:\WINDOWS\System32\CRYPT32.dll
0x00007ffcabc50000 - 0x00007ffcabc80000 	C:\WINDOWS\SYSTEM32\ncrypt.dll
0x00007ffcabc00000 - 0x00007ffcabc3f000 	C:\WINDOWS\SYSTEM32\NTASN1.dll
0x00007ffcaada0000 - 0x00007ffcaaec6000 	C:\WINDOWS\SYSTEM32\DNSAPI.dll
0x00007ffca0290000 - 0x00007ffca029b000 	C:\Windows\System32\rasadhlp.dll
0x00007ffca64f0000 - 0x00007ffca6576000 	C:\WINDOWS\System32\fwpuclnt.dll
0x00007ffca6e50000 - 0x00007ffca6e59000 	C:\Users\Amen\.vscode\extensions\redhat.java-1.44.0-win32-x64\jre\21.0.8-win32-x86_64\bin\extnet.dll

JVMTI agents:
c:\Users\Amen\.vscode\extensions\redhat.java-1.44.0-win32-x64\lombok\lombok-1.18.39-4050.jar path:c:\Users\Amen\.vscode\extensions\redhat.java-1.44.0-win32-x64\jre\21.0.8-win32-x86_64\bin\instrument.dll, loaded, initialized, instrumentlib options:none

dbghelp: loaded successfully - version: 4.0.5 - missing functions: none
symbol engine: initialized successfully - sym options: 0x614 - pdb path: .;c:\Users\Amen\.vscode\extensions\redhat.java-1.44.0-win32-x64\jre\21.0.8-win32-x86_64\bin;C:\WINDOWS\SYSTEM32;C:\WINDOWS\WinSxS\amd64_microsoft.windows.common-controls_6595b64144ccf1df_6.0.26100.4484_none_3e0e6d4ce32ef3b3;c:\Users\Amen\.vscode\extensions\redhat.java-1.44.0-win32-x64\jre\21.0.8-win32-x86_64\bin\server;C:\Users\Amen\AppData\Roaming\Code\User\globalStorage\redhat.java\1.44.0\config_win\org.eclipse.equinox.launcher\org.eclipse.equinox.launcher.win32.win32.x86_64_1.2.1400.v20250730-1736;C:\Users\Amen\AppData\Local\Temp\jna-2044405

VM Arguments:
jvm_args: --add-modules=ALL-SYSTEM --add-opens=java.base/java.util=ALL-UNNAMED --add-opens=java.base/java.lang=ALL-UNNAMED --add-opens=java.base/sun.nio.fs=ALL-UNNAMED -Declipse.application=org.eclipse.jdt.ls.core.id1 -Dosgi.bundles.defaultStartLevel=4 -Declipse.product=org.eclipse.jdt.ls.core.product -Djava.import.generatesMetadataFilesAtProjectRoot=false -DDetectVMInstallationsJob.disabled=true -Dfile.encoding=utf8 -XX:+UseParallelGC -XX:GCTimeRatio=4 -XX:AdaptiveSizePolicyWeight=90 -Dsun.zip.disableMemoryMapping=true -Xmx2G -Xms100m -Xlog:disable -javaagent:c:\Users\Amen\.vscode\extensions\redhat.java-1.44.0-win32-x64\lombok\lombok-1.18.39-4050.jar -XX:+HeapDumpOnOutOfMemoryError -XX:HeapDumpPath=c:\Users\Amen\AppData\Roaming\Code\User\workspaceStorage\7008674b88c08343105e105653bc181d\redhat.java -Daether.dependencyCollector.impl=bf 
java_command: c:\Users\Amen\.vscode\extensions\redhat.java-1.44.0-win32-x64\server\plugins\org.eclipse.equinox.launcher_1.7.0.v20250519-0528.jar -configuration c:\Users\Amen\AppData\Roaming\Code\User\globalStorage\redhat.java\1.44.0\config_win -data c:\Users\Amen\AppData\Roaming\Code\User\workspaceStorage\7008674b88c08343105e105653bc181d\redhat.java\jdt_ws --pipe=\\.\pipe\lsp-ee3f358003beb5d2cf55e92b0000983a-sock
java_class_path (initial): c:\Users\Amen\.vscode\extensions\redhat.java-1.44.0-win32-x64\server\plugins\org.eclipse.equinox.launcher_1.7.0.v20250519-0528.jar
Launcher Type: SUN_STANDARD

[Global flags]
    uintx AdaptiveSizePolicyWeight                 = 90                                        {product} {command line}
     intx CICompilerCount                          = 12                                        {product} {ergonomic}
    uintx GCTimeRatio                              = 4                                         {product} {command line}
     bool HeapDumpOnOutOfMemoryError               = true                                   {manageable} {command line}
    ccstr HeapDumpPath                             = c:\Users\Amen\AppData\Roaming\Code\User\workspaceStorage\7008674b88c08343105e105653bc181d\redhat.java         {manageable} {command line}
   size_t InitialHeapSize                          = 104857600                                 {product} {command line}
   size_t MaxHeapSize                              = 2147483648                                {product} {command line}
   size_t MaxNewSize                               = 715653120                                 {product} {ergonomic}
   size_t MinHeapDeltaBytes                        = 524288                                    {product} {ergonomic}
   size_t MinHeapSize                              = 104857600                                 {product} {command line}
   size_t NewSize                                  = 34603008                                  {product} {ergonomic}
    uintx NonNMethodCodeHeapSize                   = 7602480                                {pd product} {ergonomic}
    uintx NonProfiledCodeHeapSize                  = 122027880                              {pd product} {ergonomic}
   size_t OldSize                                  = 70254592                                  {product} {ergonomic}
    uintx ProfiledCodeHeapSize                     = 122027880                              {pd product} {ergonomic}
    uintx ReservedCodeCacheSize                    = 251658240                              {pd product} {ergonomic}
     bool SegmentedCodeCache                       = true                                      {product} {ergonomic}
   size_t SoftMaxHeapSize                          = 2147483648                             {manageable} {ergonomic}
     bool UseCompressedOops                        = true                           {product lp64_product} {ergonomic}
     bool UseLargePagesIndividualAllocation        = false                                  {pd product} {ergonomic}
     bool UseParallelGC                            = true                                      {product} {command line}

Logging:
Log output configuration:
 #0: stdout all=off uptime,level,tags foldmultilines=false
 #1: stderr all=off uptime,level,tags foldmultilines=false

Environment Variables:
PATH=C:\Program Files\Eclipse Adoptium\jdk-21.0.8.9-hotspot\bin;C:\WINDOWS\system32;C:\WINDOWS;C:\WINDOWS\System32\Wbem;C:\WINDOWS\System32\WindowsPowerShell\v1.0\;C:\WINDOWS\System32\OpenSSH\;C:\Program Files\nodejs\;C:\ProgramData\chocolatey\bin;C:\Program Files\Git\cmd;C:\Program Files\Tesseract-OCR;C:\Users\Amen\AppData\Local\Microsoft\WindowsApps;C:\Users\Amen\AppData\Local\Programs\Microsoft VS Code\bin;C:\Users\Amen\AppData\Roaming\npm;%IntelliJ IDEA%
USERNAME=Amen
OS=Windows_NT
PROCESSOR_IDENTIFIER=Intel64 Family 6 Model 186 Stepping 2, GenuineIntel
TMP=C:\Users\Amen\AppData\Local\Temp
TEMP=C:\Users\Amen\AppData\Local\Temp




Periodic native trim disabled

---------------  S Y S T E M  ---------------

OS:
 Windows 11 , 64 bit Build 26100 (10.0.26100.4484)
OS uptime: 3 days 15:10 hours

CPU: total 16 (initial active 16) (8 cores per cpu, 2 threads per core) family 6 model 186 stepping 2 microcode 0x410e, cx8, cmov, fxsr, ht, mmx, 3dnowpref, sse, sse2, sse3, ssse3, sse4.1, sse4.2, popcnt, lzcnt, tsc, tscinvbit, avx, avx2, aes, erms, clmul, bmi1, bmi2, adx, sha, fma, vzeroupper, clflush, clflushopt, clwb, serialize, rdtscp, rdpid, fsrm, f16c, pku, cet_ibt, cet_ss
Processor Information for the first 16 processors :
  Max Mhz: 2600, Current Mhz: 2600, Mhz Limit: 2600

Memory: 4k page, system-wide physical 16013M (9368M free)
TotalPageFile size 18957M (AvailPageFile size 11570M)
current process WorkingSet (physical memory assigned to process): 298M, peak: 298M
current process commit charge ("private bytes"): 404M, peak: 417M

vm_info: OpenJDK 64-Bit Server VM (21.0.8+9-LTS) for windows-amd64 JRE (21.0.8+9-LTS), built on 2025-07-15T00:00:00Z by "admin" with MS VC++ 17.7 (VS2022)

END.
