#
# A fatal error has been detected by the Java Runtime Environment:
#
#  EXCEPTION_ACCESS_VIOLATION (0xc0000005) at pc=0x00007ffd6a98a5a8, pid=1560, tid=12964
#
# JRE version: OpenJDK Runtime Environment Temurin-21.0.8+9 (21.0.8+9) (build 21.0.8+9-LTS)
# Java VM: OpenJDK 64-Bit Server VM Temurin-21.0.8+9 (21.0.8+9-LTS, mixed mode, sharing, tiered, compressed oops, compressed class ptrs, parallel gc, windows-amd64)
# Problematic frame:
# V  [jvm.dll+0x5da5a8]
#
# No core dump will be written. Minidumps are not enabled by default on client versions of Windows
#
# If you would like to submit a bug report, please visit:
#   https://github.com/adoptium/adoptium-support/issues
#

---------------  S U M M A R Y ------------

Command Line: --add-modules=ALL-SYSTEM --add-opens=java.base/java.util=ALL-UNNAMED --add-opens=java.base/java.lang=ALL-UNNAMED --add-opens=java.base/sun.nio.fs=ALL-UNNAMED -Declipse.application=org.eclipse.jdt.ls.core.id1 -Dosgi.bundles.defaultStartLevel=4 -Declipse.product=org.eclipse.jdt.ls.core.product -Djava.import.generatesMetadataFilesAtProjectRoot=false -DDetectVMInstallationsJob.disabled=true -Dfile.encoding=utf8 -XX:+UseParallelGC -XX:GCTimeRatio=4 -XX:AdaptiveSizePolicyWeight=90 -Dsun.zip.disableMemoryMapping=true -Xmx2G -Xms100m -Xlog:disable -javaagent:c:\Users\Amen\.vscode\extensions\redhat.java-1.44.0-win32-x64\lombok\lombok-1.18.39-4050.jar c:\Users\Amen\.vscode\extensions\redhat.java-1.44.0-win32-x64\server\plugins\org.eclipse.equinox.launcher_1.7.0.v20250519-0528.jar -configuration c:\Users\Amen\AppData\Roaming\Code\User\globalStorage\redhat.java\1.44.0\config_ss_win -data c:\Users\Amen\AppData\Roaming\Code\User\workspaceStorage\7008674b88c08343105e105653bc181d\redhat.java\ss_ws --pipe=\\.\pipe\lsp-550e0259a44cb48d63833b7418b7b18e-sock

Host: 13th Gen Intel(R) Core(TM) i5-13500H, 16 cores, 15G,  Windows 11 , 64 bit Build 26100 (10.0.26100.4484)
Time: Mon Aug  4 17:21:19 2025 elapsed time: 3.232318 seconds (0d 0h 0m 3s)

---------------  T H R E A D  ---------------

Current thread (0x0000019345f45f00):  JavaThread "C2 CompilerThread2" daemon [_thread_in_native, id=12964, stack(0x0000000a2ea00000,0x0000000a2eb00000) (1024K)]


Current CompileTask:
C2:3232 5083 %     4       org.lombokweb.asm.SymbolTable::<init> @ 98 (554 bytes)

Stack: [0x0000000a2ea00000,0x0000000a2eb00000],  sp=0x0000000a2eafc890,  free space=1010k
Native frames: (J=compiled Java code, j=interpreted, Vv=VM code, C=native code)
V  [jvm.dll+0x5da5a8]
V  [jvm.dll+0x5dad75]
V  [jvm.dll+0x1e141f]
V  [jvm.dll+0x249022]
V  [jvm.dll+0x2484af]
V  [jvm.dll+0x1c89ee]
V  [jvm.dll+0x257d4d]
V  [jvm.dll+0x2562ea]
V  [jvm.dll+0x3f2d16]
V  [jvm.dll+0x857e6b]
V  [jvm.dll+0x6d0b0d]
C  [ucrtbase.dll+0x37b0]
C  [KERNEL32.DLL+0x2e8d7]
C  [ntdll.dll+0x3c34c]


siginfo: EXCEPTION_ACCESS_VIOLATION (0xc0000005), reading address 0xffffffffffffffff


Registers:
RAX=0x03000193460d1cf0, RBX=0x0000000000000001, RCX=0x0000000000000001, RDX=0x0000000000000004
RSP=0x0000000a2eafc890, RBP=0x0000000000000000, RSI=0x0000019347adec40, RDI=0x0000000000000001
R8 =0x0000000000000000, R9 =0x00007ffd6b04d500, R10=0x0000000000022060, R11=0x0000000000000367
R12=0x000001934748bef8, R13=0x0000019352b83fb0, R14=0x0000000000000000, R15=0x0000019353111d00
RIP=0x00007ffd6a98a5a8, EFLAGS=0x0000000000010246

XMM[0]=0x0000000000000000 0x0000000000000000
XMM[1]=0x0000000000000000 0x0000000000000000
XMM[2]=0x0000000000000000 0x0000000000000000
XMM[3]=0x0000000000000000 0x0000000000000000
XMM[4]=0x0000000000000000 0x0000000000000000
XMM[5]=0x0000000000000000 0x0000000000000000
XMM[6]=0x0000000000000000 0x0000000000000000
XMM[7]=0x0000000000000000 0x0000000000000000
XMM[8]=0x0000000000000000 0x0000000000000000
XMM[9]=0x0000000000000000 0x0000000000000000
XMM[10]=0x0000000000000000 0x0000000000000000
XMM[11]=0x0000000000000000 0x0000000000000000
XMM[12]=0x0000000000000000 0x0000000000000000
XMM[13]=0x0000000000000000 0x0000000000000000
XMM[14]=0x0000000000000000 0x0000000000000000
XMM[15]=0x0000000000000000 0x0000000000000000
  MXCSR=0x00001fa0


Register to memory mapping:

RAX=0x03000193460d1cf0 is an unknown value
RBX=0x0000000000000001 is an unknown value
RCX=0x0000000000000001 is an unknown value
RDX=0x0000000000000004 is an unknown value
RSP=0x0000000a2eafc890 is pointing into the stack for thread: 0x0000019345f45f00
RBP=0x0 is null
RSI=0x0000019347adec40 points into unknown readable memory: 0x0000000000000000 | 00 00 00 00 00 00 00 00
RDI=0x0000000000000001 is an unknown value
R8 =0x0 is null
R9 =0x00007ffd6b04d500 jvm.dll
R10=0x0000000000022060 is an unknown value
R11=0x0000000000000367 is an unknown value
R12=0x000001934748bef8 points into unknown readable memory: 0x00007ffd6ada0a58 | 58 0a da 6a fd 7f 00 00
R13=0x0000019352b83fb0 points into unknown readable memory: 0x0000000000000000 | 00 00 00 00 00 00 00 00
R14=0x0 is null
R15=0x0000019353111d00 points into unknown readable memory: 0x0000000000000000 | 00 00 00 00 00 00 00 00

Top of Stack: (sp=0x0000000a2eafc890)
0x0000000a2eafc890:   0000000000000000 0000000000000000
0x0000000a2eafc8a0:   0000019347adec40 00007ffd6a76e99d
0x0000000a2eafc8b0:   0000000000000000 0000000000000004
0x0000000a2eafc8c0:   0000000100000001 0000001c00000001
0x0000000a2eafc8d0:   00000193482640a0 00000193481016b0
0x0000000a2eafc8e0:   00000193467b4060 0000000a2eafc9d9
0x0000000a2eafc8f0:   0000000000002a82 0000000000000001
0x0000000a2eafc900:   000001934748bef8 0000000a2eafcb80
0x0000000a2eafc910:   0000000000000008 0000000000000001
0x0000000a2eafc920:   0000019346563770 0000000a2eafc9d9
0x0000000a2eafc930:   00000193467b4060 00007ffd6a98ad75
0x0000000a2eafc940:   0000000a2eafcb80 0000000a2eafc980
0x0000000a2eafc950:   0000019346563770 0000019352b83fb0
0x0000000a2eafc960:   0000000a2eafc9d0 00007ffd6a9c44ea
0x0000000a2eafc970:   0000000000000008 0000019345d89d90
0x0000000a2eafc980:   0000019300000008 0000019345f03020
0x0000000a2eafc990:   00000193467afc38 00007ffd00000000
0x0000000a2eafc9a0:   0000019352b84050 0000019345f03020
0x0000000a2eafc9b0:   0000019352e2e7d0 000000000022f0e8
0x0000000a2eafc9c0:   0000019352e2e9c0 0000019352e367b8
0x0000000a2eafc9d0:   0000019300000020 00000193479c1870
0x0000000a2eafc9e0:   0000000000000020 0000019345f03020
0x0000000a2eafc9f0:   0000000000209d00 0000019345f3f630
0x0000000a2eafca00:   0000000a2eafcf90 0000000000000001
0x0000000a2eafca10:   0000019345f3f640 0000000000000000
0x0000000a2eafca20:   0000019345f3fa18 0000000a2eafceb0
0x0000000a2eafca30:   0000000a2eafcb40 00007ffd6a59141f
0x0000000a2eafca40:   0000000a0000029f 0000000a00000001
0x0000000a2eafca50:   00000193467b4060 0000019345d89d40
0x0000000a2eafca60:   0000019364423700 0000000000000070
0x0000000a2eafca70:   00007ffdb98b8807 0000019345f3f630
0x0000000a2eafca80:   0000019348263f60 0000019348264c30 

Instructions: (pc=0x00007ffd6a98a5a8)
0x00007ffd6a98a4a8:   7c 24 78 44 8b d8 49 8b f9 4c 89 7c 24 68 4c 8b
0x00007ffd6a98a4b8:   f2 4c 8b 79 10 4c 8b e9 4c 8d 14 80 48 8b 41 20
0x00007ffd6a98a4c8:   49 c1 e2 05 49 03 c2 4d 03 fa 48 89 84 24 c8 00
0x00007ffd6a98a4d8:   00 00 48 8b 41 28 4a 8b 2c d8 48 89 6c 24 20 48
0x00007ffd6a98a4e8:   85 ed 74 05 48 8b f5 eb 08 e8 7a 0e 00 00 48 8b
0x00007ffd6a98a4f8:   f0 83 3f 00 0f 84 8e 01 00 00 48 8b 47 08 4c 8d
0x00007ffd6a98a508:   0d f3 2f 6c 00 8b 4f 04 33 d2 4c 8b ac 24 c8 00
0x00007ffd6a98a518:   00 00 8b da 48 89 54 24 28 89 54 24 30 48 89 54
0x00007ffd6a98a528:   24 40 48 89 44 24 48 48 c7 44 24 34 04 00 00 00
0x00007ffd6a98a538:   89 4c 24 3c 48 89 7c 24 50 4c 89 64 24 70 48 85
0x00007ffd6a98a548:   d2 74 19 48 0f bc c2 8b c8 48 d3 ea 48 ff ca 03
0x00007ffd6a98a558:   d8 48 89 54 24 28 89 5c 24 30 eb 28 83 7c 24 34
0x00007ffd6a98a568:   04 72 0e 8b 44 24 3c 39 44 24 38 0f 83 f5 00 00
0x00007ffd6a98a578:   00 48 8d 4c 24 28 e8 ad 3a de ff 8b d8 4c 8d 0d
0x00007ffd6a98a588:   74 2f 6c 00 85 db 0f 84 da 00 00 00 8b c3 48 c1
0x00007ffd6a98a598:   e8 08 8b fb 4c 8d 34 c5 00 00 00 00 49 8b 47 08
0x00007ffd6a98a5a8:   4d 8b 04 06 4d 3b c1 75 14 8b d3 49 8b cf e8 35
0x00007ffd6a98a5b8:   3c de ff 4c 8b c0 4c 8d 0d 3b 2f 6c 00 8b d3 40
0x00007ffd6a98a5c8:   0f b6 cf c1 ea 06 80 e1 3f 83 e2 03 bd 01 00 00
0x00007ffd6a98a5d8:   00 48 d3 e5 4c 8d 24 d5 00 00 00 00 4b 8b 0c 04
0x00007ffd6a98a5e8:   48 8b c1 48 0b c5 4b 89 04 04 48 85 cd 75 59 41
0x00007ffd6a98a5f8:   ff 07 49 8b 45 08 48 c1 ef 06 83 e7 03 4a 8b 0c
0x00007ffd6a98a608:   30 48 85 2c f9 75 41 48 8b 46 08 49 8b 14 06 49
0x00007ffd6a98a618:   3b d1 75 14 8b d3 48 8b ce e8 ca 3b de ff 48 8b
0x00007ffd6a98a628:   d0 4c 8d 0d d0 2e 6c 00 49 8b 0c 14 48 8b c1 48
0x00007ffd6a98a638:   0b c5 49 89 04 14 48 85 cd 74 1b 0f 1f 40 00 66
0x00007ffd6a98a648:   0f 1f 84 00 00 00 00 00 8b 5c 24 30 48 8b 54 24
0x00007ffd6a98a658:   28 e9 e8 fe ff ff ff 06 8b 5c 24 30 48 8b 54 24
0x00007ffd6a98a668:   28 e9 d8 fe ff ff 4c 8b ac 24 b0 00 00 00 48 8b
0x00007ffd6a98a678:   9c 24 c0 00 00 00 48 8b 6c 24 20 4c 8b b4 24 b8
0x00007ffd6a98a688:   00 00 00 4c 8b 64 24 70 83 3e 00 4c 8b 7c 24 68
0x00007ffd6a98a698:   48 8b 7c 24 78 74 51 8b 4b 4c 49 8b 45 28 ff c9 


Stack slot to memory mapping:

stack at sp + 0 slots: 0x0 is null
stack at sp + 1 slots: 0x0 is null
stack at sp + 2 slots: 0x0000019347adec40 points into unknown readable memory: 0x0000000000000000 | 00 00 00 00 00 00 00 00
stack at sp + 3 slots: 0x00007ffd6a76e99d jvm.dll
stack at sp + 4 slots: 0x0 is null
stack at sp + 5 slots: 0x0000000000000004 is an unknown value
stack at sp + 6 slots: 0x0000000100000001 is an unknown value
stack at sp + 7 slots: 0x0000001c00000001 is an unknown value


---------------  P R O C E S S  ---------------

Threads class SMR info:
_java_thread_list=0x000001934841cd40, length=53, elements={
0x0000019366929950, 0x000001937e894370, 0x000001937e894ec0, 0x000001937e8995f0,
0x000001937e89d900, 0x000001937e89aae0, 0x000001937e8a2720, 0x000001937e8a9060,
0x000001937e8af110, 0x000001937e979cd0, 0x000001937e9bdda0, 0x000001937ea7d1e0,
0x000001937ea83cb0, 0x000001937eb52b70, 0x0000019345006550, 0x00000193458050a0,
0x0000019345c22830, 0x000001934575f750, 0x0000019345c8d030, 0x0000019345a8df10,
0x0000019345841de0, 0x0000019345dde490, 0x0000019345ddf3b0, 0x0000019345d6e480,
0x0000019345f45f00, 0x0000019345f465a0, 0x0000019345d6ddf0, 0x0000019345d6eb10,
0x0000019345d6f1a0, 0x0000019345d6f830, 0x0000019345d6fec0, 0x0000019345d70550,
0x0000019345d70be0, 0x0000019345d6d760, 0x000001934787e710, 0x000001934787fac0,
0x000001934787eda0, 0x00000193478807e0, 0x000001934787f430, 0x0000019347880150,
0x0000019347880e70, 0x0000019347881500, 0x000001934787e080, 0x0000019347884980,
0x0000019347883c60, 0x0000019347881b90, 0x0000019347882220, 0x00000193478828b0,
0x00000193478856a0, 0x0000019347b559a0, 0x00000193466d8050, 0x00000193484a9e80,
0x0000019345961360
}

Java Threads: ( => current thread )
  0x0000019366929950 JavaThread "main"                              [_thread_blocked, id=12084, stack(0x0000000a2c300000,0x0000000a2c400000) (1024K)]
  0x000001937e894370 JavaThread "Reference Handler"          daemon [_thread_blocked, id=9896, stack(0x0000000a2c700000,0x0000000a2c800000) (1024K)]
  0x000001937e894ec0 JavaThread "Finalizer"                  daemon [_thread_blocked, id=12076, stack(0x0000000a2c800000,0x0000000a2c900000) (1024K)]
  0x000001937e8995f0 JavaThread "Signal Dispatcher"          daemon [_thread_blocked, id=5228, stack(0x0000000a2c900000,0x0000000a2ca00000) (1024K)]
  0x000001937e89d900 JavaThread "Attach Listener"            daemon [_thread_blocked, id=12264, stack(0x0000000a2ca00000,0x0000000a2cb00000) (1024K)]
  0x000001937e89aae0 JavaThread "Service Thread"             daemon [_thread_blocked, id=11528, stack(0x0000000a2cb00000,0x0000000a2cc00000) (1024K)]
  0x000001937e8a2720 JavaThread "Monitor Deflation Thread"   daemon [_thread_blocked, id=10804, stack(0x0000000a2cc00000,0x0000000a2cd00000) (1024K)]
  0x000001937e8a9060 JavaThread "C2 CompilerThread0"         daemon [_thread_in_native, id=11788, stack(0x0000000a2cd00000,0x0000000a2ce00000) (1024K)]
  0x000001937e8af110 JavaThread "C1 CompilerThread0"         daemon [_thread_blocked, id=9964, stack(0x0000000a2ce00000,0x0000000a2cf00000) (1024K)]
  0x000001937e979cd0 JavaThread "C1 CompilerThread1"         daemon [_thread_blocked, id=11132, stack(0x0000000a2cf00000,0x0000000a2d000000) (1024K)]
  0x000001937e9bdda0 JavaThread "Common-Cleaner"             daemon [_thread_blocked, id=14024, stack(0x0000000a2d000000,0x0000000a2d100000) (1024K)]
  0x000001937ea7d1e0 JavaThread "C1 CompilerThread2"         daemon [_thread_blocked, id=12604, stack(0x0000000a2d100000,0x0000000a2d200000) (1024K)]
  0x000001937ea83cb0 JavaThread "C2 CompilerThread1"         daemon [_thread_blocked, id=11956, stack(0x0000000a2d200000,0x0000000a2d300000) (1024K)]
  0x000001937eb52b70 JavaThread "C1 CompilerThread3"         daemon [_thread_blocked, id=9144, stack(0x0000000a2d300000,0x0000000a2d400000) (1024K)]
  0x0000019345006550 JavaThread "Notification Thread"        daemon [_thread_blocked, id=11944, stack(0x0000000a2d400000,0x0000000a2d500000) (1024K)]
  0x00000193458050a0 JavaThread "Active Thread: Equinox Container: 5359858d-014a-474d-9ee0-f2e5fdcf2964"        [_thread_blocked, id=12744, stack(0x0000000a2dd00000,0x0000000a2de00000) (1024K)]
  0x0000019345c22830 JavaThread "Framework Event Dispatcher: Equinox Container: 5359858d-014a-474d-9ee0-f2e5fdcf2964" daemon [_thread_blocked, id=10320, stack(0x0000000a2df00000,0x0000000a2e000000) (1024K)]
  0x000001934575f750 JavaThread "Start Level: Equinox Container: 5359858d-014a-474d-9ee0-f2e5fdcf2964" daemon [_thread_blocked, id=8460, stack(0x0000000a2e000000,0x0000000a2e100000) (1024K)]
  0x0000019345c8d030 JavaThread "SCR Component Actor"        daemon [_thread_blocked, id=13928, stack(0x0000000a2e100000,0x0000000a2e200000) (1024K)]
  0x0000019345a8df10 JavaThread "SCR Component Registry"     daemon [_thread_blocked, id=5580, stack(0x0000000a2e200000,0x0000000a2e300000) (1024K)]
  0x0000019345841de0 JavaThread "Worker-JM"                         [_thread_blocked, id=6212, stack(0x0000000a2d600000,0x0000000a2d700000) (1024K)]
  0x0000019345dde490 JavaThread "JNA Cleaner"                daemon [_thread_blocked, id=6400, stack(0x0000000a2d500000,0x0000000a2d600000) (1024K)]
  0x0000019345ddf3b0 JavaThread "Worker-0"                          [_thread_blocked, id=10624, stack(0x0000000a2e500000,0x0000000a2e600000) (1024K)]
  0x0000019345d6e480 JavaThread "Worker-1"                          [_thread_blocked, id=11040, stack(0x0000000a2e600000,0x0000000a2e700000) (1024K)]
=>0x0000019345f45f00 JavaThread "C2 CompilerThread2"         daemon [_thread_in_native, id=12964, stack(0x0000000a2ea00000,0x0000000a2eb00000) (1024K)]
  0x0000019345f465a0 JavaThread "C2 CompilerThread3"         daemon [_thread_in_native, id=12936, stack(0x0000000a2eb00000,0x0000000a2ec00000) (1024K)]
  0x0000019345d6ddf0 JavaThread "Thread-2"                   daemon [_thread_in_native, id=11824, stack(0x0000000a2ee00000,0x0000000a2ef00000) (1024K)]
  0x0000019345d6eb10 JavaThread "Thread-3"                   daemon [_thread_in_native, id=4952, stack(0x0000000a2ef00000,0x0000000a2f000000) (1024K)]
  0x0000019345d6f1a0 JavaThread "Thread-4"                   daemon [_thread_in_native, id=3220, stack(0x0000000a2f000000,0x0000000a2f100000) (1024K)]
  0x0000019345d6f830 JavaThread "Thread-5"                   daemon [_thread_in_native, id=4976, stack(0x0000000a2f100000,0x0000000a2f200000) (1024K)]
  0x0000019345d6fec0 JavaThread "Thread-6"                   daemon [_thread_in_native, id=14124, stack(0x0000000a2f200000,0x0000000a2f300000) (1024K)]
  0x0000019345d70550 JavaThread "Thread-7"                   daemon [_thread_in_native, id=11952, stack(0x0000000a2f300000,0x0000000a2f400000) (1024K)]
  0x0000019345d70be0 JavaThread "Thread-8"                   daemon [_thread_in_native, id=14056, stack(0x0000000a2f400000,0x0000000a2f500000) (1024K)]
  0x0000019345d6d760 JavaThread "Thread-9"                   daemon [_thread_in_native, id=11500, stack(0x0000000a2f500000,0x0000000a2f600000) (1024K)]
  0x000001934787e710 JavaThread "Thread-10"                  daemon [_thread_in_native, id=11368, stack(0x0000000a2f600000,0x0000000a2f700000) (1024K)]
  0x000001934787fac0 JavaThread "Thread-11"                  daemon [_thread_in_native, id=12496, stack(0x0000000a2f700000,0x0000000a2f800000) (1024K)]
  0x000001934787eda0 JavaThread "Thread-12"                  daemon [_thread_in_native, id=10072, stack(0x0000000a2f800000,0x0000000a2f900000) (1024K)]
  0x00000193478807e0 JavaThread "Thread-13"                  daemon [_thread_in_native, id=13104, stack(0x0000000a2f900000,0x0000000a2fa00000) (1024K)]
  0x000001934787f430 JavaThread "Thread-14"                  daemon [_thread_in_native, id=10616, stack(0x0000000a2fa00000,0x0000000a2fb00000) (1024K)]
  0x0000019347880150 JavaThread "Thread-15"                  daemon [_thread_in_native, id=13096, stack(0x0000000a2fb00000,0x0000000a2fc00000) (1024K)]
  0x0000019347880e70 JavaThread "Thread-16"                  daemon [_thread_in_native, id=13108, stack(0x0000000a2fc00000,0x0000000a2fd00000) (1024K)]
  0x0000019347881500 JavaThread "Thread-17"                  daemon [_thread_in_native, id=14776, stack(0x0000000a2fd00000,0x0000000a2fe00000) (1024K)]
  0x000001934787e080 JavaThread "Thread-18"                  daemon [_thread_in_native, id=2192, stack(0x0000000a2fe00000,0x0000000a2ff00000) (1024K)]
  0x0000019347884980 JavaThread "pool-2-thread-1"                   [_thread_blocked, id=10528, stack(0x0000000a2ff00000,0x0000000a30000000) (1024K)]
  0x0000019347883c60 JavaThread "WorkspaceEventsHandler"            [_thread_blocked, id=11136, stack(0x0000000a30000000,0x0000000a30100000) (1024K)]
  0x0000019347881b90 JavaThread "pool-1-thread-1"                   [_thread_in_native, id=7504, stack(0x0000000a30100000,0x0000000a30200000) (1024K)]
  0x0000019347882220 JavaThread "Worker-2"                          [_thread_blocked, id=11364, stack(0x0000000a30200000,0x0000000a30300000) (1024K)]
  0x00000193478828b0 JavaThread "ForkJoinPool.commonPool-worker-1" daemon [_thread_blocked, id=13996, stack(0x0000000a30300000,0x0000000a30400000) (1024K)]
  0x00000193478856a0 JavaThread "ForkJoinPool.commonPool-worker-2" daemon [_thread_blocked, id=6556, stack(0x0000000a30400000,0x0000000a30500000) (1024K)]
  0x0000019347b559a0 JavaThread "C2 CompilerThread4"         daemon [_thread_in_native, id=10796, stack(0x0000000a30500000,0x0000000a30600000) (1024K)]
  0x00000193466d8050 JavaThread "C2 CompilerThread5"         daemon [_thread_blocked, id=8936, stack(0x0000000a30600000,0x0000000a30700000) (1024K)]
  0x00000193484a9e80 JavaThread "C2 CompilerThread6"         daemon [_thread_blocked, id=8076, stack(0x0000000a30700000,0x0000000a30800000) (1024K)]
  0x0000019345961360 JavaThread "C2 CompilerThread7"         daemon [_thread_in_native, id=14008, stack(0x0000000a30800000,0x0000000a30900000) (1024K)]
Total: 53

Other Threads:
  0x000001937e8932d0 VMThread "VM Thread"                           [id=1976, stack(0x0000000a2c600000,0x0000000a2c700000) (1024K)]
  0x00000193667bca00 WatcherThread "VM Periodic Task Thread"        [id=11716, stack(0x0000000a2c500000,0x0000000a2c600000) (1024K)]
  0x0000019366947f20 WorkerThread "GC Thread#0"                     [id=12180, stack(0x0000000a2c400000,0x0000000a2c500000) (1024K)]
  0x000001934596a2d0 WorkerThread "GC Thread#1"                     [id=3228, stack(0x0000000a2d700000,0x0000000a2d800000) (1024K)]
  0x000001934596a670 WorkerThread "GC Thread#2"                     [id=1476, stack(0x0000000a2d800000,0x0000000a2d900000) (1024K)]
  0x000001934596aa10 WorkerThread "GC Thread#3"                     [id=12640, stack(0x0000000a2d900000,0x0000000a2da00000) (1024K)]
  0x00000193456644c0 WorkerThread "GC Thread#4"                     [id=10600, stack(0x0000000a2da00000,0x0000000a2db00000) (1024K)]
  0x0000019345664860 WorkerThread "GC Thread#5"                     [id=8568, stack(0x0000000a2db00000,0x0000000a2dc00000) (1024K)]
  0x0000019345664c00 WorkerThread "GC Thread#6"                     [id=1184, stack(0x0000000a2dc00000,0x0000000a2dd00000) (1024K)]
  0x0000019345a462b0 WorkerThread "GC Thread#7"                     [id=12136, stack(0x0000000a2de00000,0x0000000a2df00000) (1024K)]
  0x0000019345861830 WorkerThread "GC Thread#8"                     [id=13260, stack(0x0000000a2e300000,0x0000000a2e400000) (1024K)]
  0x0000019345861bd0 WorkerThread "GC Thread#9"                     [id=13208, stack(0x0000000a2e400000,0x0000000a2e500000) (1024K)]
  0x0000019345d93f00 WorkerThread "GC Thread#10"                    [id=4800, stack(0x0000000a2e700000,0x0000000a2e800000) (1024K)]
  0x0000019345d942a0 WorkerThread "GC Thread#11"                    [id=4696, stack(0x0000000a2e800000,0x0000000a2e900000) (1024K)]
  0x0000019345e34310 WorkerThread "GC Thread#12"                    [id=12360, stack(0x0000000a2e900000,0x0000000a2ea00000) (1024K)]
Total: 15

Threads with active compile tasks:
C2 CompilerThread0  3259 5122       4       org.lombokweb.asm.ClassReader::readMethod (1070 bytes)
C2 CompilerThread2  3259 5083 %     4       org.lombokweb.asm.SymbolTable::<init> @ 98 (554 bytes)
C2 CompilerThread3  3259 5120 %     4       org.lombokweb.asm.ClassReader::readCode @ 2187 (5117 bytes)
C2 CompilerThread4  3259 5159   !   4       org.eclipse.osgi.internal.loader.BundleLoader::findClass0 (491 bytes)
C2 CompilerThread7  3260 5231   !   4       java.util.zip.ZipFile::getEntry (59 bytes)
Total: 5

VM state: not at safepoint (normal execution)

VM Mutex/Monitor currently owned by a thread: None

Heap address: 0x0000000080000000, size: 2048 MB, Compressed Oops mode: 32-bit

CDS archive(s) mapped at: [0x0000019300000000-0x0000019300ba0000-0x0000019300ba0000), size 12189696, SharedBaseAddress: 0x0000019300000000, ArchiveRelocationMode: 1.
Compressed class space mapped at: 0x0000019301000000-0x0000019341000000, reserved size: 1073741824
Narrow klass base: 0x0000019300000000, Narrow klass shift: 0, Narrow klass range: 0x100000000

GC Precious Log:
 CardTable entry size: 512
 CPUs: 16 total, 16 available
 Memory: 16013M
 Large Page Support: Disabled
 NUMA Support: Disabled
 Compressed Oops: Enabled (32-bit)
 Alignments: Space 512K, Generation 512K, Heap 2M
 Heap Min Capacity: 100M
 Heap Initial Capacity: 100M
 Heap Max Capacity: 2G
 Pre-touch: Disabled
 Parallel Workers: 13

Heap:
 PSYoungGen      total 20480K, used 20262K [0x00000000d5580000, 0x00000000d6b80000, 0x0000000100000000)
  eden space 19456K, 99% used [0x00000000d5580000,0x00000000d6867608,0x00000000d6880000)
  from space 1024K, 88% used [0x00000000d6880000,0x00000000d6962558,0x00000000d6980000)
  to   space 1536K, 0% used [0x00000000d6a00000,0x00000000d6a00000,0x00000000d6b80000)
 ParOldGen       total 68608K, used 30169K [0x0000000080000000, 0x0000000084300000, 0x00000000d5580000)
  object space 68608K, 43% used [0x0000000080000000,0x0000000081d76408,0x0000000084300000)
 Metaspace       used 38799K, committed 39872K, reserved 1114112K
  class space    used 3934K, committed 4416K, reserved 1048576K

Card table byte_map: [0x00000193662d0000,0x00000193666e0000] _byte_map_base: 0x0000019365ed0000

Marking Bits: (ParMarkBitMap*) 0x00007ffd6b06a340
 Begin Bits: [0x0000019378dd0000, 0x000001937add0000)
 End Bits:   [0x000001937add0000, 0x000001937cdd0000)

Polling page: 0x0000019364710000

Metaspace:

Usage:
  Non-class:     34.05 MB used.
      Class:      3.84 MB used.
       Both:     37.89 MB used.

Virtual space:
  Non-class space:       64.00 MB reserved,      34.62 MB ( 54%) committed,  1 nodes.
      Class space:        1.00 GB reserved,       4.31 MB ( <1%) committed,  1 nodes.
             Both:        1.06 GB reserved,      38.94 MB (  4%) committed. 

Chunk freelists:
   Non-Class:  13.03 MB
       Class:  11.73 MB
        Both:  24.77 MB

MaxMetaspaceSize: unlimited
CompressedClassSpaceSize: 1.00 GB
Initial GC threshold: 21.00 MB
Current GC threshold: 58.38 MB
CDS: on
 - commit_granule_bytes: 65536.
 - commit_granule_words: 8192.
 - virtual_space_node_default_size: 8388608.
 - enlarge_chunks_in_place: 1.
 - use_allocation_guard: 0.


Internal statistics:

num_allocs_failed_limit: 6.
num_arena_births: 808.
num_arena_deaths: 94.
num_vsnodes_births: 2.
num_vsnodes_deaths: 0.
num_space_committed: 623.
num_space_uncommitted: 0.
num_chunks_returned_to_freelist: 129.
num_chunks_taken_from_freelist: 2515.
num_chunk_merges: 38.
num_chunk_splits: 1545.
num_chunks_enlarged: 938.
num_inconsistent_stats: 0.

CodeHeap 'non-profiled nmethods': size=119168Kb used=2815Kb max_used=2815Kb free=116352Kb
 bounds [0x00000193716c0000, 0x00000193719a0000, 0x0000019378b20000]
CodeHeap 'profiled nmethods': size=119104Kb used=10265Kb max_used=10567Kb free=108839Kb
 bounds [0x0000019369b20000, 0x000001936a590000, 0x0000019370f70000]
CodeHeap 'non-nmethods': size=7488Kb used=3070Kb max_used=3113Kb free=4417Kb
 bounds [0x0000019370f70000, 0x0000019371280000, 0x00000193716c0000]
CodeCache: size=245760Kb, used=16150Kb, max_used=16495Kb, free=229608Kb
 total_blobs=5510, nmethods=4824, adapters=589, full_count=0
Compilation: enabled, stopped_count=0, restarted_count=0

Compilation events (20 events):
Event: 3.220 Thread 0x000001937eb52b70 5219       1       org.eclipse.jdt.internal.core.AbstractModule::getElementType (3 bytes)
Event: 3.220 Thread 0x000001937eb52b70 nmethod 5219 0x0000019371726810 code [0x00000193717269a0, 0x0000019371726a68]
Event: 3.220 Thread 0x000001937eb52b70 5220       3       org.eclipse.jdt.internal.core.JrtPackageFragmentRoot::equals (69 bytes)
Event: 3.220 Thread 0x000001937e979cd0 nmethod 5217 0x0000019369c61890 code [0x0000019369c61ae0, 0x0000019369c627e0]
Event: 3.220 Thread 0x000001937ea7d1e0 nmethod 5218 0x0000019369c9d390 code [0x0000019369c9d5a0, 0x0000019369c9dbd8]
Event: 3.221 Thread 0x000001937e979cd0 5221       3       org.eclipse.jdt.internal.core.OverflowingLRUCache::updateTimestamp (43 bytes)
Event: 3.221 Thread 0x000001937eb52b70 nmethod 5220 0x0000019369c9ca10 code [0x0000019369c9cc20, 0x0000019369c9d1c0]
Event: 3.221 Thread 0x000001937e979cd0 nmethod 5221 0x0000019369c61110 code [0x0000019369c612e0, 0x0000019369c616e8]
Event: 3.223 Thread 0x000001937e8af110 5223       3       java.lang.invoke.InvokerBytecodeGenerator::resolveFrom (81 bytes)
Event: 3.223 Thread 0x00000193466d8050 5224       4       jdk.internal.org.objectweb.asm.ByteVector::putInt (74 bytes)
Event: 3.223 Thread 0x000001937e8af110 nmethod 5223 0x0000019369c9c410 code [0x0000019369c9c5e0, 0x0000019369c9c8b0]
Event: 3.224 Thread 0x00000193484a9e80 nmethod 5161 0x0000019371990f10 code [0x0000019371991380, 0x00000193719936d0]
Event: 3.225 Thread 0x00000193466d8050 nmethod 5224 0x0000019371725f90 code [0x0000019371726120, 0x00000193717262a8]
Event: 3.226 Thread 0x0000019345961360 5225       4       java.lang.invoke.DirectMethodHandle::preparedFieldLambdaForm (48 bytes)
Event: 3.226 Thread 0x00000193466d8050 5226       4       java.lang.invoke.DirectMethodHandle::ftypeKind (38 bytes)
Event: 3.227 Thread 0x000001937ea83cb0 5227       4       java.util.ArrayList::remove (76 bytes)
Event: 3.228 Thread 0x00000193466d8050 nmethod 5226 0x000001937178f990 code [0x000001937178fb20, 0x000001937178fc40]
Event: 3.229 Thread 0x0000019345961360 nmethod 5225 0x000001937178f410 code [0x000001937178f5c0, 0x000001937178f7d0]
Event: 3.230 Thread 0x000001937e979cd0 5228       1       java.lang.Thread::threadId (5 bytes)
Event: 3.230 Thread 0x000001937e979cd0 nmethod 5228 0x000001937178f110 code [0x000001937178f2a0, 0x000001937178f368]

GC Heap History (20 events):
Event: 2.501 GC heap before
{Heap before GC invocations=14 (full 1):
 PSYoungGen      total 24576K, used 24514K [0x00000000d5580000, 0x00000000d7180000, 0x0000000100000000)
  eden space 22016K, 100% used [0x00000000d5580000,0x00000000d6b00000,0x00000000d6b00000)
  from space 2560K, 97% used [0x00000000d6f00000,0x00000000d7170850,0x00000000d7180000)
  to   space 3072K, 0% used [0x00000000d6b80000,0x00000000d6b80000,0x00000000d6e80000)
 ParOldGen       total 68608K, used 18517K [0x0000000080000000, 0x0000000084300000, 0x00000000d5580000)
  object space 68608K, 26% used [0x0000000080000000,0x0000000081215608,0x0000000084300000)
 Metaspace       used 32372K, committed 33344K, reserved 1114112K
  class space    used 3280K, committed 3712K, reserved 1048576K
}
Event: 2.503 GC heap after
{Heap after GC invocations=14 (full 1):
 PSYoungGen      total 24576K, used 2272K [0x00000000d5580000, 0x00000000d7000000, 0x0000000100000000)
  eden space 22016K, 0% used [0x00000000d5580000,0x00000000d5580000,0x00000000d6b00000)
  from space 2560K, 88% used [0x00000000d6b80000,0x00000000d6db8000,0x00000000d6e00000)
  to   space 2048K, 0% used [0x00000000d6e00000,0x00000000d6e00000,0x00000000d7000000)
 ParOldGen       total 68608K, used 20836K [0x0000000080000000, 0x0000000084300000, 0x00000000d5580000)
  object space 68608K, 30% used [0x0000000080000000,0x0000000081459188,0x0000000084300000)
 Metaspace       used 32372K, committed 33344K, reserved 1114112K
  class space    used 3280K, committed 3712K, reserved 1048576K
}
Event: 2.528 GC heap before
{Heap before GC invocations=15 (full 1):
 PSYoungGen      total 24576K, used 24288K [0x00000000d5580000, 0x00000000d7000000, 0x0000000100000000)
  eden space 22016K, 100% used [0x00000000d5580000,0x00000000d6b00000,0x00000000d6b00000)
  from space 2560K, 88% used [0x00000000d6b80000,0x00000000d6db8000,0x00000000d6e00000)
  to   space 2048K, 0% used [0x00000000d6e00000,0x00000000d6e00000,0x00000000d7000000)
 ParOldGen       total 68608K, used 20836K [0x0000000080000000, 0x0000000084300000, 0x00000000d5580000)
  object space 68608K, 30% used [0x0000000080000000,0x0000000081459188,0x0000000084300000)
 Metaspace       used 32385K, committed 33344K, reserved 1114112K
  class space    used 3280K, committed 3712K, reserved 1048576K
}
Event: 2.532 GC heap after
{Heap after GC invocations=15 (full 1):
 PSYoungGen      total 22016K, used 2048K [0x00000000d5580000, 0x00000000d7500000, 0x0000000100000000)
  eden space 19968K, 0% used [0x00000000d5580000,0x00000000d5580000,0x00000000d6900000)
  from space 2048K, 100% used [0x00000000d6e00000,0x00000000d7000000,0x00000000d7000000)
  to   space 5120K, 0% used [0x00000000d6900000,0x00000000d6900000,0x00000000d6e00000)
 ParOldGen       total 68608K, used 23094K [0x0000000080000000, 0x0000000084300000, 0x00000000d5580000)
  object space 68608K, 33% used [0x0000000080000000,0x000000008168db38,0x0000000084300000)
 Metaspace       used 32385K, committed 33344K, reserved 1114112K
  class space    used 3280K, committed 3712K, reserved 1048576K
}
Event: 2.588 GC heap before
{Heap before GC invocations=16 (full 1):
 PSYoungGen      total 22016K, used 22016K [0x00000000d5580000, 0x00000000d7500000, 0x0000000100000000)
  eden space 19968K, 100% used [0x00000000d5580000,0x00000000d6900000,0x00000000d6900000)
  from space 2048K, 100% used [0x00000000d6e00000,0x00000000d7000000,0x00000000d7000000)
  to   space 5120K, 0% used [0x00000000d6900000,0x00000000d6900000,0x00000000d6e00000)
 ParOldGen       total 68608K, used 23094K [0x0000000080000000, 0x0000000084300000, 0x00000000d5580000)
  object space 68608K, 33% used [0x0000000080000000,0x000000008168db38,0x0000000084300000)
 Metaspace       used 32480K, committed 33472K, reserved 1114112K
  class space    used 3287K, committed 3712K, reserved 1048576K
}
Event: 2.590 GC heap after
{Heap after GC invocations=16 (full 1):
 PSYoungGen      total 22528K, used 2112K [0x00000000d5580000, 0x00000000d6f00000, 0x0000000100000000)
  eden space 19968K, 0% used [0x00000000d5580000,0x00000000d5580000,0x00000000d6900000)
  from space 2560K, 82% used [0x00000000d6900000,0x00000000d6b10010,0x00000000d6b80000)
  to   space 3072K, 0% used [0x00000000d6c00000,0x00000000d6c00000,0x00000000d6f00000)
 ParOldGen       total 68608K, used 24963K [0x0000000080000000, 0x0000000084300000, 0x00000000d5580000)
  object space 68608K, 36% used [0x0000000080000000,0x0000000081860c38,0x0000000084300000)
 Metaspace       used 32480K, committed 33472K, reserved 1114112K
  class space    used 3287K, committed 3712K, reserved 1048576K
}
Event: 2.620 GC heap before
{Heap before GC invocations=17 (full 1):
 PSYoungGen      total 22528K, used 22080K [0x00000000d5580000, 0x00000000d6f00000, 0x0000000100000000)
  eden space 19968K, 100% used [0x00000000d5580000,0x00000000d6900000,0x00000000d6900000)
  from space 2560K, 82% used [0x00000000d6900000,0x00000000d6b10010,0x00000000d6b80000)
  to   space 3072K, 0% used [0x00000000d6c00000,0x00000000d6c00000,0x00000000d6f00000)
 ParOldGen       total 68608K, used 24963K [0x0000000080000000, 0x0000000084300000, 0x00000000d5580000)
  object space 68608K, 36% used [0x0000000080000000,0x0000000081860c38,0x0000000084300000)
 Metaspace       used 32590K, committed 33536K, reserved 1114112K
  class space    used 3292K, committed 3712K, reserved 1048576K
}
Event: 2.622 GC heap after
{Heap after GC invocations=17 (full 1):
 PSYoungGen      total 22016K, used 1880K [0x00000000d5580000, 0x00000000d6e00000, 0x0000000100000000)
  eden space 19968K, 0% used [0x00000000d5580000,0x00000000d5580000,0x00000000d6900000)
  from space 2048K, 91% used [0x00000000d6c00000,0x00000000d6dd6200,0x00000000d6e00000)
  to   space 2560K, 0% used [0x00000000d6900000,0x00000000d6900000,0x00000000d6b80000)
 ParOldGen       total 68608K, used 26907K [0x0000000080000000, 0x0000000084300000, 0x00000000d5580000)
  object space 68608K, 39% used [0x0000000080000000,0x0000000081a46c48,0x0000000084300000)
 Metaspace       used 32590K, committed 33536K, reserved 1114112K
  class space    used 3292K, committed 3712K, reserved 1048576K
}
Event: 2.715 GC heap before
{Heap before GC invocations=18 (full 1):
 PSYoungGen      total 22016K, used 21848K [0x00000000d5580000, 0x00000000d6e00000, 0x0000000100000000)
  eden space 19968K, 100% used [0x00000000d5580000,0x00000000d6900000,0x00000000d6900000)
  from space 2048K, 91% used [0x00000000d6c00000,0x00000000d6dd6200,0x00000000d6e00000)
  to   space 2560K, 0% used [0x00000000d6900000,0x00000000d6900000,0x00000000d6b80000)
 ParOldGen       total 68608K, used 26907K [0x0000000080000000, 0x0000000084300000, 0x00000000d5580000)
  object space 68608K, 39% used [0x0000000080000000,0x0000000081a46c48,0x0000000084300000)
 Metaspace       used 33242K, committed 34240K, reserved 1114112K
  class space    used 3379K, committed 3840K, reserved 1048576K
}
Event: 2.716 GC heap after
{Heap after GC invocations=18 (full 1):
 PSYoungGen      total 21504K, used 1536K [0x00000000d5580000, 0x00000000d6d00000, 0x0000000100000000)
  eden space 19968K, 0% used [0x00000000d5580000,0x00000000d5580000,0x00000000d6900000)
  from space 1536K, 100% used [0x00000000d6900000,0x00000000d6a80000,0x00000000d6a80000)
  to   space 2048K, 0% used [0x00000000d6b00000,0x00000000d6b00000,0x00000000d6d00000)
 ParOldGen       total 68608K, used 28651K [0x0000000080000000, 0x0000000084300000, 0x00000000d5580000)
  object space 68608K, 41% used [0x0000000080000000,0x0000000081bfae48,0x0000000084300000)
 Metaspace       used 33242K, committed 34240K, reserved 1114112K
  class space    used 3379K, committed 3840K, reserved 1048576K
}
Event: 2.822 GC heap before
{Heap before GC invocations=19 (full 1):
 PSYoungGen      total 21504K, used 12092K [0x00000000d5580000, 0x00000000d6d00000, 0x0000000100000000)
  eden space 19968K, 52% used [0x00000000d5580000,0x00000000d5fcf238,0x00000000d6900000)
  from space 1536K, 100% used [0x00000000d6900000,0x00000000d6a80000,0x00000000d6a80000)
  to   space 2048K, 0% used [0x00000000d6b00000,0x00000000d6b00000,0x00000000d6d00000)
 ParOldGen       total 68608K, used 28651K [0x0000000080000000, 0x0000000084300000, 0x00000000d5580000)
  object space 68608K, 41% used [0x0000000080000000,0x0000000081bfae48,0x0000000084300000)
 Metaspace       used 34872K, committed 35840K, reserved 1114112K
  class space    used 3535K, committed 3968K, reserved 1048576K
}
Event: 2.824 GC heap after
{Heap after GC invocations=19 (full 1):
 PSYoungGen      total 20992K, used 616K [0x00000000d5580000, 0x00000000d6c00000, 0x0000000100000000)
  eden space 19968K, 0% used [0x00000000d5580000,0x00000000d5580000,0x00000000d6900000)
  from space 1024K, 60% used [0x00000000d6b00000,0x00000000d6b9a230,0x00000000d6c00000)
  to   space 1024K, 0% used [0x00000000d6a00000,0x00000000d6a00000,0x00000000d6b00000)
 ParOldGen       total 68608K, used 30035K [0x0000000080000000, 0x0000000084300000, 0x00000000d5580000)
  object space 68608K, 43% used [0x0000000080000000,0x0000000081d54d20,0x0000000084300000)
 Metaspace       used 34872K, committed 35840K, reserved 1114112K
  class space    used 3535K, committed 3968K, reserved 1048576K
}
Event: 2.824 GC heap before
{Heap before GC invocations=20 (full 2):
 PSYoungGen      total 20992K, used 616K [0x00000000d5580000, 0x00000000d6c00000, 0x0000000100000000)
  eden space 19968K, 0% used [0x00000000d5580000,0x00000000d5580000,0x00000000d6900000)
  from space 1024K, 60% used [0x00000000d6b00000,0x00000000d6b9a230,0x00000000d6c00000)
  to   space 1024K, 0% used [0x00000000d6a00000,0x00000000d6a00000,0x00000000d6b00000)
 ParOldGen       total 68608K, used 30035K [0x0000000080000000, 0x0000000084300000, 0x00000000d5580000)
  object space 68608K, 43% used [0x0000000080000000,0x0000000081d54d20,0x0000000084300000)
 Metaspace       used 34872K, committed 35840K, reserved 1114112K
  class space    used 3535K, committed 3968K, reserved 1048576K
}
Event: 2.853 GC heap after
{Heap after GC invocations=20 (full 2):
 PSYoungGen      total 20992K, used 0K [0x00000000d5580000, 0x00000000d6c00000, 0x0000000100000000)
  eden space 19968K, 0% used [0x00000000d5580000,0x00000000d5580000,0x00000000d6900000)
  from space 1024K, 0% used [0x00000000d6b00000,0x00000000d6b00000,0x00000000d6c00000)
  to   space 1024K, 0% used [0x00000000d6a00000,0x00000000d6a00000,0x00000000d6b00000)
 ParOldGen       total 68608K, used 28639K [0x0000000080000000, 0x0000000084300000, 0x00000000d5580000)
  object space 68608K, 41% used [0x0000000080000000,0x0000000081bf7d18,0x0000000084300000)
 Metaspace       used 34801K, committed 35840K, reserved 1114112K
  class space    used 3514K, committed 3968K, reserved 1048576K
}
Event: 2.964 GC heap before
{Heap before GC invocations=21 (full 2):
 PSYoungGen      total 20992K, used 19965K [0x00000000d5580000, 0x00000000d6c00000, 0x0000000100000000)
  eden space 19968K, 99% used [0x00000000d5580000,0x00000000d68ff450,0x00000000d6900000)
  from space 1024K, 0% used [0x00000000d6b00000,0x00000000d6b00000,0x00000000d6c00000)
  to   space 1024K, 0% used [0x00000000d6a00000,0x00000000d6a00000,0x00000000d6b00000)
 ParOldGen       total 68608K, used 28639K [0x0000000080000000, 0x0000000084300000, 0x00000000d5580000)
  object space 68608K, 41% used [0x0000000080000000,0x0000000081bf7d18,0x0000000084300000)
 Metaspace       used 35681K, committed 36672K, reserved 1114112K
  class space    used 3637K, committed 4096K, reserved 1048576K
}
Event: 2.965 GC heap after
{Heap after GC invocations=21 (full 2):
 PSYoungGen      total 20480K, used 480K [0x00000000d5580000, 0x00000000d6b80000, 0x0000000100000000)
  eden space 19968K, 0% used [0x00000000d5580000,0x00000000d5580000,0x00000000d6900000)
  from space 512K, 93% used [0x00000000d6a00000,0x00000000d6a78000,0x00000000d6a80000)
  to   space 1024K, 0% used [0x00000000d6a80000,0x00000000d6a80000,0x00000000d6b80000)
 ParOldGen       total 68608K, used 28647K [0x0000000080000000, 0x0000000084300000, 0x00000000d5580000)
  object space 68608K, 41% used [0x0000000080000000,0x0000000081bf9d18,0x0000000084300000)
 Metaspace       used 35681K, committed 36672K, reserved 1114112K
  class space    used 3637K, committed 4096K, reserved 1048576K
}
Event: 3.072 GC heap before
{Heap before GC invocations=22 (full 2):
 PSYoungGen      total 20480K, used 20264K [0x00000000d5580000, 0x00000000d6b80000, 0x0000000100000000)
  eden space 19968K, 99% used [0x00000000d5580000,0x00000000d68d2308,0x00000000d6900000)
  from space 512K, 93% used [0x00000000d6a00000,0x00000000d6a78000,0x00000000d6a80000)
  to   space 1024K, 0% used [0x00000000d6a80000,0x00000000d6a80000,0x00000000d6b80000)
 ParOldGen       total 68608K, used 28647K [0x0000000080000000, 0x0000000084300000, 0x00000000d5580000)
  object space 68608K, 41% used [0x0000000080000000,0x0000000081bf9d18,0x0000000084300000)
 Metaspace       used 36992K, committed 38016K, reserved 1114112K
  class space    used 3767K, committed 4224K, reserved 1048576K
}
Event: 3.073 GC heap after
{Heap after GC invocations=22 (full 2):
 PSYoungGen      total 20480K, used 1021K [0x00000000d5580000, 0x00000000d6d00000, 0x0000000100000000)
  eden space 19456K, 0% used [0x00000000d5580000,0x00000000d5580000,0x00000000d6880000)
  from space 1024K, 99% used [0x00000000d6a80000,0x00000000d6b7f638,0x00000000d6b80000)
  to   space 2048K, 0% used [0x00000000d6880000,0x00000000d6880000,0x00000000d6a80000)
 ParOldGen       total 68608K, used 29420K [0x0000000080000000, 0x0000000084300000, 0x00000000d5580000)
  object space 68608K, 42% used [0x0000000080000000,0x0000000081cbb098,0x0000000084300000)
 Metaspace       used 36992K, committed 38016K, reserved 1114112K
  class space    used 3767K, committed 4224K, reserved 1048576K
}
Event: 3.106 GC heap before
{Heap before GC invocations=23 (full 2):
 PSYoungGen      total 20480K, used 20393K [0x00000000d5580000, 0x00000000d6d00000, 0x0000000100000000)
  eden space 19456K, 99% used [0x00000000d5580000,0x00000000d686af48,0x00000000d6880000)
  from space 1024K, 99% used [0x00000000d6a80000,0x00000000d6b7f638,0x00000000d6b80000)
  to   space 2048K, 0% used [0x00000000d6880000,0x00000000d6880000,0x00000000d6a80000)
 ParOldGen       total 68608K, used 29420K [0x0000000080000000, 0x0000000084300000, 0x00000000d5580000)
  object space 68608K, 42% used [0x0000000080000000,0x0000000081cbb098,0x0000000084300000)
 Metaspace       used 37000K, committed 38016K, reserved 1114112K
  class space    used 3767K, committed 4224K, reserved 1048576K
}
Event: 3.107 GC heap after
{Heap after GC invocations=23 (full 2):
 PSYoungGen      total 20480K, used 905K [0x00000000d5580000, 0x00000000d6b80000, 0x0000000100000000)
  eden space 19456K, 0% used [0x00000000d5580000,0x00000000d5580000,0x00000000d6880000)
  from space 1024K, 88% used [0x00000000d6880000,0x00000000d6962558,0x00000000d6980000)
  to   space 1536K, 0% used [0x00000000d6a00000,0x00000000d6a00000,0x00000000d6b80000)
 ParOldGen       total 68608K, used 30169K [0x0000000080000000, 0x0000000084300000, 0x00000000d5580000)
  object space 68608K, 43% used [0x0000000080000000,0x0000000081d76408,0x0000000084300000)
 Metaspace       used 37000K, committed 38016K, reserved 1114112K
  class space    used 3767K, committed 4224K, reserved 1048576K
}

Dll operation events (10 events):
Event: 0.004 Loaded shared library c:\Users\Amen\.vscode\extensions\redhat.java-1.44.0-win32-x64\jre\21.0.8-win32-x86_64\bin\java.dll
Event: 0.036 Loaded shared library c:\Users\Amen\.vscode\extensions\redhat.java-1.44.0-win32-x64\jre\21.0.8-win32-x86_64\bin\zip.dll
Event: 0.048 Loaded shared library C:\Users\Amen\.vscode\extensions\redhat.java-1.44.0-win32-x64\jre\21.0.8-win32-x86_64\bin\instrument.dll
Event: 0.051 Loaded shared library C:\Users\Amen\.vscode\extensions\redhat.java-1.44.0-win32-x64\jre\21.0.8-win32-x86_64\bin\net.dll
Event: 0.052 Loaded shared library C:\Users\Amen\.vscode\extensions\redhat.java-1.44.0-win32-x64\jre\21.0.8-win32-x86_64\bin\nio.dll
Event: 0.053 Loaded shared library C:\Users\Amen\.vscode\extensions\redhat.java-1.44.0-win32-x64\jre\21.0.8-win32-x86_64\bin\zip.dll
Event: 0.062 Loaded shared library C:\Users\Amen\.vscode\extensions\redhat.java-1.44.0-win32-x64\jre\21.0.8-win32-x86_64\bin\jimage.dll
Event: 0.092 Loaded shared library c:\Users\Amen\.vscode\extensions\redhat.java-1.44.0-win32-x64\jre\21.0.8-win32-x86_64\bin\verify.dll
Event: 0.697 Loaded shared library C:\Users\Amen\AppData\Roaming\Code\User\globalStorage\redhat.java\1.44.0\config_ss_win\org.eclipse.equinox.launcher\org.eclipse.equinox.launcher.win32.win32.x86_64_1.2.1400.v20250730-1736\eclipse_11913.dll
Event: 1.300 Loaded shared library C:\Users\Amen\AppData\Local\Temp\jna-2044405\jna2286501223477979062.dll

Deoptimization events (20 events):
Event: 3.161 Thread 0x00000193478828b0 Uncommon trap: trap_request=0xffffffbe fr.pc=0x0000019371983f80 relative=0x0000000000002060
Event: 3.161 Thread 0x00000193478828b0 Uncommon trap: reason=profile_predicate action=maybe_recompile pc=0x0000019371983f80 method=org.eclipse.osgi.internal.loader.BundleLoader.searchHooks(Ljava/lang/String;I)Ljava/lang/Object; @ 186 c2
Event: 3.161 Thread 0x00000193478828b0 DEOPT PACKING pc=0x0000019371983f80 sp=0x0000000a303fc150
Event: 3.161 Thread 0x00000193478828b0 DEOPT UNPACKING pc=0x0000019370fc3aa2 sp=0x0000000a303fc158 mode 2
Event: 3.161 Thread 0x00000193478828b0 Uncommon trap: trap_request=0xffffffbe fr.pc=0x0000019371983f80 relative=0x0000000000002060
Event: 3.161 Thread 0x00000193478828b0 Uncommon trap: reason=profile_predicate action=maybe_recompile pc=0x0000019371983f80 method=org.eclipse.osgi.internal.loader.BundleLoader.searchHooks(Ljava/lang/String;I)Ljava/lang/Object; @ 186 c2
Event: 3.161 Thread 0x00000193478828b0 DEOPT PACKING pc=0x0000019371983f80 sp=0x0000000a303fc150
Event: 3.161 Thread 0x00000193478828b0 DEOPT UNPACKING pc=0x0000019370fc3aa2 sp=0x0000000a303fc158 mode 2
Event: 3.169 Thread 0x00000193478856a0 Uncommon trap: trap_request=0xffffffcc fr.pc=0x00000193717291e8 relative=0x0000000000001b88
Event: 3.169 Thread 0x00000193478856a0 Uncommon trap: reason=intrinsic_or_type_checked_inlining action=make_not_entrant pc=0x00000193717291e8 method=java.util.ArrayList$SubList.toArray([Ljava/lang/Object;)[Ljava/lang/Object; @ 58 c2
Event: 3.169 Thread 0x00000193478856a0 DEOPT PACKING pc=0x00000193717291e8 sp=0x0000000a304fda80
Event: 3.169 Thread 0x00000193478856a0 DEOPT UNPACKING pc=0x0000019370fc3aa2 sp=0x0000000a304fd9b8 mode 2
Event: 3.184 Thread 0x00000193478856a0 Uncommon trap: trap_request=0xffffff54 fr.pc=0x00000193717c093c relative=0x000000000000009c
Event: 3.184 Thread 0x00000193478828b0 Uncommon trap: trap_request=0xffffff54 fr.pc=0x00000193717c093c relative=0x000000000000009c
Event: 3.184 Thread 0x00000193478856a0 Uncommon trap: reason=speculate_null_assert action=make_not_entrant pc=0x00000193717c093c method=java.lang.invoke.LambdaFormEditor.getInCache(Ljava/lang/invoke/LambdaFormEditor$TransformKey;)Ljava/lang/invoke/LambdaForm; @ 37 c2
Event: 3.184 Thread 0x00000193478828b0 Uncommon trap: reason=speculate_null_assert action=make_not_entrant pc=0x00000193717c093c method=java.lang.invoke.LambdaFormEditor.getInCache(Ljava/lang/invoke/LambdaFormEditor$TransformKey;)Ljava/lang/invoke/LambdaForm; @ 37 c2
Event: 3.184 Thread 0x00000193478828b0 DEOPT PACKING pc=0x00000193717c093c sp=0x0000000a303fcb10
Event: 3.184 Thread 0x00000193478828b0 DEOPT UNPACKING pc=0x0000019370fc3aa2 sp=0x0000000a303fca70 mode 2
Event: 3.184 Thread 0x00000193478856a0 DEOPT PACKING pc=0x00000193717c093c sp=0x0000000a304fcc70
Event: 3.184 Thread 0x00000193478856a0 DEOPT UNPACKING pc=0x0000019370fc3aa2 sp=0x0000000a304fcbd0 mode 2

Classes loaded (20 events):
Event: 2.433 Loading class java/util/AbstractList$ListItr
Event: 2.433 Loading class java/util/AbstractList$ListItr done
Event: 2.444 Loading class java/nio/channels/Channels$ReadableByteChannelImpl
Event: 2.444 Loading class java/nio/channels/Channels$ReadableByteChannelImpl done
Event: 2.445 Loading class java/nio/channels/NonWritableChannelException
Event: 2.445 Loading class java/nio/channels/NonWritableChannelException done
Event: 2.555 Loading class java/lang/invoke/MethodHandleImpl$CountingWrapper$1
Event: 2.556 Loading class java/lang/invoke/MethodHandleImpl$CountingWrapper$1 done
Event: 2.693 Loading class java/lang/ExceptionInInitializerError
Event: 2.693 Loading class java/lang/ExceptionInInitializerError done
Event: 2.763 Loading class sun/misc/Unsafe
Event: 2.763 Loading class sun/misc/Unsafe done
Event: 2.889 Loading class java/util/Vector$1
Event: 2.889 Loading class java/util/Vector$1 done
Event: 2.985 Loading class java/util/regex/Pattern$Caret
Event: 2.985 Loading class java/util/regex/Pattern$Caret done
Event: 3.031 Loading class java/util/regex/Pattern$Pos
Event: 3.031 Loading class java/util/regex/Pattern$Pos done
Event: 3.219 Loading class java/util/Hashtable$ValueCollection
Event: 3.219 Loading class java/util/Hashtable$ValueCollection done

Classes unloaded (20 events):
Event: 2.831 Thread 0x000001937e8932d0 Unloading class 0x0000019301386000 'java/lang/invoke/LambdaForm$MH+0x0000019301386000'
Event: 2.831 Thread 0x000001937e8932d0 Unloading class 0x0000019301385c00 'java/lang/invoke/LambdaForm$MH+0x0000019301385c00'
Event: 2.831 Thread 0x000001937e8932d0 Unloading class 0x0000019301382400 'java/lang/invoke/LambdaForm$MH+0x0000019301382400'
Event: 2.831 Thread 0x000001937e8932d0 Unloading class 0x0000019301382000 'java/lang/invoke/LambdaForm$MH+0x0000019301382000'
Event: 2.831 Thread 0x000001937e8932d0 Unloading class 0x0000019301381800 'java/lang/invoke/LambdaForm$MH+0x0000019301381800'
Event: 2.831 Thread 0x000001937e8932d0 Unloading class 0x0000019301381400 'java/lang/invoke/LambdaForm$MH+0x0000019301381400'
Event: 2.831 Thread 0x000001937e8932d0 Unloading class 0x0000019301380c00 'java/lang/invoke/LambdaForm$MH+0x0000019301380c00'
Event: 2.831 Thread 0x000001937e8932d0 Unloading class 0x0000019301380800 'java/lang/invoke/LambdaForm$MH+0x0000019301380800'
Event: 2.831 Thread 0x000001937e8932d0 Unloading class 0x0000019301380400 'java/lang/invoke/LambdaForm$MH+0x0000019301380400'
Event: 2.831 Thread 0x000001937e8932d0 Unloading class 0x0000019301380000 'java/lang/invoke/LambdaForm$MH+0x0000019301380000'
Event: 2.831 Thread 0x000001937e8932d0 Unloading class 0x000001930136f400 'java/lang/invoke/LambdaForm$MH+0x000001930136f400'
Event: 2.831 Thread 0x000001937e8932d0 Unloading class 0x000001930136f000 'java/lang/invoke/LambdaForm$MH+0x000001930136f000'
Event: 2.831 Thread 0x000001937e8932d0 Unloading class 0x000001930136e800 'java/lang/invoke/LambdaForm$MH+0x000001930136e800'
Event: 2.831 Thread 0x000001937e8932d0 Unloading class 0x000001930136e400 'java/lang/invoke/LambdaForm$MH+0x000001930136e400'
Event: 2.831 Thread 0x000001937e8932d0 Unloading class 0x000001930136dc00 'java/lang/invoke/LambdaForm$MH+0x000001930136dc00'
Event: 2.831 Thread 0x000001937e8932d0 Unloading class 0x000001930136d800 'java/lang/invoke/LambdaForm$MH+0x000001930136d800'
Event: 2.831 Thread 0x000001937e8932d0 Unloading class 0x000001930136d400 'java/lang/invoke/LambdaForm$MH+0x000001930136d400'
Event: 2.831 Thread 0x000001937e8932d0 Unloading class 0x000001930136d000 'java/lang/invoke/LambdaForm$MH+0x000001930136d000'
Event: 2.831 Thread 0x000001937e8932d0 Unloading class 0x000001930136c800 'java/lang/invoke/LambdaForm$DMH+0x000001930136c800'
Event: 2.831 Thread 0x000001937e8932d0 Unloading class 0x000001930136c400 'java/lang/invoke/LambdaForm$DMH+0x000001930136c400'

Classes redefined (0 events):
No events

Internal exceptions (20 events):
Event: 2.351 Thread 0x0000019347881b90 Exception <a 'java/lang/NoSuchMethodError'{0x00000000d6609fc0}: 'int java.lang.invoke.Invokers$Holder.linkToTargetMethod(java.lang.Object, java.lang.Object)'> (0x00000000d6609fc0) 
thrown [s\src\hotspot\share\interpreter\linkResolver.cpp, line 773]
Event: 2.351 Thread 0x00000193478856a0 Exception <a 'java/lang/NoSuchMethodError'{0x00000000d6600160}: 'int java.lang.invoke.Invokers$Holder.linkToTargetMethod(java.lang.Object, java.lang.Object)'> (0x00000000d6600160) 
thrown [s\src\hotspot\share\interpreter\linkResolver.cpp, line 773]
Event: 2.422 Thread 0x00000193478856a0 Exception <a 'java/lang/NoSuchMethodError'{0x00000000d5b24dc0}: 'int java.lang.invoke.DirectMethodHandle$Holder.invokeSpecial(java.lang.Object, java.lang.Object, java.lang.Object, java.lang.Object)'> (0x00000000d5b24dc0) 
thrown [s\src\hotspot\share\interpreter\linkResolver.cpp, line 773]
Event: 2.422 Thread 0x00000193478828b0 Exception <a 'java/lang/NoSuchMethodError'{0x00000000d5b2b878}: 'int java.lang.invoke.DirectMethodHandle$Holder.invokeSpecial(java.lang.Object, java.lang.Object, java.lang.Object, java.lang.Object)'> (0x00000000d5b2b878) 
thrown [s\src\hotspot\share\interpreter\linkResolver.cpp, line 773]
Event: 2.423 Thread 0x00000193478828b0 Exception <a 'java/lang/NoSuchMethodError'{0x00000000d5b390f8}: 'java.lang.Object java.lang.invoke.DirectMethodHandle$Holder.invokeStatic(java.lang.Object, int, java.lang.Object, java.lang.Object)'> (0x00000000d5b390f8) 
thrown [s\src\hotspot\share\interpreter\linkResolver.cpp, line 773]
Event: 2.423 Thread 0x00000193478856a0 Exception <a 'java/lang/NoSuchMethodError'{0x00000000d5b4b638}: 'java.lang.Object java.lang.invoke.DirectMethodHandle$Holder.invokeStatic(java.lang.Object, int, java.lang.Object, java.lang.Object)'> (0x00000000d5b4b638) 
thrown [s\src\hotspot\share\interpreter\linkResolver.cpp, line 773]
Event: 2.424 Thread 0x00000193478828b0 Exception <a 'java/lang/NoSuchMethodError'{0x00000000d5b3cba8}: 'java.lang.Object java.lang.invoke.DelegatingMethodHandle$Holder.delegate(java.lang.Object, int, java.lang.Object, java.lang.Object)'> (0x00000000d5b3cba8) 
thrown [s\src\hotspot\share\interpreter\linkResolver.cpp, line 773]
Event: 2.424 Thread 0x00000193478856a0 Exception <a 'java/lang/NoSuchMethodError'{0x00000000d5b4eeb8}: 'java.lang.Object java.lang.invoke.DelegatingMethodHandle$Holder.delegate(java.lang.Object, int, java.lang.Object, java.lang.Object)'> (0x00000000d5b4eeb8) 
thrown [s\src\hotspot\share\interpreter\linkResolver.cpp, line 773]
Event: 2.425 Thread 0x00000193478828b0 Implicit null exception at 0x000001937188cdf6 to 0x000001937188d12c
Event: 2.425 Thread 0x00000193478856a0 Implicit null exception at 0x000001937188cdf6 to 0x000001937188d12c
Event: 2.426 Thread 0x00000193478856a0 Exception <a 'java/lang/NoSuchMethodError'{0x00000000d5bbd0f8}: 'int java.lang.invoke.Invokers$Holder.linkToTargetMethod(java.lang.Object, java.lang.Object, java.lang.Object)'> (0x00000000d5bbd0f8) 
thrown [s\src\hotspot\share\interpreter\linkResolver.cpp, line 773]
Event: 2.426 Thread 0x00000193478828b0 Exception <a 'java/lang/NoSuchMethodError'{0x00000000d5b67f50}: 'int java.lang.invoke.Invokers$Holder.linkToTargetMethod(java.lang.Object, java.lang.Object, java.lang.Object)'> (0x00000000d5b67f50) 
thrown [s\src\hotspot\share\interpreter\linkResolver.cpp, line 773]
Event: 2.798 Thread 0x00000193478856a0 Exception <a 'java/lang/LinkageError'{0x00000000d5c7b718}: loader lombok.launch.ShadowClassLoader @344b610b attempted duplicate class definition for lombok.launch.PatchFixesHider$Transform. (lombok.launch.PatchFixesHider$Transform is in unnamed module of loader lombok.launch.ShadowClassLoader @344b610b, parent loader org.eclipse.osgi.internal.loader.EquinoxClassLoader @5147e870)> (0x00000000d5c7b718) 
thrown [s\src\hotspot\share\classfile\systemDictionary.cpp, line 1682]
Event: 2.798 Thread 0x0000019347881b90 Exception <a 'java/lang/LinkageError'{0x00000000d5c09ee0}: loader lombok.launch.ShadowClassLoader @344b610b attempted duplicate class definition for lombok.launch.PatchFixesHider$Transform. (lombok.launch.PatchFixesHider$Transform is in unnamed module of loader lombok.launch.ShadowClassLoader @344b610b, parent loader org.eclipse.osgi.internal.loader.EquinoxClassLoader @5147e870)> (0x00000000d5c09ee0) 
thrown [s\src\hotspot\share\classfile\systemDictionary.cpp, line 1682]
Event: 3.037 Thread 0x00000193478856a0 Exception <a 'java/lang/LinkageError'{0x00000000d5fa1860}: loader lombok.launch.ShadowClassLoader @344b610b attempted duplicate class definition for lombok.launch.PatchFixesHider$ValPortal. (lombok.launch.PatchFixesHider$ValPortal is in unnamed module of loader lombok.launch.ShadowClassLoader @344b610b, parent loader org.eclipse.osgi.internal.loader.EquinoxClassLoader @5147e870)> (0x00000000d5fa1860) 
thrown [s\src\hotspot\share\classfile\systemDictionary.cpp, line 1682]
Event: 3.037 Thread 0x00000193478828b0 Exception <a 'java/lang/LinkageError'{0x00000000d5f691b8}: loader lombok.launch.ShadowClassLoader @344b610b attempted duplicate class definition for lombok.launch.PatchFixesHider$ValPortal. (lombok.launch.PatchFixesHider$ValPortal is in unnamed module of loader lombok.launch.ShadowClassLoader @344b610b, parent loader org.eclipse.osgi.internal.loader.EquinoxClassLoader @5147e870)> (0x00000000d5f691b8) 
thrown [s\src\hotspot\share\classfile\systemDictionary.cpp, line 1682]
Event: 3.197 Thread 0x00000193478856a0 Exception <a 'java/lang/LinkageError'{0x00000000d641c008}: loader lombok.launch.ShadowClassLoader @519acd67 attempted duplicate class definition for lombok.launch.PatchFixesHider$FieldInitializer. (lombok.launch.PatchFixesHider$FieldInitializer is in unnamed module of loader lombok.launch.ShadowClassLoader @519acd67, parent loader org.eclipse.osgi.internal.loader.EquinoxClassLoader @7d298c10)> (0x00000000d641c008) 
thrown [s\src\hotspot\share\classfile\systemDictionary.cpp, line 1682]
Event: 3.198 Thread 0x00000193478828b0 Exception <a 'java/lang/LinkageError'{0x00000000d6313748}: loader lombok.launch.ShadowClassLoader @519acd67 attempted duplicate class definition for lombok.launch.PatchFixesHider$FieldInitializer. (lombok.launch.PatchFixesHider$FieldInitializer is in unnamed module of loader lombok.launch.ShadowClassLoader @519acd67, parent loader org.eclipse.osgi.internal.loader.EquinoxClassLoader @7d298c10)> (0x00000000d6313748) 
thrown [s\src\hotspot\share\classfile\systemDictionary.cpp, line 1682]
Event: 3.223 Thread 0x00000193478828b0 Exception <a 'java/lang/NoSuchMethodError'{0x00000000d64aaa50}: 'java.lang.Object java.lang.invoke.DirectMethodHandle$Holder.invokeSpecial(java.lang.Object, java.lang.Object, java.lang.Object, java.lang.Object, int, java.lang.Object, java.lang.Object)'> (0x00000000d64aaa50) 
thrown [s\src\hotspot\share\interpreter\linkResolver.cpp, line 773]
Event: 3.223 Thread 0x00000193478856a0 Exception <a 'java/lang/NoSuchMethodError'{0x00000000d65b7890}: 'java.lang.Object java.lang.invoke.DirectMethodHandle$Holder.invokeSpecial(java.lang.Object, java.lang.Object, java.lang.Object, java.lang.Object, int, java.lang.Object, java.lang.Object)'> (0x00000000d65b7890) 
thrown [s\src\hotspot\share\interpreter\linkResolver.cpp, line 773]

ZGC Phase Switch (0 events):
No events

VM Operations (20 events):
Event: 2.588 Executing VM operation: ParallelGCFailedAllocation (Allocation Failure)
Event: 2.590 Executing VM operation: ParallelGCFailedAllocation (Allocation Failure) done
Event: 2.620 Executing VM operation: ParallelGCFailedAllocation (Allocation Failure)
Event: 2.622 Executing VM operation: ParallelGCFailedAllocation (Allocation Failure) done
Event: 2.668 Executing VM operation: HandshakeAllThreads (Deoptimize)
Event: 2.669 Executing VM operation: HandshakeAllThreads (Deoptimize) done
Event: 2.715 Executing VM operation: ParallelGCFailedAllocation (Allocation Failure)
Event: 2.716 Executing VM operation: ParallelGCFailedAllocation (Allocation Failure) done
Event: 2.772 Executing VM operation: HandshakeAllThreads (Deoptimize)
Event: 2.772 Executing VM operation: HandshakeAllThreads (Deoptimize) done
Event: 2.822 Executing VM operation: CollectForMetadataAllocation (Metadata GC Threshold)
Event: 2.853 Executing VM operation: CollectForMetadataAllocation (Metadata GC Threshold) done
Event: 2.964 Executing VM operation: ParallelGCFailedAllocation (Allocation Failure)
Event: 2.965 Executing VM operation: ParallelGCFailedAllocation (Allocation Failure) done
Event: 3.072 Executing VM operation: ParallelGCFailedAllocation (Allocation Failure)
Event: 3.074 Executing VM operation: ParallelGCFailedAllocation (Allocation Failure) done
Event: 3.106 Executing VM operation: ParallelGCFailedAllocation (Allocation Failure)
Event: 3.107 Executing VM operation: ParallelGCFailedAllocation (Allocation Failure) done
Event: 3.170 Executing VM operation: HandshakeAllThreads (Deoptimize)
Event: 3.170 Executing VM operation: HandshakeAllThreads (Deoptimize) done

Memory protections (0 events):
No events

Nmethod flushes (20 events):
Event: 2.836 Thread 0x000001937e8932d0 flushing  nmethod 0x0000019369ea9b90
Event: 2.836 Thread 0x000001937e8932d0 flushing  nmethod 0x0000019369ea9e90
Event: 2.836 Thread 0x000001937e8932d0 flushing  nmethod 0x0000019369eaf990
Event: 2.836 Thread 0x000001937e8932d0 flushing  nmethod 0x0000019369eba510
Event: 2.836 Thread 0x000001937e8932d0 flushing  nmethod 0x0000019369f3ab10
Event: 2.836 Thread 0x000001937e8932d0 flushing  nmethod 0x0000019369f3d710
Event: 2.836 Thread 0x000001937e8932d0 flushing  nmethod 0x0000019369f9ec90
Event: 2.836 Thread 0x000001937e8932d0 flushing  nmethod 0x0000019369f9f590
Event: 2.836 Thread 0x000001937e8932d0 flushing  nmethod 0x0000019369f9fe10
Event: 2.836 Thread 0x000001937e8932d0 flushing  nmethod 0x0000019369fcde90
Event: 2.836 Thread 0x000001937e8932d0 flushing  nmethod 0x0000019369fcf190
Event: 2.836 Thread 0x000001937e8932d0 flushing  nmethod 0x0000019369fd3190
Event: 2.836 Thread 0x000001937e8932d0 flushing  nmethod 0x0000019369fe6c10
Event: 2.836 Thread 0x000001937e8932d0 flushing  nmethod 0x000001936a010510
Event: 2.836 Thread 0x000001937e8932d0 flushing  nmethod 0x000001936a022c10
Event: 2.836 Thread 0x000001937e8932d0 flushing  nmethod 0x000001936a05cc10
Event: 2.836 Thread 0x000001937e8932d0 flushing  nmethod 0x000001936a05dc10
Event: 2.836 Thread 0x000001937e8932d0 flushing  nmethod 0x000001936a05ed90
Event: 2.836 Thread 0x000001937e8932d0 flushing  nmethod 0x000001936a06d810
Event: 2.836 Thread 0x000001937e8932d0 flushing  nmethod 0x000001936a073110

Events (20 events):
Event: 1.947 Thread 0x0000019366929950 Thread added: 0x00000193478807e0
Event: 1.947 Thread 0x0000019366929950 Thread added: 0x000001934787f430
Event: 1.947 Thread 0x0000019366929950 Thread added: 0x0000019347880150
Event: 1.947 Thread 0x0000019366929950 Thread added: 0x0000019347880e70
Event: 1.948 Thread 0x0000019366929950 Thread added: 0x0000019347881500
Event: 1.948 Thread 0x0000019366929950 Thread added: 0x000001934787e080
Event: 1.954 Thread 0x0000019366929950 Thread added: 0x0000019347884980
Event: 2.048 Thread 0x0000019366929950 Thread added: 0x0000019347883c60
Event: 2.049 Thread 0x0000019366929950 Thread added: 0x0000019347881b90
Event: 2.114 Thread 0x0000019345d6e480 Thread added: 0x0000019347882220
Event: 2.202 Thread 0x0000019347881b90 Thread added: 0x00000193478828b0
Event: 2.202 Thread 0x0000019347881b90 Thread added: 0x00000193478856a0
Event: 2.382 Thread 0x0000019345f45f00 Thread added: 0x0000019347b559a0
Event: 2.389 Thread 0x0000019345f465a0 Thread added: 0x00000193466d8050
Event: 2.400 Thread 0x000001937e8af110 Thread added: 0x0000019348035a50
Event: 2.400 Thread 0x000001937e8af110 Thread added: 0x0000019348421610
Event: 3.018 Thread 0x0000019348421610 Thread exited: 0x0000019348421610
Event: 3.018 Thread 0x0000019348035a50 Thread exited: 0x0000019348035a50
Event: 3.116 Thread 0x000001937eb52b70 Thread added: 0x00000193484a9e80
Event: 3.116 Thread 0x000001937eb52b70 Thread added: 0x0000019345961360


Dynamic libraries:
0x00007ff701eb0000 - 0x00007ff701ebe000 	c:\Users\Amen\.vscode\extensions\redhat.java-1.44.0-win32-x64\jre\21.0.8-win32-x86_64\bin\java.exe
0x00007ffdbbf20000 - 0x00007ffdbc188000 	C:\WINDOWS\SYSTEM32\ntdll.dll
0x00007ffdbb480000 - 0x00007ffdbb549000 	C:\WINDOWS\System32\KERNEL32.DLL
0x00007ffdb92a0000 - 0x00007ffdb968d000 	C:\WINDOWS\System32\KERNELBASE.dll
0x00007ffdb9780000 - 0x00007ffdb98cb000 	C:\WINDOWS\System32\ucrtbase.dll
0x00007ffdb23e0000 - 0x00007ffdb23f8000 	c:\Users\Amen\.vscode\extensions\redhat.java-1.44.0-win32-x64\jre\21.0.8-win32-x86_64\bin\jli.dll
0x00007ffdb23c0000 - 0x00007ffdb23de000 	c:\Users\Amen\.vscode\extensions\redhat.java-1.44.0-win32-x64\jre\21.0.8-win32-x86_64\bin\VCRUNTIME140.dll
0x00007ffdbacb0000 - 0x00007ffdbae7c000 	C:\WINDOWS\System32\USER32.dll
0x00007ffdb9690000 - 0x00007ffdb96b7000 	C:\WINDOWS\System32\win32u.dll
0x00007ffdb9cc0000 - 0x00007ffdb9ceb000 	C:\WINDOWS\System32\GDI32.dll
0x00007ffda3c40000 - 0x00007ffda3eda000 	C:\WINDOWS\WinSxS\amd64_microsoft.windows.common-controls_6595b64144ccf1df_6.0.26100.4484_none_3e0e6d4ce32ef3b3\COMCTL32.dll
0x00007ffdb9b80000 - 0x00007ffdb9cb7000 	C:\WINDOWS\System32\gdi32full.dll
0x00007ffdb91f0000 - 0x00007ffdb9293000 	C:\WINDOWS\System32\msvcp_win.dll
0x00007ffdbb290000 - 0x00007ffdbb339000 	C:\WINDOWS\System32\msvcrt.dll
0x00007ffdba460000 - 0x00007ffdba48f000 	C:\WINDOWS\System32\IMM32.DLL
0x00007ffdad740000 - 0x00007ffdad74c000 	c:\Users\Amen\.vscode\extensions\redhat.java-1.44.0-win32-x64\jre\21.0.8-win32-x86_64\bin\vcruntime140_1.dll
0x00007ffd8f730000 - 0x00007ffd8f7bd000 	c:\Users\Amen\.vscode\extensions\redhat.java-1.44.0-win32-x64\jre\21.0.8-win32-x86_64\bin\msvcp140.dll
0x00007ffd6a3b0000 - 0x00007ffd6b147000 	c:\Users\Amen\.vscode\extensions\redhat.java-1.44.0-win32-x64\jre\21.0.8-win32-x86_64\bin\server\jvm.dll
0x00007ffdbab70000 - 0x00007ffdbac24000 	C:\WINDOWS\System32\ADVAPI32.dll
0x00007ffdbb3d0000 - 0x00007ffdbb476000 	C:\WINDOWS\System32\sechost.dll
0x00007ffdbb550000 - 0x00007ffdbb668000 	C:\WINDOWS\System32\RPCRT4.dll
0x00007ffdba080000 - 0x00007ffdba0f4000 	C:\WINDOWS\System32\WS2_32.dll
0x00007ffdb8ec0000 - 0x00007ffdb8f1e000 	C:\WINDOWS\SYSTEM32\POWRPROF.dll
0x00007ffda1dc0000 - 0x00007ffda1df5000 	C:\WINDOWS\SYSTEM32\WINMM.dll
0x00007ffdb08a0000 - 0x00007ffdb08ab000 	C:\WINDOWS\SYSTEM32\VERSION.dll
0x00007ffdb8ea0000 - 0x00007ffdb8eb4000 	C:\WINDOWS\SYSTEM32\UMPDC.dll
0x00007ffdb7e10000 - 0x00007ffdb7e2b000 	C:\WINDOWS\SYSTEM32\kernel.appcore.dll
0x00007ffdad2d0000 - 0x00007ffdad2da000 	c:\Users\Amen\.vscode\extensions\redhat.java-1.44.0-win32-x64\jre\21.0.8-win32-x86_64\bin\jimage.dll
0x00007ffdb69a0000 - 0x00007ffdb6be1000 	C:\WINDOWS\SYSTEM32\DBGHELP.DLL
0x00007ffdb9cf0000 - 0x00007ffdba076000 	C:\WINDOWS\System32\combase.dll
0x00007ffdba110000 - 0x00007ffdba1f0000 	C:\WINDOWS\System32\OLEAUT32.dll
0x00007ffdaaa10000 - 0x00007ffdaaa53000 	C:\WINDOWS\SYSTEM32\dbgcore.DLL
0x00007ffdb98d0000 - 0x00007ffdb9969000 	C:\WINDOWS\System32\bcryptPrimitives.dll
0x00007ffdaa780000 - 0x00007ffdaa78f000 	c:\Users\Amen\.vscode\extensions\redhat.java-1.44.0-win32-x64\jre\21.0.8-win32-x86_64\bin\instrument.dll
0x00007ffdaa730000 - 0x00007ffdaa74f000 	c:\Users\Amen\.vscode\extensions\redhat.java-1.44.0-win32-x64\jre\21.0.8-win32-x86_64\bin\java.dll
0x00007ffdbb770000 - 0x00007ffdbbeba000 	C:\WINDOWS\System32\SHELL32.dll
0x00007ffdb9a00000 - 0x00007ffdb9b74000 	C:\WINDOWS\System32\wintypes.dll
0x00007ffdb6bf0000 - 0x00007ffdb744b000 	C:\WINDOWS\SYSTEM32\windows.storage.dll
0x00007ffdba250000 - 0x00007ffdba345000 	C:\WINDOWS\System32\SHCORE.dll
0x00007ffdbac40000 - 0x00007ffdbacaa000 	C:\WINDOWS\System32\shlwapi.dll
0x00007ffdb8f50000 - 0x00007ffdb8f7f000 	C:\WINDOWS\SYSTEM32\profapi.dll
0x00007ffdaa6b0000 - 0x00007ffdaa6c8000 	c:\Users\Amen\.vscode\extensions\redhat.java-1.44.0-win32-x64\jre\21.0.8-win32-x86_64\bin\zip.dll
0x00007ffdaa770000 - 0x00007ffdaa780000 	C:\Users\Amen\.vscode\extensions\redhat.java-1.44.0-win32-x64\jre\21.0.8-win32-x86_64\bin\net.dll
0x00007ffdb4a40000 - 0x00007ffdb4b5e000 	C:\WINDOWS\SYSTEM32\WINHTTP.dll
0x00007ffdb83a0000 - 0x00007ffdb840a000 	C:\WINDOWS\system32\mswsock.dll
0x00007ffdaa690000 - 0x00007ffdaa6a6000 	C:\Users\Amen\.vscode\extensions\redhat.java-1.44.0-win32-x64\jre\21.0.8-win32-x86_64\bin\nio.dll
0x00007ffdaa680000 - 0x00007ffdaa690000 	c:\Users\Amen\.vscode\extensions\redhat.java-1.44.0-win32-x64\jre\21.0.8-win32-x86_64\bin\verify.dll
0x00007ffd6a240000 - 0x00007ffd6a285000 	C:\Users\Amen\AppData\Roaming\Code\User\globalStorage\redhat.java\1.44.0\config_ss_win\org.eclipse.equinox.launcher\org.eclipse.equinox.launcher.win32.win32.x86_64_1.2.1400.v20250730-1736\eclipse_11913.dll
0x00007ffdba9b0000 - 0x00007ffdbab4e000 	C:\WINDOWS\System32\ole32.dll
0x00007ffdb8660000 - 0x00007ffdb867b000 	C:\WINDOWS\SYSTEM32\CRYPTSP.dll
0x00007ffdb7d70000 - 0x00007ffdb7dab000 	C:\WINDOWS\system32\rsaenh.dll
0x00007ffdb8440000 - 0x00007ffdb846b000 	C:\WINDOWS\SYSTEM32\USERENV.dll
0x00007ffdb8f90000 - 0x00007ffdb8fb6000 	C:\WINDOWS\SYSTEM32\bcrypt.dll
0x00007ffdb8650000 - 0x00007ffdb865c000 	C:\WINDOWS\SYSTEM32\CRYPTBASE.dll
0x00007ffdb7890000 - 0x00007ffdb78c3000 	C:\WINDOWS\SYSTEM32\IPHLPAPI.DLL
0x00007ffdbac30000 - 0x00007ffdbac3a000 	C:\WINDOWS\System32\NSI.dll
0x00007ffd895d0000 - 0x00007ffd89619000 	C:\Users\Amen\AppData\Local\Temp\jna-2044405\jna2286501223477979062.dll
0x00007ffdbab60000 - 0x00007ffdbab68000 	C:\WINDOWS\System32\PSAPI.DLL
0x00007ffdb5100000 - 0x00007ffdb511f000 	C:\WINDOWS\SYSTEM32\dhcpcsvc6.DLL
0x00007ffdb4ed0000 - 0x00007ffdb4ef5000 	C:\WINDOWS\SYSTEM32\dhcpcsvc.DLL

JVMTI agents:
c:\Users\Amen\.vscode\extensions\redhat.java-1.44.0-win32-x64\lombok\lombok-1.18.39-4050.jar path:c:\Users\Amen\.vscode\extensions\redhat.java-1.44.0-win32-x64\jre\21.0.8-win32-x86_64\bin\instrument.dll, loaded, initialized, instrumentlib options:none

dbghelp: loaded successfully - version: 4.0.5 - missing functions: none
symbol engine: initialized successfully - sym options: 0x614 - pdb path: .;c:\Users\Amen\.vscode\extensions\redhat.java-1.44.0-win32-x64\jre\21.0.8-win32-x86_64\bin;C:\WINDOWS\SYSTEM32;C:\WINDOWS\WinSxS\amd64_microsoft.windows.common-controls_6595b64144ccf1df_6.0.26100.4484_none_3e0e6d4ce32ef3b3;c:\Users\Amen\.vscode\extensions\redhat.java-1.44.0-win32-x64\jre\21.0.8-win32-x86_64\bin\server;C:\Users\Amen\AppData\Roaming\Code\User\globalStorage\redhat.java\1.44.0\config_ss_win\org.eclipse.equinox.launcher\org.eclipse.equinox.launcher.win32.win32.x86_64_1.2.1400.v20250730-1736;C:\Users\Amen\AppData\Local\Temp\jna-2044405

VM Arguments:
jvm_args: --add-modules=ALL-SYSTEM --add-opens=java.base/java.util=ALL-UNNAMED --add-opens=java.base/java.lang=ALL-UNNAMED --add-opens=java.base/sun.nio.fs=ALL-UNNAMED -Declipse.application=org.eclipse.jdt.ls.core.id1 -Dosgi.bundles.defaultStartLevel=4 -Declipse.product=org.eclipse.jdt.ls.core.product -Djava.import.generatesMetadataFilesAtProjectRoot=false -DDetectVMInstallationsJob.disabled=true -Dfile.encoding=utf8 -XX:+UseParallelGC -XX:GCTimeRatio=4 -XX:AdaptiveSizePolicyWeight=90 -Dsun.zip.disableMemoryMapping=true -Xmx2G -Xms100m -Xlog:disable -javaagent:c:\Users\Amen\.vscode\extensions\redhat.java-1.44.0-win32-x64\lombok\lombok-1.18.39-4050.jar 
java_command: c:\Users\Amen\.vscode\extensions\redhat.java-1.44.0-win32-x64\server\plugins\org.eclipse.equinox.launcher_1.7.0.v20250519-0528.jar -configuration c:\Users\Amen\AppData\Roaming\Code\User\globalStorage\redhat.java\1.44.0\config_ss_win -data c:\Users\Amen\AppData\Roaming\Code\User\workspaceStorage\7008674b88c08343105e105653bc181d\redhat.java\ss_ws --pipe=\\.\pipe\lsp-550e0259a44cb48d63833b7418b7b18e-sock
java_class_path (initial): c:\Users\Amen\.vscode\extensions\redhat.java-1.44.0-win32-x64\server\plugins\org.eclipse.equinox.launcher_1.7.0.v20250519-0528.jar
Launcher Type: SUN_STANDARD

[Global flags]
    uintx AdaptiveSizePolicyWeight                 = 90                                        {product} {command line}
     intx CICompilerCount                          = 12                                        {product} {ergonomic}
    uintx GCTimeRatio                              = 4                                         {product} {command line}
   size_t InitialHeapSize                          = 104857600                                 {product} {command line}
   size_t MaxHeapSize                              = 2147483648                                {product} {command line}
   size_t MaxNewSize                               = 715653120                                 {product} {ergonomic}
   size_t MinHeapDeltaBytes                        = 524288                                    {product} {ergonomic}
   size_t MinHeapSize                              = 104857600                                 {product} {command line}
   size_t NewSize                                  = 34603008                                  {product} {ergonomic}
    uintx NonNMethodCodeHeapSize                   = 7602480                                {pd product} {ergonomic}
    uintx NonProfiledCodeHeapSize                  = 122027880                              {pd product} {ergonomic}
   size_t OldSize                                  = 70254592                                  {product} {ergonomic}
    uintx ProfiledCodeHeapSize                     = 122027880                              {pd product} {ergonomic}
    uintx ReservedCodeCacheSize                    = 251658240                              {pd product} {ergonomic}
     bool SegmentedCodeCache                       = true                                      {product} {ergonomic}
   size_t SoftMaxHeapSize                          = 2147483648                             {manageable} {ergonomic}
     bool UseCompressedOops                        = true                           {product lp64_product} {ergonomic}
     bool UseLargePagesIndividualAllocation        = false                                  {pd product} {ergonomic}
     bool UseParallelGC                            = true                                      {product} {command line}

Logging:
Log output configuration:
 #0: stdout all=off uptime,level,tags foldmultilines=false
 #1: stderr all=off uptime,level,tags foldmultilines=false

Environment Variables:
PATH=C:\Program Files\Eclipse Adoptium\jdk-21.0.8.9-hotspot\bin;C:\WINDOWS\system32;C:\WINDOWS;C:\WINDOWS\System32\Wbem;C:\WINDOWS\System32\WindowsPowerShell\v1.0\;C:\WINDOWS\System32\OpenSSH\;C:\Program Files\nodejs\;C:\ProgramData\chocolatey\bin;C:\Program Files\Git\cmd;C:\Program Files\Tesseract-OCR;C:\Users\Amen\AppData\Local\Microsoft\WindowsApps;C:\Users\Amen\AppData\Local\Programs\Microsoft VS Code\bin;C:\Users\Amen\AppData\Roaming\npm;%IntelliJ IDEA%
USERNAME=Amen
OS=Windows_NT
PROCESSOR_IDENTIFIER=Intel64 Family 6 Model 186 Stepping 2, GenuineIntel
TMP=C:\Users\Amen\AppData\Local\Temp
TEMP=C:\Users\Amen\AppData\Local\Temp




Periodic native trim disabled

---------------  S Y S T E M  ---------------

OS:
 Windows 11 , 64 bit Build 26100 (10.0.26100.4484)
OS uptime: 0 days 0:04 hours

CPU: total 16 (initial active 16) (8 cores per cpu, 2 threads per core) family 6 model 186 stepping 2 microcode 0x410e, cx8, cmov, fxsr, ht, mmx, 3dnowpref, sse, sse2, sse3, ssse3, sse4.1, sse4.2, popcnt, lzcnt, tsc, tscinvbit, avx, avx2, aes, erms, clmul, bmi1, bmi2, adx, sha, fma, vzeroupper, clflush, clflushopt, clwb, serialize, rdtscp, rdpid, fsrm, f16c, pku, cet_ibt, cet_ss
Processor Information for the first 16 processors :
  Max Mhz: 2600, Current Mhz: 2600, Mhz Limit: 2600

Memory: 4k page, system-wide physical 16013M (10227M free)
TotalPageFile size 18957M (AvailPageFile size 13118M)
current process WorkingSet (physical memory assigned to process): 253M, peak: 254M
current process commit charge ("private bytes"): 379M, peak: 380M

vm_info: OpenJDK 64-Bit Server VM (21.0.8+9-LTS) for windows-amd64 JRE (21.0.8+9-LTS), built on 2025-07-15T00:00:00Z by "admin" with MS VC++ 17.7 (VS2022)

END.
