#
# A fatal error has been detected by the Java Runtime Environment:
#
#  EXCEPTION_ACCESS_VIOLATION (0xc0000005) at pc=0x00007ffd6aaaa892, pid=5440, tid=13036
#
# JRE version: OpenJDK Runtime Environment Temurin-21.0.8+9 (21.0.8+9) (build 21.0.8+9-LTS)
# Java VM: OpenJDK 64-Bit Server VM Temurin-21.0.8+9 (21.0.8+9-LTS, mixed mode, sharing, tiered, compressed oops, compressed class ptrs, parallel gc, windows-amd64)
# Problematic frame:
# V  [jvm.dll+0x6fa892]
#
# No core dump will be written. Minidumps are not enabled by default on client versions of Windows
#
# If you would like to submit a bug report, please visit:
#   https://github.com/adoptium/adoptium-support/issues
#

---------------  S U M M A R Y ------------

Command Line: --add-modules=ALL-SYSTEM --add-opens=java.base/java.util=ALL-UNNAMED --add-opens=java.base/java.lang=ALL-UNNAMED --add-opens=java.base/sun.nio.fs=ALL-UNNAMED -Declipse.application=org.eclipse.jdt.ls.core.id1 -Dosgi.bundles.defaultStartLevel=4 -Declipse.product=org.eclipse.jdt.ls.core.product -Djava.import.generatesMetadataFilesAtProjectRoot=false -DDetectVMInstallationsJob.disabled=true -Dfile.encoding=utf8 -XX:+UseParallelGC -XX:GCTimeRatio=4 -XX:AdaptiveSizePolicyWeight=90 -Dsun.zip.disableMemoryMapping=true -Xmx2G -Xms100m -Xlog:disable -javaagent:c:\Users\Amen\.vscode\extensions\redhat.java-1.44.0-win32-x64\lombok\lombok-1.18.39-4050.jar -XX:+HeapDumpOnOutOfMemoryError -XX:HeapDumpPath=c:\Users\Amen\AppData\Roaming\Code\User\workspaceStorage\7008674b88c08343105e105653bc181d\redhat.java -Daether.dependencyCollector.impl=bf c:\Users\Amen\.vscode\extensions\redhat.java-1.44.0-win32-x64\server\plugins\org.eclipse.equinox.launcher_1.7.0.v20250519-0528.jar -configuration c:\Users\Amen\AppData\Roaming\Code\User\globalStorage\redhat.java\1.44.0\config_win -data c:\Users\Amen\AppData\Roaming\Code\User\workspaceStorage\7008674b88c08343105e105653bc181d\redhat.java\jdt_ws --pipe=\\.\pipe\lsp-7e29a71de33a4c245c031e3cad8a3626-sock

Host: 13th Gen Intel(R) Core(TM) i5-13500H, 16 cores, 15G,  Windows 11 , 64 bit Build 26100 (10.0.26100.4484)
Time: Mon Aug  4 17:21:19 2025 elapsed time: 2.489729 seconds (0d 0h 0m 2s)

---------------  T H R E A D  ---------------

Current thread (0x000001d4f94e0810):  JavaThread "C2 CompilerThread2" daemon [_thread_in_native, id=13036, stack(0x00000083fea00000,0x00000083feb00000) (1024K)]


Current CompileTask:
C2:2489 4602       4       org.lombokweb.asm.ClassReader::readMethod (1070 bytes)

Stack: [0x00000083fea00000,0x00000083feb00000],  sp=0x00000083feafc430,  free space=1009k
Native frames: (J=compiled Java code, j=interpreted, Vv=VM code, C=native code)
V  [jvm.dll+0x6fa892]
V  [jvm.dll+0x6fb58a]
V  [jvm.dll+0x6f9209]
V  [jvm.dll+0x24ac52]
V  [jvm.dll+0x2483a4]
V  [jvm.dll+0x1c89ee]
V  [jvm.dll+0x257d4d]
V  [jvm.dll+0x2562ea]
V  [jvm.dll+0x3f2d16]
V  [jvm.dll+0x857e6b]
V  [jvm.dll+0x6d0b0d]
C  [ucrtbase.dll+0x37b0]
C  [KERNEL32.DLL+0x2e8d7]
C  [ntdll.dll+0x3c34c]


siginfo: EXCEPTION_ACCESS_VIOLATION (0xc0000005), reading address 0xffffffffffffffff


Registers:
RAX=0x0200000000000000, RBX=0x000001d4c15c5868, RCX=0x0000000000000010, RDX=0x0000000000000089
RSP=0x00000083feafc430, RBP=0x00000083feafc509, RSI=0x00000083feafd100, RDI=0x00000083feafc4a0
R8 =0x000000000000cb58, R9 =0x000001d4c2aca8b0, R10=0x0000000000006695, R11=0x000001d4c1045ae0
R12=0x00000083feafd100, R13=0x0000000000000000, R14=0x000001d4c20f4690, R15=0x0000000000000001
RIP=0x00007ffd6aaaa892, EFLAGS=0x0000000000010202

XMM[0]=0x0000000000000000 0x0000000000000000
XMM[1]=0x0000000000000000 0x0000000000000000
XMM[2]=0x0000000000000000 0x0000000000000000
XMM[3]=0x0000000000000000 0x0000000000000000
XMM[4]=0x0000000000000000 0x0000000000000000
XMM[5]=0x0000000000000000 0x0000000000000000
XMM[6]=0x0000000000000000 0x0000000000000000
XMM[7]=0x0000000000000000 0x0000000000000000
XMM[8]=0x0000000000000000 0x0000000000000000
XMM[9]=0x0000000000000000 0x0000000000000000
XMM[10]=0x0000000000000000 0x0000000000000000
XMM[11]=0x0000000000000000 0x0000000000000000
XMM[12]=0x0000000000000000 0x0000000000000000
XMM[13]=0x0000000000000000 0x0000000000000000
XMM[14]=0x0000000000000000 0x0000000000000000
XMM[15]=0x0000000000000000 0x0000000000000000
  MXCSR=0x00001fa0


Register to memory mapping:

RAX=0x0200000000000000 is an unknown value
RBX=0x000001d4c15c5868 points into unknown readable memory: 0x00000083feafe8b0 | b0 e8 af fe 83 00 00 00
RCX=0x0000000000000010 is an unknown value
RDX=0x0000000000000089 is an unknown value
RSP=0x00000083feafc430 is pointing into the stack for thread: 0x000001d4f94e0810
RBP=0x00000083feafc509 is pointing into the stack for thread: 0x000001d4f94e0810
RSI=0x00000083feafd100 is pointing into the stack for thread: 0x000001d4f94e0810
RDI=0x00000083feafc4a0 is pointing into the stack for thread: 0x000001d4f94e0810
R8 =0x000000000000cb58 is an unknown value
R9 =0x000001d4c2aca8b0 points into unknown readable memory: 0x000001d4c1045ae0 | e0 5a 04 c1 d4 01 00 00
R10=0x0000000000006695 is an unknown value
R11=0x000001d4c1045ae0 points into unknown readable memory: 0x00007ffd6ad23378 | 78 33 d2 6a fd 7f 00 00
R12=0x00000083feafd100 is pointing into the stack for thread: 0x000001d4f94e0810
R13=0x0 is null
R14=0x000001d4c20f4690 points into unknown readable memory: 0x000001d4c2584de0 | e0 4d 58 c2 d4 01 00 00
R15=0x0000000000000001 is an unknown value

Top of Stack: (sp=0x00000083feafc430)
0x00000083feafc430:   000001d4f9678b80 000000000000000e
0x00000083feafc440:   0000000000000001 000001d4c20f4690
0x00000083feafc450:   000001d4c1045a98 00007ffd6aaab58a
0x00000083feafc460:   0000000000000000 0000000000000f51
0x00000083feafc470:   000001d4c1045a98 0000000000000f51
0x00000083feafc480:   000001d4f947c910 00007ffd00002000
0x00000083feafc490:   000001d4c31fdf80 000001d400001e8f
0x00000083feafc4a0:   000001d400000200 000001d4ff30c1e0
0x00000083feafc4b0:   0000000000000200 000001d4f947c910
0x00000083feafc4c0:   0000008300000000 0000000000000000
0x00000083feafc4d0:   000001d4f947c910 0000000000004000
0x00000083feafc4e0:   000001d4c2f1be60 0000000000000000
0x00000083feafc4f0:   00000f5100000000 000001d4c20f4690
0x00000083feafc500:   0000000000000000 0000000000068248
0x00000083feafc510:   000001d4c2408910 000001d4c240d0f8
0x00000083feafc520:   000001d400000200 00007ffd6adc5360
0x00000083feafc530:   0000000000000000 000001d4f931d5a0
0x00000083feafc540:   000001d4f931d5f0 00007ffd6adc5398
0x00000083feafc550:   00000083feafe900 00000083feafd100
0x00000083feafc560:   00000083feafc6a0 00007ffd6aaa9209
0x00000083feafc570:   000001d4c2584de0 000001d4c1045a10
0x00000083feafc580:   000001d4f947c910 000001d4c2405110
0x00000083feafc590:   00000083feafe780 00007ffd6a5fac52
0x00000083feafc5a0:   00000083feafe780 00000083feafe900
0x00000083feafc5b0:   000001d4c2573988 00000083feafc6a0
0x00000083feafc5c0:   0000000000000000 0000000000000001
0x00000083feafc5d0:   0000000000000000 0000000000000000
0x00000083feafc5e0:   0000000000000000 0000000000000000
0x00000083feafc5f0:   0000000000000000 00007ffd6adc5398
0x00000083feafc600:   0000000000000000 0000000000000000
0x00000083feafc610:   0000000000000000 00007ffd6adc5398
0x00000083feafc620:   00000083feafea00 00007ffdb9356e8d 

Instructions: (pc=0x00007ffd6aaaa892)
0x00007ffd6aaaa792:   08 72 0a 48 8d 41 08 49 89 41 18 eb 12 45 33 c0
0x00007ffd6aaaa7a2:   49 8b c9 41 8d 50 08 e8 a2 b4 9c ff 48 8b c8 48
0x00007ffd6aaaa7b2:   89 4e 10 4c 89 29 44 8b 7e 08 8d 53 01 85 d2 74
0x00007ffd6aaaa7c2:   04 85 d3 74 0c 0f bd ca ba 01 00 00 00 ff c1 d3
0x00007ffd6aaaa7d2:   e2 48 8b 0e 4a 8d 3c fd 00 00 00 00 44 8b ca 4c
0x00007ffd6aaaa7e2:   8b c7 89 56 08 48 8b 56 10 49 c1 e1 03 44 89 6c
0x00007ffd6aaaa7f2:   24 20 e8 77 b0 9c ff 44 8b 46 08 33 d2 45 2b c7
0x00007ffd6aaaa802:   48 89 46 10 49 c1 e0 03 48 8d 0c 07 e8 9f 38 25
0x00007ffd6aaaa812:   00 48 8b 46 10 4d 89 24 06 48 8b 55 28 ff c3 3b
0x00007ffd6aaaa822:   5a 08 0f 82 16 ff ff ff 4c 8b 7c 24 30 4c 8b 74
0x00007ffd6aaaa832:   24 38 4c 8b 64 24 70 48 8b 7c 24 68 48 8b 74 24
0x00007ffd6aaaa842:   60 48 83 c4 40 41 5d 5d 5b c3 cc cc cc cc 48 89
0x00007ffd6aaaa852:   5c 24 08 48 89 74 24 10 57 48 83 ec 20 48 8b 59
0x00007ffd6aaaa862:   20 48 8b fa 48 8b f1 8b 43 08 4c 8b 5b 20 85 c0
0x00007ffd6aaaa872:   74 49 45 33 c0 44 8b d0 66 0f 1f 44 00 00 4c 8b
0x00007ffd6aaaa882:   4b 18 4b 8b 04 01 48 85 c0 74 26 49 3b c3 74 21
0x00007ffd6aaaa892:   8b 48 28 8b c1 c1 e8 05 3b 07 73 11 8b d0 83 e1
0x00007ffd6aaaa8a2:   1f 48 8b 47 08 8b 04 90 0f a3 c8 72 04 4f 89 1c
0x00007ffd6aaaa8b2:   01 49 83 c0 08 49 83 ea 01 75 c3 48 8d 4e 30 33
0x00007ffd6aaaa8c2:   d2 41 b8 48 04 00 00 e8 e4 37 25 00 48 8d 8e 78
0x00007ffd6aaaa8d2:   04 00 00 33 d2 41 b8 48 04 00 00 e8 d0 37 25 00
0x00007ffd6aaaa8e2:   48 8d 8e c0 08 00 00 33 d2 41 b8 a0 00 00 00 48
0x00007ffd6aaaa8f2:   8b 5c 24 30 48 8b 74 24 38 48 83 c4 20 5f e9 ad
0x00007ffd6aaaa902:   37 25 00 cc cc cc cc cc cc cc cc cc cc cc 40 53
0x00007ffd6aaaa912:   41 55 41 57 48 83 ec 40 4c 8b e9 48 8b da 48 8b
0x00007ffd6aaaa922:   49 10 48 89 4c 24 70 45 8b 7d 20 49 ff cf 4e 8d
0x00007ffd6aaaa932:   3c f9 4c 89 7c 24 60 4c 3b f9 0f 82 de 01 00 00
0x00007ffd6aaaa942:   8b 15 a0 ab 5e 00 65 48 8b 04 25 58 00 00 00 48
0x00007ffd6aaaa952:   89 6c 24 68 48 89 74 24 38 48 89 7c 24 30 4c 89
0x00007ffd6aaaa962:   64 24 28 4c 8d 24 d0 4c 89 74 24 20 66 90 49 8b
0x00007ffd6aaaa972:   3f 33 ed 33 f6 44 8b 47 1c 45 85 c0 0f 84 6c 01
0x00007ffd6aaaa982:   00 00 41 bf 70 00 00 00 66 0f 1f 44 00 00 4c 8b 


Stack slot to memory mapping:

stack at sp + 0 slots: 0x000001d4f9678b80 points into unknown readable memory: 0x00007ffd6ad97180 | 80 71 d9 6a fd 7f 00 00
stack at sp + 1 slots: 0x000000000000000e is an unknown value
stack at sp + 2 slots: 0x0000000000000001 is an unknown value
stack at sp + 3 slots: 0x000001d4c20f4690 points into unknown readable memory: 0x000001d4c2584de0 | e0 4d 58 c2 d4 01 00 00
stack at sp + 4 slots: 0x000001d4c1045a98 points into unknown readable memory: 0x00007ffd6adb23e0 | e0 23 db 6a fd 7f 00 00
stack at sp + 5 slots: 0x00007ffd6aaab58a jvm.dll
stack at sp + 6 slots: 0x0 is null
stack at sp + 7 slots: 0x0000000000000f51 is an unknown value


---------------  P R O C E S S  ---------------

Threads class SMR info:
_java_thread_list=0x000001d4c15fd960, length=28, elements={
0x000001d4df498ee0, 0x000001d4f9303fb0, 0x000001d4f9304dc0, 0x000001d4f93091f0,
0x000001d4f9310e30, 0x000001d4f930e6d0, 0x000001d4f93114c0, 0x000001d4f934e390,
0x000001d4f9359de0, 0x000001d4f94222f0, 0x000001d4f9425e70, 0x000001d4f9311b50,
0x000001d4f94df360, 0x000001d4f94e0810, 0x000001d4f95fda50, 0x000001d4f930f3f0,
0x000001d4ff6d3070, 0x000001d4f930ed60, 0x000001d4f930fa80, 0x000001d4f9310110,
0x000001d4f93107a0, 0x000001d4c16d4260, 0x000001d4c16d48f0, 0x000001d4c16d3bd0,
0x000001d4c16d3540, 0x000001d4c16d8400, 0x000001d4c16d4f80, 0x000001d4c16d8a90
}

Java Threads: ( => current thread )
  0x000001d4df498ee0 JavaThread "main"                              [_thread_blocked, id=3452, stack(0x00000083fda00000,0x00000083fdb00000) (1024K)]
  0x000001d4f9303fb0 JavaThread "Reference Handler"          daemon [_thread_blocked, id=5604, stack(0x00000083fde00000,0x00000083fdf00000) (1024K)]
  0x000001d4f9304dc0 JavaThread "Finalizer"                  daemon [_thread_blocked, id=8136, stack(0x00000083fdf00000,0x00000083fe000000) (1024K)]
  0x000001d4f93091f0 JavaThread "Signal Dispatcher"          daemon [_thread_blocked, id=4992, stack(0x00000083fe000000,0x00000083fe100000) (1024K)]
  0x000001d4f9310e30 JavaThread "Attach Listener"            daemon [_thread_blocked, id=7160, stack(0x00000083fe100000,0x00000083fe200000) (1024K)]
  0x000001d4f930e6d0 JavaThread "Service Thread"             daemon [_thread_blocked, id=8252, stack(0x00000083fe200000,0x00000083fe300000) (1024K)]
  0x000001d4f93114c0 JavaThread "Monitor Deflation Thread"   daemon [_thread_blocked, id=1740, stack(0x00000083fe300000,0x00000083fe400000) (1024K)]
  0x000001d4f934e390 JavaThread "C2 CompilerThread0"         daemon [_thread_blocked, id=12972, stack(0x00000083fe400000,0x00000083fe500000) (1024K)]
  0x000001d4f9359de0 JavaThread "C1 CompilerThread0"         daemon [_thread_blocked, id=1624, stack(0x00000083fe500000,0x00000083fe600000) (1024K)]
  0x000001d4f94222f0 JavaThread "C1 CompilerThread1"         daemon [_thread_blocked, id=13044, stack(0x00000083fe600000,0x00000083fe700000) (1024K)]
  0x000001d4f9425e70 JavaThread "C1 CompilerThread2"         daemon [_thread_blocked, id=7488, stack(0x00000083fe700000,0x00000083fe800000) (1024K)]
  0x000001d4f9311b50 JavaThread "Common-Cleaner"             daemon [_thread_blocked, id=2456, stack(0x00000083fe800000,0x00000083fe900000) (1024K)]
  0x000001d4f94df360 JavaThread "C2 CompilerThread1"         daemon [_thread_blocked, id=15184, stack(0x00000083fe900000,0x00000083fea00000) (1024K)]
=>0x000001d4f94e0810 JavaThread "C2 CompilerThread2"         daemon [_thread_in_native, id=13036, stack(0x00000083fea00000,0x00000083feb00000) (1024K)]
  0x000001d4f95fda50 JavaThread "C1 CompilerThread3"         daemon [_thread_blocked, id=12960, stack(0x00000083feb00000,0x00000083fec00000) (1024K)]
  0x000001d4f930f3f0 JavaThread "Notification Thread"        daemon [_thread_blocked, id=2168, stack(0x00000083fec00000,0x00000083fed00000) (1024K)]
  0x000001d4ff6d3070 JavaThread "C2 CompilerThread3"         daemon [_thread_blocked, id=10684, stack(0x00000083ff300000,0x00000083ff400000) (1024K)]
  0x000001d4f930ed60 JavaThread "Active Thread: Equinox Container: 3d793b7c-1e62-47a5-9a49-c8277eae0694"        [_thread_blocked, id=6948, stack(0x00000083ff500000,0x00000083ff600000) (1024K)]
  0x000001d4f930fa80 JavaThread "Refresh Thread: Equinox Container: 3d793b7c-1e62-47a5-9a49-c8277eae0694" daemon [_thread_blocked, id=6560, stack(0x00000083ff700000,0x00000083ff800000) (1024K)]
  0x000001d4f9310110 JavaThread "Framework Event Dispatcher: Equinox Container: 3d793b7c-1e62-47a5-9a49-c8277eae0694" daemon [_thread_blocked, id=10416, stack(0x00000083ff800000,0x00000083ff900000) (1024K)]
  0x000001d4f93107a0 JavaThread "Start Level: Equinox Container: 3d793b7c-1e62-47a5-9a49-c8277eae0694" daemon [_thread_in_vm, id=10760, stack(0x00000083ff900000,0x00000083ffa00000) (1024K)]
  0x000001d4c16d4260 JavaThread "Bundle File Closer"         daemon [_thread_blocked, id=12068, stack(0x00000083ffd00000,0x00000083ffe00000) (1024K)]
  0x000001d4c16d48f0 JavaThread "SCR Component Actor"        daemon [_thread_blocked, id=5172, stack(0x00000083ffe00000,0x00000083fff00000) (1024K)]
  0x000001d4c16d3bd0 JavaThread "SCR Component Registry"     daemon [_thread_blocked, id=13092, stack(0x00000083fff00000,0x0000008400000000) (1024K)]
  0x000001d4c16d3540 JavaThread "Worker-JM"                         [_thread_blocked, id=12924, stack(0x0000008380100000,0x0000008380200000) (1024K)]
  0x000001d4c16d8400 JavaThread "JNA Cleaner"                daemon [_thread_blocked, id=11592, stack(0x0000008380300000,0x0000008380400000) (1024K)]
  0x000001d4c16d4f80 JavaThread "Worker-0"                          [_thread_blocked, id=7772, stack(0x0000008380400000,0x0000008380500000) (1024K)]
  0x000001d4c16d8a90 JavaThread "Worker-1"                          [_thread_blocked, id=7784, stack(0x0000008380500000,0x0000008380600000) (1024K)]
Total: 28

Other Threads:
  0x000001d4df55e7b0 VMThread "VM Thread"                           [id=5480, stack(0x00000083fdd00000,0x00000083fde00000) (1024K)]
  0x000001d4f7b1ca00 WatcherThread "VM Periodic Task Thread"        [id=2204, stack(0x00000083fdc00000,0x00000083fdd00000) (1024K)]
  0x000001d4df4b7950 WorkerThread "GC Thread#0"                     [id=2444, stack(0x00000083fdb00000,0x00000083fdc00000) (1024K)]
  0x000001d4ff67beb0 WorkerThread "GC Thread#1"                     [id=7672, stack(0x00000083fed00000,0x00000083fee00000) (1024K)]
  0x000001d4ff358160 WorkerThread "GC Thread#2"                     [id=7424, stack(0x00000083fee00000,0x00000083fef00000) (1024K)]
  0x000001d4ff358500 WorkerThread "GC Thread#3"                     [id=12328, stack(0x00000083fef00000,0x00000083ff000000) (1024K)]
  0x000001d4ff3590b0 WorkerThread "GC Thread#4"                     [id=3720, stack(0x00000083ff000000,0x00000083ff100000) (1024K)]
  0x000001d4ff359860 WorkerThread "GC Thread#5"                     [id=3576, stack(0x00000083ff100000,0x00000083ff200000) (1024K)]
  0x000001d4ff35a420 WorkerThread "GC Thread#6"                     [id=13444, stack(0x00000083ff200000,0x00000083ff300000) (1024K)]
  0x000001d4c1097510 WorkerThread "GC Thread#7"                     [id=10304, stack(0x00000083ff600000,0x00000083ff700000) (1024K)]
  0x000001d4c10978b0 WorkerThread "GC Thread#8"                     [id=6996, stack(0x00000083ffa00000,0x00000083ffb00000) (1024K)]
  0x000001d4c1096dd0 WorkerThread "GC Thread#9"                     [id=8116, stack(0x00000083ffb00000,0x00000083ffc00000) (1024K)]
  0x000001d4c1098390 WorkerThread "GC Thread#10"                    [id=2752, stack(0x00000083ffc00000,0x00000083ffd00000) (1024K)]
  0x000001d4c1097ff0 WorkerThread "GC Thread#11"                    [id=10932, stack(0x0000008380000000,0x0000008380100000) (1024K)]
  0x000001d4c1ad5720 WorkerThread "GC Thread#12"                    [id=9844, stack(0x0000008380200000,0x0000008380300000) (1024K)]
Total: 15

Threads with active compile tasks:
C2 CompilerThread2  2524 4602       4       org.lombokweb.asm.ClassReader::readMethod (1070 bytes)
Total: 1

VM state: not at safepoint (normal execution)

VM Mutex/Monitor currently owned by a thread: None

Heap address: 0x0000000080000000, size: 2048 MB, Compressed Oops mode: 32-bit

CDS archive(s) mapped at: [0x000001d480000000-0x000001d480ba0000-0x000001d480ba0000), size 12189696, SharedBaseAddress: 0x000001d480000000, ArchiveRelocationMode: 1.
Compressed class space mapped at: 0x000001d481000000-0x000001d4c1000000, reserved size: 1073741824
Narrow klass base: 0x000001d480000000, Narrow klass shift: 0, Narrow klass range: 0x100000000

GC Precious Log:
 CardTable entry size: 512
 CPUs: 16 total, 16 available
 Memory: 16013M
 Large Page Support: Disabled
 NUMA Support: Disabled
 Compressed Oops: Enabled (32-bit)
 Alignments: Space 512K, Generation 512K, Heap 2M
 Heap Min Capacity: 100M
 Heap Initial Capacity: 100M
 Heap Max Capacity: 2G
 Pre-touch: Disabled
 Parallel Workers: 13

Heap:
 PSYoungGen      total 27648K, used 10162K [0x00000000d5580000, 0x00000000d7480000, 0x0000000100000000)
  eden space 23552K, 26% used [0x00000000d5580000,0x00000000d5ba32f8,0x00000000d6c80000)
  from space 4096K, 94% used [0x00000000d6f00000,0x00000000d72c9810,0x00000000d7300000)
  to   space 1536K, 0% used [0x00000000d7300000,0x00000000d7300000,0x00000000d7480000)
 ParOldGen       total 68608K, used 12855K [0x0000000080000000, 0x0000000084300000, 0x00000000d5580000)
  object space 68608K, 18% used [0x0000000080000000,0x0000000080c8dff0,0x0000000084300000)
 Metaspace       used 27196K, committed 28160K, reserved 1114112K
  class space    used 2673K, committed 3072K, reserved 1048576K

Card table byte_map: [0x000001d4f2f80000,0x000001d4f3390000] _byte_map_base: 0x000001d4f2b80000

Marking Bits: (ParMarkBitMap*) 0x00007ffd6b06a340
 Begin Bits: [0x000001d4f3640000, 0x000001d4f5640000)
 End Bits:   [0x000001d4f5640000, 0x000001d4f7640000)

Polling page: 0x000001d4df1f0000

Metaspace:

Usage:
  Non-class:     23.95 MB used.
      Class:      2.61 MB used.
       Both:     26.56 MB used.

Virtual space:
  Non-class space:       64.00 MB reserved,      24.50 MB ( 38%) committed,  1 nodes.
      Class space:        1.00 GB reserved,       3.00 MB ( <1%) committed,  1 nodes.
             Both:        1.06 GB reserved,      27.50 MB (  3%) committed. 

Chunk freelists:
   Non-Class:  6.84 MB
       Class:  12.92 MB
        Both:  19.76 MB

MaxMetaspaceSize: unlimited
CompressedClassSpaceSize: 1.00 GB
Initial GC threshold: 21.00 MB
Current GC threshold: 35.00 MB
CDS: on
 - commit_granule_bytes: 65536.
 - commit_granule_words: 8192.
 - virtual_space_node_default_size: 8388608.
 - enlarge_chunks_in_place: 1.
 - use_allocation_guard: 0.


Internal statistics:

num_allocs_failed_limit: 3.
num_arena_births: 832.
num_arena_deaths: 14.
num_vsnodes_births: 2.
num_vsnodes_deaths: 0.
num_space_committed: 440.
num_space_uncommitted: 0.
num_chunks_returned_to_freelist: 17.
num_chunks_taken_from_freelist: 1954.
num_chunk_merges: 8.
num_chunk_splits: 1263.
num_chunks_enlarged: 754.
num_inconsistent_stats: 0.

CodeHeap 'non-profiled nmethods': size=119168Kb used=2097Kb max_used=2097Kb free=117070Kb
 bounds [0x000001d4eb940000, 0x000001d4ebbb0000, 0x000001d4f2da0000]
CodeHeap 'profiled nmethods': size=119104Kb used=9896Kb max_used=9896Kb free=109207Kb
 bounds [0x000001d4e3da0000, 0x000001d4e4750000, 0x000001d4eb1f0000]
CodeHeap 'non-nmethods': size=7488Kb used=3025Kb max_used=3065Kb free=4463Kb
 bounds [0x000001d4eb1f0000, 0x000001d4eb500000, 0x000001d4eb940000]
CodeCache: size=245760Kb, used=15018Kb, max_used=15058Kb, free=230740Kb
 total_blobs=5249, nmethods=4623, adapters=529, full_count=0
Compilation: enabled, stopped_count=0, restarted_count=0

Compilation events (20 events):
Event: 2.428 Thread 0x000001d4f9425e70 4611       3       org.lombokweb.asm.MethodWriter::visitFrame (811 bytes)
Event: 2.429 Thread 0x000001d4f94df360 4612       4       org.lombokweb.asm.ClassWriter::visitMethod (57 bytes)
Event: 2.429 Thread 0x000001d4ff6d3070 4613       4       org.lombokweb.asm.MethodWriter::<init> (232 bytes)
Event: 2.429 Thread 0x000001d4f94222f0 nmethod 4610 0x000001d4e473be10 code [0x000001d4e473c060, 0x000001d4e473c958]
Event: 2.429 Thread 0x000001d4f9359de0 nmethod 4605 0x000001d4e473cb90 code [0x000001d4e473d160, 0x000001d4e473faa8]
Event: 2.430 Thread 0x000001d4f9425e70 nmethod 4611 0x000001d4e4740d10 code [0x000001d4e4741260, 0x000001d4e47434d0]
Event: 2.442 Thread 0x000001d4f9359de0 4615       3       org.lombokweb.asm.SymbolTable::hash (14 bytes)
Event: 2.443 Thread 0x000001d4f9359de0 nmethod 4615 0x000001d4e4744410 code [0x000001d4e47445a0, 0x000001d4e47446a8]
Event: 2.448 Thread 0x000001d4f9425e70 4616       3       org.lombokweb.asm.ClassReader::readStackMapFrame (535 bytes)
Event: 2.449 Thread 0x000001d4f9425e70 nmethod 4616 0x000001d4e4744710 code [0x000001d4e47449c0, 0x000001d4e4745990]
Event: 2.450 Thread 0x000001d4f94222f0 4618       3       jdk.internal.misc.Unsafe::weakCompareAndSetReference (11 bytes)
Event: 2.450 Thread 0x000001d4f94222f0 nmethod 4618 0x000001d4e4745f90 code [0x000001d4e4746120, 0x000001d4e4746260]
Event: 2.452 Thread 0x000001d4f94222f0 4619       1       java.util.concurrent.atomic.AtomicReference::set (6 bytes)
Event: 2.452 Thread 0x000001d4f94222f0 nmethod 4619 0x000001d4ebb39210 code [0x000001d4ebb393a0, 0x000001d4ebb39488]
Event: 2.453 Thread 0x000001d4f9425e70 4620       3       org.lombokweb.asm.ByteVector::putByteArray (49 bytes)
Event: 2.453 Thread 0x000001d4f9425e70 nmethod 4620 0x000001d4e4746310 code [0x000001d4e47464e0, 0x000001d4e47467a8]
Event: 2.468 Thread 0x000001d4ff6d3070 nmethod 4613 0x000001d4ebb39510 code [0x000001d4ebb398e0, 0x000001d4ebb3b928]
Event: 2.468 Thread 0x000001d4ff6d3070 4617       4       lombok.patcher.PatchScript$MethodPatcher::visitMethod (158 bytes)
Event: 2.475 Thread 0x000001d4f94df360 nmethod 4612 0x000001d4ebb3ce90 code [0x000001d4ebb3d260, 0x000001d4ebb3f688]
Event: 2.477 Thread 0x000001d4f94df360 4623       4       org.lombokweb.asm.Type::getArgumentsAndReturnSizes (140 bytes)

GC Heap History (20 events):
Event: 0.381 GC heap before
{Heap before GC invocations=1 (full 0):
 PSYoungGen      total 29696K, used 25600K [0x00000000d5580000, 0x00000000d7680000, 0x0000000100000000)
  eden space 25600K, 100% used [0x00000000d5580000,0x00000000d6e80000,0x00000000d6e80000)
  from space 4096K, 0% used [0x00000000d7280000,0x00000000d7280000,0x00000000d7680000)
  to   space 4096K, 0% used [0x00000000d6e80000,0x00000000d6e80000,0x00000000d7280000)
 ParOldGen       total 68608K, used 0K [0x0000000080000000, 0x0000000084300000, 0x00000000d5580000)
  object space 68608K, 0% used [0x0000000080000000,0x0000000080000000,0x0000000084300000)
 Metaspace       used 4133K, committed 4416K, reserved 1114112K
  class space    used 451K, committed 576K, reserved 1048576K
}
Event: 0.385 GC heap after
{Heap after GC invocations=1 (full 0):
 PSYoungGen      total 29696K, used 3672K [0x00000000d5580000, 0x00000000d7680000, 0x0000000100000000)
  eden space 25600K, 0% used [0x00000000d5580000,0x00000000d5580000,0x00000000d6e80000)
  from space 4096K, 89% used [0x00000000d6e80000,0x00000000d7216258,0x00000000d7280000)
  to   space 4096K, 0% used [0x00000000d7280000,0x00000000d7280000,0x00000000d7680000)
 ParOldGen       total 68608K, used 16K [0x0000000080000000, 0x0000000084300000, 0x00000000d5580000)
  object space 68608K, 0% used [0x0000000080000000,0x0000000080004000,0x0000000084300000)
 Metaspace       used 4133K, committed 4416K, reserved 1114112K
  class space    used 451K, committed 576K, reserved 1048576K
}
Event: 0.746 GC heap before
{Heap before GC invocations=2 (full 0):
 PSYoungGen      total 29696K, used 29272K [0x00000000d5580000, 0x00000000d7680000, 0x0000000100000000)
  eden space 25600K, 100% used [0x00000000d5580000,0x00000000d6e80000,0x00000000d6e80000)
  from space 4096K, 89% used [0x00000000d6e80000,0x00000000d7216258,0x00000000d7280000)
  to   space 4096K, 0% used [0x00000000d7280000,0x00000000d7280000,0x00000000d7680000)
 ParOldGen       total 68608K, used 16K [0x0000000080000000, 0x0000000084300000, 0x00000000d5580000)
  object space 68608K, 0% used [0x0000000080000000,0x0000000080004000,0x0000000084300000)
 Metaspace       used 7797K, committed 8064K, reserved 1114112K
  class space    used 806K, committed 960K, reserved 1048576K
}
Event: 0.751 GC heap after
{Heap after GC invocations=2 (full 0):
 PSYoungGen      total 29696K, used 4069K [0x00000000d5580000, 0x00000000d7680000, 0x0000000100000000)
  eden space 25600K, 0% used [0x00000000d5580000,0x00000000d5580000,0x00000000d6e80000)
  from space 4096K, 99% used [0x00000000d7280000,0x00000000d7679540,0x00000000d7680000)
  to   space 4096K, 0% used [0x00000000d6e80000,0x00000000d6e80000,0x00000000d7280000)
 ParOldGen       total 68608K, used 1721K [0x0000000080000000, 0x0000000084300000, 0x00000000d5580000)
  object space 68608K, 2% used [0x0000000080000000,0x00000000801ae6a8,0x0000000084300000)
 Metaspace       used 7797K, committed 8064K, reserved 1114112K
  class space    used 806K, committed 960K, reserved 1048576K
}
Event: 1.006 GC heap before
{Heap before GC invocations=3 (full 0):
 PSYoungGen      total 29696K, used 29669K [0x00000000d5580000, 0x00000000d7680000, 0x0000000100000000)
  eden space 25600K, 100% used [0x00000000d5580000,0x00000000d6e80000,0x00000000d6e80000)
  from space 4096K, 99% used [0x00000000d7280000,0x00000000d7679540,0x00000000d7680000)
  to   space 4096K, 0% used [0x00000000d6e80000,0x00000000d6e80000,0x00000000d7280000)
 ParOldGen       total 68608K, used 1721K [0x0000000080000000, 0x0000000084300000, 0x00000000d5580000)
  object space 68608K, 2% used [0x0000000080000000,0x00000000801ae6a8,0x0000000084300000)
 Metaspace       used 9396K, committed 9728K, reserved 1114112K
  class space    used 1001K, committed 1152K, reserved 1048576K
}
Event: 1.010 GC heap after
{Heap after GC invocations=3 (full 0):
 PSYoungGen      total 29696K, used 4075K [0x00000000d5580000, 0x00000000d7680000, 0x0000000100000000)
  eden space 25600K, 0% used [0x00000000d5580000,0x00000000d5580000,0x00000000d6e80000)
  from space 4096K, 99% used [0x00000000d6e80000,0x00000000d727aed0,0x00000000d7280000)
  to   space 4096K, 0% used [0x00000000d7280000,0x00000000d7280000,0x00000000d7680000)
 ParOldGen       total 68608K, used 3967K [0x0000000080000000, 0x0000000084300000, 0x00000000d5580000)
  object space 68608K, 5% used [0x0000000080000000,0x00000000803dfc90,0x0000000084300000)
 Metaspace       used 9396K, committed 9728K, reserved 1114112K
  class space    used 1001K, committed 1152K, reserved 1048576K
}
Event: 1.271 GC heap before
{Heap before GC invocations=4 (full 0):
 PSYoungGen      total 29696K, used 29675K [0x00000000d5580000, 0x00000000d7680000, 0x0000000100000000)
  eden space 25600K, 100% used [0x00000000d5580000,0x00000000d6e80000,0x00000000d6e80000)
  from space 4096K, 99% used [0x00000000d6e80000,0x00000000d727aed0,0x00000000d7280000)
  to   space 4096K, 0% used [0x00000000d7280000,0x00000000d7280000,0x00000000d7680000)
 ParOldGen       total 68608K, used 3967K [0x0000000080000000, 0x0000000084300000, 0x00000000d5580000)
  object space 68608K, 5% used [0x0000000080000000,0x00000000803dfc90,0x0000000084300000)
 Metaspace       used 11683K, committed 12096K, reserved 1114112K
  class space    used 1231K, committed 1408K, reserved 1048576K
}
Event: 1.275 GC heap after
{Heap after GC invocations=4 (full 0):
 PSYoungGen      total 29696K, used 4092K [0x00000000d5580000, 0x00000000d7680000, 0x0000000100000000)
  eden space 25600K, 0% used [0x00000000d5580000,0x00000000d5580000,0x00000000d6e80000)
  from space 4096K, 99% used [0x00000000d7280000,0x00000000d767f148,0x00000000d7680000)
  to   space 4096K, 0% used [0x00000000d6e80000,0x00000000d6e80000,0x00000000d7280000)
 ParOldGen       total 68608K, used 6476K [0x0000000080000000, 0x0000000084300000, 0x00000000d5580000)
  object space 68608K, 9% used [0x0000000080000000,0x0000000080653198,0x0000000084300000)
 Metaspace       used 11683K, committed 12096K, reserved 1114112K
  class space    used 1231K, committed 1408K, reserved 1048576K
}
Event: 1.676 GC heap before
{Heap before GC invocations=5 (full 0):
 PSYoungGen      total 29696K, used 29692K [0x00000000d5580000, 0x00000000d7680000, 0x0000000100000000)
  eden space 25600K, 100% used [0x00000000d5580000,0x00000000d6e80000,0x00000000d6e80000)
  from space 4096K, 99% used [0x00000000d7280000,0x00000000d767f148,0x00000000d7680000)
  to   space 4096K, 0% used [0x00000000d6e80000,0x00000000d6e80000,0x00000000d7280000)
 ParOldGen       total 68608K, used 6476K [0x0000000080000000, 0x0000000084300000, 0x00000000d5580000)
  object space 68608K, 9% used [0x0000000080000000,0x0000000080653198,0x0000000084300000)
 Metaspace       used 14840K, committed 15360K, reserved 1114112K
  class space    used 1512K, committed 1728K, reserved 1048576K
}
Event: 1.679 GC heap after
{Heap after GC invocations=5 (full 0):
 PSYoungGen      total 29184K, used 4091K [0x00000000d5580000, 0x00000000d7b00000, 0x0000000100000000)
  eden space 25088K, 0% used [0x00000000d5580000,0x00000000d5580000,0x00000000d6e00000)
  from space 4096K, 99% used [0x00000000d6e80000,0x00000000d727ee80,0x00000000d7280000)
  to   space 6656K, 0% used [0x00000000d7480000,0x00000000d7480000,0x00000000d7b00000)
 ParOldGen       total 68608K, used 8462K [0x0000000080000000, 0x0000000084300000, 0x00000000d5580000)
  object space 68608K, 12% used [0x0000000080000000,0x00000000808438c0,0x0000000084300000)
 Metaspace       used 14840K, committed 15360K, reserved 1114112K
  class space    used 1512K, committed 1728K, reserved 1048576K
}
Event: 2.017 GC heap before
{Heap before GC invocations=6 (full 0):
 PSYoungGen      total 29184K, used 29179K [0x00000000d5580000, 0x00000000d7b00000, 0x0000000100000000)
  eden space 25088K, 100% used [0x00000000d5580000,0x00000000d6e00000,0x00000000d6e00000)
  from space 4096K, 99% used [0x00000000d6e80000,0x00000000d727ee80,0x00000000d7280000)
  to   space 6656K, 0% used [0x00000000d7480000,0x00000000d7480000,0x00000000d7b00000)
 ParOldGen       total 68608K, used 8462K [0x0000000080000000, 0x0000000084300000, 0x00000000d5580000)
  object space 68608K, 12% used [0x0000000080000000,0x00000000808438c0,0x0000000084300000)
 Metaspace       used 18416K, committed 19136K, reserved 1114112K
  class space    used 1912K, committed 2176K, reserved 1048576K
}
Event: 2.019 GC heap after
{Heap after GC invocations=6 (full 0):
 PSYoungGen      total 30208K, used 5285K [0x00000000d5580000, 0x00000000d7a00000, 0x0000000100000000)
  eden space 24576K, 0% used [0x00000000d5580000,0x00000000d5580000,0x00000000d6d80000)
  from space 5632K, 93% used [0x00000000d7480000,0x00000000d79a97d8,0x00000000d7a00000)
  to   space 5632K, 0% used [0x00000000d6f00000,0x00000000d6f00000,0x00000000d7480000)
 ParOldGen       total 68608K, used 8470K [0x0000000080000000, 0x0000000084300000, 0x00000000d5580000)
  object space 68608K, 12% used [0x0000000080000000,0x00000000808458c0,0x0000000084300000)
 Metaspace       used 18416K, committed 19136K, reserved 1114112K
  class space    used 1912K, committed 2176K, reserved 1048576K
}
Event: 2.153 GC heap before
{Heap before GC invocations=7 (full 0):
 PSYoungGen      total 30208K, used 28058K [0x00000000d5580000, 0x00000000d7a00000, 0x0000000100000000)
  eden space 24576K, 92% used [0x00000000d5580000,0x00000000d6bbd318,0x00000000d6d80000)
  from space 5632K, 93% used [0x00000000d7480000,0x00000000d79a97d8,0x00000000d7a00000)
  to   space 5632K, 0% used [0x00000000d6f00000,0x00000000d6f00000,0x00000000d7480000)
 ParOldGen       total 68608K, used 8470K [0x0000000080000000, 0x0000000084300000, 0x00000000d5580000)
  object space 68608K, 12% used [0x0000000080000000,0x00000000808458c0,0x0000000084300000)
 Metaspace       used 20670K, committed 21504K, reserved 1114112K
  class space    used 2174K, committed 2560K, reserved 1048576K
}
Event: 2.156 GC heap after
{Heap after GC invocations=7 (full 0):
 PSYoungGen      total 29184K, used 4131K [0x00000000d5580000, 0x00000000d7780000, 0x0000000100000000)
  eden space 24576K, 0% used [0x00000000d5580000,0x00000000d5580000,0x00000000d6d80000)
  from space 4608K, 89% used [0x00000000d6f00000,0x00000000d7308fb8,0x00000000d7380000)
  to   space 4096K, 0% used [0x00000000d7380000,0x00000000d7380000,0x00000000d7780000)
 ParOldGen       total 68608K, used 10093K [0x0000000080000000, 0x0000000084300000, 0x00000000d5580000)
  object space 68608K, 14% used [0x0000000080000000,0x00000000809db420,0x0000000084300000)
 Metaspace       used 20670K, committed 21504K, reserved 1114112K
  class space    used 2174K, committed 2560K, reserved 1048576K
}
Event: 2.156 GC heap before
{Heap before GC invocations=8 (full 1):
 PSYoungGen      total 29184K, used 4131K [0x00000000d5580000, 0x00000000d7780000, 0x0000000100000000)
  eden space 24576K, 0% used [0x00000000d5580000,0x00000000d5580000,0x00000000d6d80000)
  from space 4608K, 89% used [0x00000000d6f00000,0x00000000d7308fb8,0x00000000d7380000)
  to   space 4096K, 0% used [0x00000000d7380000,0x00000000d7380000,0x00000000d7780000)
 ParOldGen       total 68608K, used 10093K [0x0000000080000000, 0x0000000084300000, 0x00000000d5580000)
  object space 68608K, 14% used [0x0000000080000000,0x00000000809db420,0x0000000084300000)
 Metaspace       used 20670K, committed 21504K, reserved 1114112K
  class space    used 2174K, committed 2560K, reserved 1048576K
}
Event: 2.172 GC heap after
{Heap after GC invocations=8 (full 1):
 PSYoungGen      total 29184K, used 0K [0x00000000d5580000, 0x00000000d7780000, 0x0000000100000000)
  eden space 24576K, 0% used [0x00000000d5580000,0x00000000d5580000,0x00000000d6d80000)
  from space 4608K, 0% used [0x00000000d6f00000,0x00000000d6f00000,0x00000000d7380000)
  to   space 4096K, 0% used [0x00000000d7380000,0x00000000d7380000,0x00000000d7780000)
 ParOldGen       total 68608K, used 12839K [0x0000000080000000, 0x0000000084300000, 0x00000000d5580000)
  object space 68608K, 18% used [0x0000000080000000,0x0000000080c89ff0,0x0000000084300000)
 Metaspace       used 20658K, committed 21504K, reserved 1114112K
  class space    used 2170K, committed 2560K, reserved 1048576K
}
Event: 2.321 GC heap before
{Heap before GC invocations=9 (full 1):
 PSYoungGen      total 29184K, used 24576K [0x00000000d5580000, 0x00000000d7780000, 0x0000000100000000)
  eden space 24576K, 100% used [0x00000000d5580000,0x00000000d6d80000,0x00000000d6d80000)
  from space 4608K, 0% used [0x00000000d6f00000,0x00000000d6f00000,0x00000000d7380000)
  to   space 4096K, 0% used [0x00000000d7380000,0x00000000d7380000,0x00000000d7780000)
 ParOldGen       total 68608K, used 12839K [0x0000000080000000, 0x0000000084300000, 0x00000000d5580000)
  object space 68608K, 18% used [0x0000000080000000,0x0000000080c89ff0,0x0000000084300000)
 Metaspace       used 22794K, committed 23744K, reserved 1114112K
  class space    used 2364K, committed 2752K, reserved 1048576K
}
Event: 2.323 GC heap after
{Heap after GC invocations=9 (full 1):
 PSYoungGen      total 27648K, used 3262K [0x00000000d5580000, 0x00000000d7700000, 0x0000000100000000)
  eden space 24064K, 0% used [0x00000000d5580000,0x00000000d5580000,0x00000000d6d00000)
  from space 3584K, 91% used [0x00000000d7380000,0x00000000d76af848,0x00000000d7700000)
  to   space 4096K, 0% used [0x00000000d6f00000,0x00000000d6f00000,0x00000000d7300000)
 ParOldGen       total 68608K, used 12847K [0x0000000080000000, 0x0000000084300000, 0x00000000d5580000)
  object space 68608K, 18% used [0x0000000080000000,0x0000000080c8bff0,0x0000000084300000)
 Metaspace       used 22794K, committed 23744K, reserved 1114112K
  class space    used 2364K, committed 2752K, reserved 1048576K
}
Event: 2.455 GC heap before
{Heap before GC invocations=10 (full 1):
 PSYoungGen      total 27648K, used 27241K [0x00000000d5580000, 0x00000000d7700000, 0x0000000100000000)
  eden space 24064K, 99% used [0x00000000d5580000,0x00000000d6ceaf70,0x00000000d6d00000)
  from space 3584K, 91% used [0x00000000d7380000,0x00000000d76af848,0x00000000d7700000)
  to   space 4096K, 0% used [0x00000000d6f00000,0x00000000d6f00000,0x00000000d7300000)
 ParOldGen       total 68608K, used 12847K [0x0000000080000000, 0x0000000084300000, 0x00000000d5580000)
  object space 68608K, 18% used [0x0000000080000000,0x0000000080c8bff0,0x0000000084300000)
 Metaspace       used 26093K, committed 27072K, reserved 1114112K
  class space    used 2609K, committed 3008K, reserved 1048576K
}
Event: 2.458 GC heap after
{Heap after GC invocations=10 (full 1):
 PSYoungGen      total 27648K, used 3878K [0x00000000d5580000, 0x00000000d7480000, 0x0000000100000000)
  eden space 23552K, 0% used [0x00000000d5580000,0x00000000d5580000,0x00000000d6c80000)
  from space 4096K, 94% used [0x00000000d6f00000,0x00000000d72c9810,0x00000000d7300000)
  to   space 1536K, 0% used [0x00000000d7300000,0x00000000d7300000,0x00000000d7480000)
 ParOldGen       total 68608K, used 12855K [0x0000000080000000, 0x0000000084300000, 0x00000000d5580000)
  object space 68608K, 18% used [0x0000000080000000,0x0000000080c8dff0,0x0000000084300000)
 Metaspace       used 26093K, committed 27072K, reserved 1114112K
  class space    used 2609K, committed 3008K, reserved 1048576K
}

Dll operation events (10 events):
Event: 0.004 Loaded shared library c:\Users\Amen\.vscode\extensions\redhat.java-1.44.0-win32-x64\jre\21.0.8-win32-x86_64\bin\java.dll
Event: 0.036 Loaded shared library c:\Users\Amen\.vscode\extensions\redhat.java-1.44.0-win32-x64\jre\21.0.8-win32-x86_64\bin\zip.dll
Event: 0.048 Loaded shared library C:\Users\Amen\.vscode\extensions\redhat.java-1.44.0-win32-x64\jre\21.0.8-win32-x86_64\bin\instrument.dll
Event: 0.051 Loaded shared library C:\Users\Amen\.vscode\extensions\redhat.java-1.44.0-win32-x64\jre\21.0.8-win32-x86_64\bin\net.dll
Event: 0.052 Loaded shared library C:\Users\Amen\.vscode\extensions\redhat.java-1.44.0-win32-x64\jre\21.0.8-win32-x86_64\bin\nio.dll
Event: 0.053 Loaded shared library C:\Users\Amen\.vscode\extensions\redhat.java-1.44.0-win32-x64\jre\21.0.8-win32-x86_64\bin\zip.dll
Event: 0.062 Loaded shared library C:\Users\Amen\.vscode\extensions\redhat.java-1.44.0-win32-x64\jre\21.0.8-win32-x86_64\bin\jimage.dll
Event: 0.095 Loaded shared library c:\Users\Amen\.vscode\extensions\redhat.java-1.44.0-win32-x64\jre\21.0.8-win32-x86_64\bin\verify.dll
Event: 0.814 Loaded shared library C:\Users\Amen\AppData\Roaming\Code\User\globalStorage\redhat.java\1.44.0\config_win\org.eclipse.equinox.launcher\org.eclipse.equinox.launcher.win32.win32.x86_64_1.2.1400.v20250730-1736\eclipse_11913.dll
Event: 1.886 Loaded shared library C:\Users\Amen\AppData\Local\Temp\jna-2044405\jna13865370584283531476.dll

Deoptimization events (20 events):
Event: 2.190 Thread 0x000001d4f93107a0 DEOPT PACKING pc=0x000001d4ebadab0c sp=0x00000083ff9ef710
Event: 2.190 Thread 0x000001d4f93107a0 DEOPT UNPACKING pc=0x000001d4eb243aa2 sp=0x00000083ff9ef520 mode 2
Event: 2.203 Thread 0x000001d4f93107a0 Uncommon trap: trap_request=0xffffff45 fr.pc=0x000001d4ebae8548 relative=0x00000000000001a8
Event: 2.203 Thread 0x000001d4f93107a0 Uncommon trap: reason=unstable_if action=reinterpret pc=0x000001d4ebae8548 method=jdk.internal.org.objectweb.asm.Frame.push(I)V @ 26 c2
Event: 2.203 Thread 0x000001d4f93107a0 DEOPT PACKING pc=0x000001d4ebae8548 sp=0x00000083ff9f1380
Event: 2.203 Thread 0x000001d4f93107a0 DEOPT UNPACKING pc=0x000001d4eb243aa2 sp=0x00000083ff9f1308 mode 2
Event: 2.298 Thread 0x000001d4f93107a0 Uncommon trap: trap_request=0xffffff45 fr.pc=0x000001d4ebb2e32c relative=0x00000000000007ac
Event: 2.298 Thread 0x000001d4f93107a0 Uncommon trap: reason=unstable_if action=reinterpret pc=0x000001d4ebb2e32c method=org.lombokweb.asm.ClassReader.readUTF8(I[C)Ljava/lang/String; @ 11 c2
Event: 2.298 Thread 0x000001d4f93107a0 DEOPT PACKING pc=0x000001d4ebb2e32c sp=0x00000083ff9ef690
Event: 2.298 Thread 0x000001d4f93107a0 DEOPT UNPACKING pc=0x000001d4eb243aa2 sp=0x00000083ff9ef678 mode 2
Event: 2.419 Thread 0x000001d4f93107a0 DEOPT PACKING pc=0x000001d4e41db31f sp=0x00000083ff9f4280
Event: 2.419 Thread 0x000001d4f93107a0 DEOPT UNPACKING pc=0x000001d4eb244242 sp=0x00000083ff9f37f0 mode 0
Event: 2.428 Thread 0x000001d4f93107a0 Uncommon trap: trap_request=0xffffff45 fr.pc=0x000001d4ebb38a6c relative=0x000000000000014c
Event: 2.428 Thread 0x000001d4f93107a0 Uncommon trap: reason=unstable_if action=reinterpret pc=0x000001d4ebb38a6c method=org.lombokweb.asm.ByteVector.putByteArray([BII)Lorg/lombokweb/asm/ByteVector; @ 20 c2
Event: 2.428 Thread 0x000001d4f93107a0 DEOPT PACKING pc=0x000001d4ebb38a6c sp=0x00000083ff9eec20
Event: 2.428 Thread 0x000001d4f93107a0 DEOPT UNPACKING pc=0x000001d4eb243aa2 sp=0x00000083ff9eebf0 mode 2
Event: 2.428 Thread 0x000001d4f93107a0 Uncommon trap: trap_request=0xffffff45 fr.pc=0x000001d4ebb383a4 relative=0x0000000000000364
Event: 2.428 Thread 0x000001d4f93107a0 Uncommon trap: reason=unstable_if action=reinterpret pc=0x000001d4ebb383a4 method=org.lombokweb.asm.Label.resolve([BLorg/lombokweb/asm/ByteVector;I)Z @ 81 c2
Event: 2.428 Thread 0x000001d4f93107a0 DEOPT PACKING pc=0x000001d4ebb383a4 sp=0x00000083ff9eecb0
Event: 2.428 Thread 0x000001d4f93107a0 DEOPT UNPACKING pc=0x000001d4eb243aa2 sp=0x00000083ff9eebb8 mode 2

Classes loaded (20 events):
Event: 2.276 Loading class java/io/StringReader
Event: 2.276 Loading class java/io/StringReader done
Event: 2.276 Loading class java/util/zip/GZIPOutputStream
Event: 2.276 Loading class java/util/zip/GZIPOutputStream done
Event: 2.278 Loading class java/net/SocketTimeoutException
Event: 2.278 Loading class java/io/InterruptedIOException
Event: 2.278 Loading class java/io/InterruptedIOException done
Event: 2.278 Loading class java/net/SocketTimeoutException done
Event: 2.278 Loading class java/net/SocketException
Event: 2.278 Loading class java/net/SocketException done
Event: 2.278 Loading class java/net/UnknownHostException
Event: 2.278 Loading class java/net/UnknownHostException done
Event: 2.278 Loading class java/net/ProtocolException
Event: 2.278 Loading class java/net/ProtocolException done
Event: 2.289 Loading class java/lang/ThreadLocal$SuppliedThreadLocal
Event: 2.289 Loading class java/lang/ThreadLocal$SuppliedThreadLocal done
Event: 2.295 Loading class java/io/FileWriter
Event: 2.295 Loading class java/io/FileWriter done
Event: 2.295 Loading class java/lang/NegativeArraySizeException
Event: 2.295 Loading class java/lang/NegativeArraySizeException done

Classes unloaded (7 events):
Event: 2.159 Thread 0x000001d4df55e7b0 Unloading class 0x000001d4811ad000 'java/lang/invoke/LambdaForm$MH+0x000001d4811ad000'
Event: 2.159 Thread 0x000001d4df55e7b0 Unloading class 0x000001d4811acc00 'java/lang/invoke/LambdaForm$MH+0x000001d4811acc00'
Event: 2.159 Thread 0x000001d4df55e7b0 Unloading class 0x000001d4811ac800 'java/lang/invoke/LambdaForm$MH+0x000001d4811ac800'
Event: 2.159 Thread 0x000001d4df55e7b0 Unloading class 0x000001d4811ac400 'java/lang/invoke/LambdaForm$MH+0x000001d4811ac400'
Event: 2.159 Thread 0x000001d4df55e7b0 Unloading class 0x000001d4811ac000 'java/lang/invoke/LambdaForm$BMH+0x000001d4811ac000'
Event: 2.159 Thread 0x000001d4df55e7b0 Unloading class 0x000001d4811abc00 'java/lang/invoke/LambdaForm$DMH+0x000001d4811abc00'
Event: 2.159 Thread 0x000001d4df55e7b0 Unloading class 0x000001d4811aa800 'java/lang/invoke/LambdaForm$DMH+0x000001d4811aa800'

Classes redefined (0 events):
No events

Internal exceptions (20 events):
Event: 2.152 Thread 0x000001d4f93107a0 Exception <a 'java/lang/NoSuchMethodError'{0x00000000d6b5f668}: 'java.lang.Object java.lang.invoke.DirectMethodHandle$Holder.invokeStaticInit(java.lang.Object, java.lang.Object, java.lang.Object, java.lang.Object, java.lang.Object, java.lang.Object, java.lang.Object)'> (0x00000000d6b5f668) 
thrown [s\src\hotspot\share\interpreter\linkResolver.cpp, line 773]
Event: 2.152 Thread 0x000001d4f93107a0 Exception <a 'java/lang/NoSuchMethodError'{0x00000000d6b64e08}: 'java.lang.Object java.lang.invoke.Invokers$Holder.invoke_MT(java.lang.Object, java.lang.Object, java.lang.Object, java.lang.Object, java.lang.Object, java.lang.Object, java.lang.Object, java.lang.Object, java.lang.Object)'> (0x00000000d6b64e08) 
thrown [s\src\hotspot\share\interpreter\linkResolver.cpp, line 773]
Event: 2.174 Thread 0x000001d4f93107a0 Exception <a 'java/lang/NoSuchMethodError'{0x00000000d5590b08}: 'int java.lang.invoke.DirectMethodHandle$Holder.invokeVirtual(java.lang.Object, java.lang.Object, java.lang.Object)'> (0x00000000d5590b08) 
thrown [s\src\hotspot\share\interpreter\linkResolver.cpp, line 773]
Event: 2.174 Thread 0x000001d4f93107a0 Exception <a 'java/lang/NoSuchMethodError'{0x00000000d5595aa0}: 'int java.lang.invoke.DirectMethodHandle$Holder.invokeStaticInit(java.lang.Object, int, int)'> (0x00000000d5595aa0) 
thrown [s\src\hotspot\share\interpreter\linkResolver.cpp, line 773]
Event: 2.175 Thread 0x000001d4f93107a0 Exception <a 'java/lang/NoSuchMethodError'{0x00000000d559de28}: 'int java.lang.invoke.DirectMethodHandle$Holder.invokeStaticInit(java.lang.Object, long, long)'> (0x00000000d559de28) 
thrown [s\src\hotspot\share\interpreter\linkResolver.cpp, line 773]
Event: 2.176 Thread 0x000001d4f93107a0 Exception <a 'java/lang/NoSuchMethodError'{0x00000000d55a57e0}: 'int java.lang.invoke.DirectMethodHandle$Holder.invokeStaticInit(java.lang.Object, float, float)'> (0x00000000d55a57e0) 
thrown [s\src\hotspot\share\interpreter\linkResolver.cpp, line 773]
Event: 2.176 Thread 0x000001d4f93107a0 Exception <a 'java/lang/NoSuchMethodError'{0x00000000d55ad190}: 'int java.lang.invoke.DirectMethodHandle$Holder.invokeStaticInit(java.lang.Object, double, double)'> (0x00000000d55ad190) 
thrown [s\src\hotspot\share\interpreter\linkResolver.cpp, line 773]
Event: 2.176 Thread 0x000001d4f93107a0 Exception <a 'java/lang/NoSuchMethodError'{0x00000000d55b25e0}: 'int java.lang.invoke.DirectMethodHandle$Holder.invokeStatic(java.lang.Object, long)'> (0x00000000d55b25e0) 
thrown [s\src\hotspot\share\interpreter\linkResolver.cpp, line 773]
Event: 2.177 Thread 0x000001d4f93107a0 Exception <a 'java/lang/NoSuchMethodError'{0x00000000d55d1348}: 'int java.lang.invoke.Invokers$Holder.linkToTargetMethod(java.lang.Object, java.lang.Object)'> (0x00000000d55d1348) 
thrown [s\src\hotspot\share\interpreter\linkResolver.cpp, line 773]
Event: 2.190 Thread 0x000001d4f93107a0 Exception <a 'java/lang/NoSuchMethodError'{0x00000000d56dfd38}: 'java.lang.Object java.lang.invoke.Invokers$Holder.invoke_MT(java.lang.Object, java.lang.Object, java.lang.Object, java.lang.Object, java.lang.Object, java.lang.Object, java.lang.Object, java.lang.Object, java.lang.Object, java.lang.Object, java.lang.Object)'> (0x00000000d56dfd38) 
thrown [s\src\hotspot\share\interpreter\linkResolver.cpp, line 773]
Event: 2.195 Thread 0x000001d4f93107a0 Exception <a 'java/lang/NoSuchMethodError'{0x00000000d576cb08}: 'java.lang.Object java.lang.invoke.Invokers$Holder.invoke_MT(java.lang.Object, java.lang.Object, java.lang.Object, java.lang.Object, java.lang.Object, java.lang.Object, java.lang.Object, java.lang.Object, java.lang.Object, java.lang.Object)'> (0x00000000d576cb08) 
thrown [s\src\hotspot\share\interpreter\linkResolver.cpp, line 773]
Event: 2.199 Thread 0x000001d4f93107a0 Exception <a 'java/lang/NoSuchMethodError'{0x00000000d5821910}: 'java.lang.Object java.lang.invoke.DirectMethodHandle$Holder.newInvokeSpecial(java.lang.Object, java.lang.Object, java.lang.Object, java.lang.Object, java.lang.Object, java.lang.Object, java.lang.Object)'> (0x00000000d5821910) 
thrown [s\src\hotspot\share\interpreter\linkResolver.cpp, line 773]
Event: 2.203 Thread 0x000001d4f93107a0 Exception <a 'java/lang/NoSuchMethodError'{0x00000000d58a7450}: 'java.lang.Object java.lang.invoke.Invokers$Holder.invoker(java.lang.Object, java.lang.Object, java.lang.Object, java.lang.Object, java.lang.Object, java.lang.Object, java.lang.Object, java.lang.Object, java.lang.Object, java.lang.Object, java.lang.Object, java.lang.Object, java.lang.Object)'> (0x00000000d58a7450) 
thrown [s\src\hotspot\share\interpreter\linkResolver.cpp, line 773]
Event: 2.204 Thread 0x000001d4f93107a0 Exception <a 'java/lang/NoSuchMethodError'{0x00000000d58b18e8}: 'java.lang.Object java.lang.invoke.DelegatingMethodHandle$Holder.delegate(java.lang.Object, java.lang.Object, java.lang.Object, java.lang.Object, java.lang.Object, java.lang.Object, java.lang.Object, java.lang.Object, java.lang.Object, java.lang.Object, java.lang.Object, java.lang.Object, java.lang.Object)'> (0x00000000d58b18e8) 
thrown [s\src\hotspot\share\interpreter\linkResolver.cpp, line 773]
Event: 2.207 Thread 0x000001d4f93107a0 Exception <a 'java/lang/NoSuchMethodError'{0x00000000d591c1b0}: static Lorg/eclipse/m2e/core/internal/lifecyclemapping/model/PluginExecutionMetadata;.<clinit>()V> (0x00000000d591c1b0) 
thrown [s\src\hotspot\share\prims\jni.cpp, line 1111]
Event: 2.212 Thread 0x000001d4f93107a0 Exception <a 'java/lang/NoSuchMethodError'{0x00000000d5978220}: static Lorg/eclipse/m2e/core/internal/lifecyclemapping/model/PluginExecutionFilter;.<clinit>()V> (0x00000000d5978220) 
thrown [s\src\hotspot\share\prims\jni.cpp, line 1111]
Event: 2.214 Thread 0x000001d4f93107a0 Exception <a 'java/lang/NoSuchMethodError'{0x00000000d59a7b68}: static Lorg/eclipse/m2e/core/internal/project/registry/MavenProjectFacade$MavenProjectConfiguration;.<clinit>()V> (0x00000000d59a7b68) 
thrown [s\src\hotspot\share\prims\jni.cpp, line 1111]
Event: 2.256 Thread 0x000001d4f93107a0 Exception <a 'java/lang/NoSuchMethodError'{0x00000000d5ee7e58}: 'double java.lang.invoke.DirectMethodHandle$Holder.invokeStatic(java.lang.Object, java.lang.Object)'> (0x00000000d5ee7e58) 
thrown [s\src\hotspot\share\interpreter\linkResolver.cpp, line 773]
Event: 2.257 Thread 0x000001d4f93107a0 Exception <a 'java/lang/NoSuchMethodError'{0x00000000d5eeb518}: 'double java.lang.invoke.DirectMethodHandle$Holder.invokeStaticInit(java.lang.Object, java.lang.Object)'> (0x00000000d5eeb518) 
thrown [s\src\hotspot\share\interpreter\linkResolver.cpp, line 773]
Event: 2.428 Thread 0x000001d4f93107a0 Implicit null exception at 0x000001d4ebb38975 to 0x000001d4ebb38a50

ZGC Phase Switch (0 events):
No events

VM Operations (20 events):
Event: 1.890 Executing VM operation: HandshakeAllThreads (Deoptimize)
Event: 1.890 Executing VM operation: HandshakeAllThreads (Deoptimize) done
Event: 1.966 Executing VM operation: HandshakeAllThreads (Deoptimize)
Event: 1.966 Executing VM operation: HandshakeAllThreads (Deoptimize) done
Event: 1.993 Executing VM operation: HandshakeAllThreads (Deoptimize)
Event: 1.993 Executing VM operation: HandshakeAllThreads (Deoptimize) done
Event: 1.998 Executing VM operation: HandshakeAllThreads (Deoptimize)
Event: 1.998 Executing VM operation: HandshakeAllThreads (Deoptimize) done
Event: 2.016 Executing VM operation: ICBufferFull
Event: 2.016 Executing VM operation: ICBufferFull done
Event: 2.016 Executing VM operation: ParallelGCFailedAllocation (Allocation Failure)
Event: 2.019 Executing VM operation: ParallelGCFailedAllocation (Allocation Failure) done
Event: 2.148 Executing VM operation: HandshakeAllThreads (Deoptimize)
Event: 2.148 Executing VM operation: HandshakeAllThreads (Deoptimize) done
Event: 2.153 Executing VM operation: CollectForMetadataAllocation (Metadata GC Threshold)
Event: 2.172 Executing VM operation: CollectForMetadataAllocation (Metadata GC Threshold) done
Event: 2.321 Executing VM operation: ParallelGCFailedAllocation (Allocation Failure)
Event: 2.323 Executing VM operation: ParallelGCFailedAllocation (Allocation Failure) done
Event: 2.455 Executing VM operation: ParallelGCFailedAllocation (Allocation Failure)
Event: 2.459 Executing VM operation: ParallelGCFailedAllocation (Allocation Failure) done

Memory protections (0 events):
No events

Nmethod flushes (0 events):
No events

Events (20 events):
Event: 0.024 Thread 0x000001d4f9359de0 Thread added: 0x000001d4f9425e70
Event: 0.030 Thread 0x000001d4df498ee0 Thread added: 0x000001d4f9311b50
Event: 0.038 Thread 0x000001d4f9359de0 Thread added: 0x000001d4f94df360
Event: 0.039 Thread 0x000001d4f9425e70 Thread added: 0x000001d4f94e0810
Event: 0.065 Thread 0x000001d4f9425e70 Thread added: 0x000001d4f95fda50
Event: 0.144 Thread 0x000001d4df498ee0 Thread added: 0x000001d4f930f3f0
Event: 0.536 Thread 0x000001d4f95fda50 Thread added: 0x000001d4ff6d3070
Event: 0.537 Thread 0x000001d4ff6d3070 Thread added: 0x000001d4ff62ecf0
Event: 0.681 Thread 0x000001d4df498ee0 Thread added: 0x000001d4f930ed60
Event: 0.809 Thread 0x000001d4df498ee0 Thread added: 0x000001d4f930fa80
Event: 0.830 Thread 0x000001d4f930fa80 Thread added: 0x000001d4f9310110
Event: 0.833 Thread 0x000001d4df498ee0 Thread added: 0x000001d4f93107a0
Event: 1.063 Thread 0x000001d4f93107a0 Thread added: 0x000001d4c16d4260
Event: 1.182 Thread 0x000001d4f93107a0 Thread added: 0x000001d4c16d48f0
Event: 1.247 Thread 0x000001d4f93107a0 Thread added: 0x000001d4c16d3bd0
Event: 1.368 Thread 0x000001d4ff62ecf0 Thread exited: 0x000001d4ff62ecf0
Event: 1.636 Thread 0x000001d4f93107a0 Thread added: 0x000001d4c16d3540
Event: 1.901 Thread 0x000001d4f93107a0 Thread added: 0x000001d4c16d8400
Event: 1.917 Thread 0x000001d4f93107a0 Thread added: 0x000001d4c16d4f80
Event: 1.930 Thread 0x000001d4f93107a0 Thread added: 0x000001d4c16d8a90


Dynamic libraries:
0x00007ff701eb0000 - 0x00007ff701ebe000 	c:\Users\Amen\.vscode\extensions\redhat.java-1.44.0-win32-x64\jre\21.0.8-win32-x86_64\bin\java.exe
0x00007ffdbbf20000 - 0x00007ffdbc188000 	C:\WINDOWS\SYSTEM32\ntdll.dll
0x00007ffdbb480000 - 0x00007ffdbb549000 	C:\WINDOWS\System32\KERNEL32.DLL
0x00007ffdb92a0000 - 0x00007ffdb968d000 	C:\WINDOWS\System32\KERNELBASE.dll
0x00007ffdb9780000 - 0x00007ffdb98cb000 	C:\WINDOWS\System32\ucrtbase.dll
0x00007ffdb23e0000 - 0x00007ffdb23f8000 	c:\Users\Amen\.vscode\extensions\redhat.java-1.44.0-win32-x64\jre\21.0.8-win32-x86_64\bin\jli.dll
0x00007ffdb23c0000 - 0x00007ffdb23de000 	c:\Users\Amen\.vscode\extensions\redhat.java-1.44.0-win32-x64\jre\21.0.8-win32-x86_64\bin\VCRUNTIME140.dll
0x00007ffdbacb0000 - 0x00007ffdbae7c000 	C:\WINDOWS\System32\USER32.dll
0x00007ffdb9690000 - 0x00007ffdb96b7000 	C:\WINDOWS\System32\win32u.dll
0x00007ffdb9cc0000 - 0x00007ffdb9ceb000 	C:\WINDOWS\System32\GDI32.dll
0x00007ffda3c40000 - 0x00007ffda3eda000 	C:\WINDOWS\WinSxS\amd64_microsoft.windows.common-controls_6595b64144ccf1df_6.0.26100.4484_none_3e0e6d4ce32ef3b3\COMCTL32.dll
0x00007ffdb9b80000 - 0x00007ffdb9cb7000 	C:\WINDOWS\System32\gdi32full.dll
0x00007ffdbb290000 - 0x00007ffdbb339000 	C:\WINDOWS\System32\msvcrt.dll
0x00007ffdb91f0000 - 0x00007ffdb9293000 	C:\WINDOWS\System32\msvcp_win.dll
0x00007ffdba460000 - 0x00007ffdba48f000 	C:\WINDOWS\System32\IMM32.DLL
0x00007ffdad740000 - 0x00007ffdad74c000 	c:\Users\Amen\.vscode\extensions\redhat.java-1.44.0-win32-x64\jre\21.0.8-win32-x86_64\bin\vcruntime140_1.dll
0x00007ffd8f730000 - 0x00007ffd8f7bd000 	c:\Users\Amen\.vscode\extensions\redhat.java-1.44.0-win32-x64\jre\21.0.8-win32-x86_64\bin\msvcp140.dll
0x00007ffd6a3b0000 - 0x00007ffd6b147000 	c:\Users\Amen\.vscode\extensions\redhat.java-1.44.0-win32-x64\jre\21.0.8-win32-x86_64\bin\server\jvm.dll
0x00007ffdbab70000 - 0x00007ffdbac24000 	C:\WINDOWS\System32\ADVAPI32.dll
0x00007ffdbb3d0000 - 0x00007ffdbb476000 	C:\WINDOWS\System32\sechost.dll
0x00007ffdbb550000 - 0x00007ffdbb668000 	C:\WINDOWS\System32\RPCRT4.dll
0x00007ffdba080000 - 0x00007ffdba0f4000 	C:\WINDOWS\System32\WS2_32.dll
0x00007ffdb8ec0000 - 0x00007ffdb8f1e000 	C:\WINDOWS\SYSTEM32\POWRPROF.dll
0x00007ffdb08a0000 - 0x00007ffdb08ab000 	C:\WINDOWS\SYSTEM32\VERSION.dll
0x00007ffda1dc0000 - 0x00007ffda1df5000 	C:\WINDOWS\SYSTEM32\WINMM.dll
0x00007ffdb8ea0000 - 0x00007ffdb8eb4000 	C:\WINDOWS\SYSTEM32\UMPDC.dll
0x00007ffdb7e10000 - 0x00007ffdb7e2b000 	C:\WINDOWS\SYSTEM32\kernel.appcore.dll
0x00007ffdad2d0000 - 0x00007ffdad2da000 	c:\Users\Amen\.vscode\extensions\redhat.java-1.44.0-win32-x64\jre\21.0.8-win32-x86_64\bin\jimage.dll
0x00007ffdb69a0000 - 0x00007ffdb6be1000 	C:\WINDOWS\SYSTEM32\DBGHELP.DLL
0x00007ffdb9cf0000 - 0x00007ffdba076000 	C:\WINDOWS\System32\combase.dll
0x00007ffdba110000 - 0x00007ffdba1f0000 	C:\WINDOWS\System32\OLEAUT32.dll
0x00007ffdaaa10000 - 0x00007ffdaaa53000 	C:\WINDOWS\SYSTEM32\dbgcore.DLL
0x00007ffdb98d0000 - 0x00007ffdb9969000 	C:\WINDOWS\System32\bcryptPrimitives.dll
0x00007ffdaa780000 - 0x00007ffdaa78f000 	c:\Users\Amen\.vscode\extensions\redhat.java-1.44.0-win32-x64\jre\21.0.8-win32-x86_64\bin\instrument.dll
0x00007ffdaa730000 - 0x00007ffdaa74f000 	c:\Users\Amen\.vscode\extensions\redhat.java-1.44.0-win32-x64\jre\21.0.8-win32-x86_64\bin\java.dll
0x00007ffdbb770000 - 0x00007ffdbbeba000 	C:\WINDOWS\System32\SHELL32.dll
0x00007ffdb9a00000 - 0x00007ffdb9b74000 	C:\WINDOWS\System32\wintypes.dll
0x00007ffdb6bf0000 - 0x00007ffdb744b000 	C:\WINDOWS\SYSTEM32\windows.storage.dll
0x00007ffdba250000 - 0x00007ffdba345000 	C:\WINDOWS\System32\SHCORE.dll
0x00007ffdbac40000 - 0x00007ffdbacaa000 	C:\WINDOWS\System32\shlwapi.dll
0x00007ffdb8f50000 - 0x00007ffdb8f7f000 	C:\WINDOWS\SYSTEM32\profapi.dll
0x00007ffdaa6b0000 - 0x00007ffdaa6c8000 	c:\Users\Amen\.vscode\extensions\redhat.java-1.44.0-win32-x64\jre\21.0.8-win32-x86_64\bin\zip.dll
0x00007ffdaa770000 - 0x00007ffdaa780000 	C:\Users\Amen\.vscode\extensions\redhat.java-1.44.0-win32-x64\jre\21.0.8-win32-x86_64\bin\net.dll
0x00007ffdb4a40000 - 0x00007ffdb4b5e000 	C:\WINDOWS\SYSTEM32\WINHTTP.dll
0x00007ffdb83a0000 - 0x00007ffdb840a000 	C:\WINDOWS\system32\mswsock.dll
0x00007ffdaa690000 - 0x00007ffdaa6a6000 	C:\Users\Amen\.vscode\extensions\redhat.java-1.44.0-win32-x64\jre\21.0.8-win32-x86_64\bin\nio.dll
0x00007ffdaa680000 - 0x00007ffdaa690000 	c:\Users\Amen\.vscode\extensions\redhat.java-1.44.0-win32-x64\jre\21.0.8-win32-x86_64\bin\verify.dll
0x00007ffd89690000 - 0x00007ffd896d5000 	C:\Users\Amen\AppData\Roaming\Code\User\globalStorage\redhat.java\1.44.0\config_win\org.eclipse.equinox.launcher\org.eclipse.equinox.launcher.win32.win32.x86_64_1.2.1400.v20250730-1736\eclipse_11913.dll
0x00007ffdba9b0000 - 0x00007ffdbab4e000 	C:\WINDOWS\System32\ole32.dll
0x00007ffdb8660000 - 0x00007ffdb867b000 	C:\WINDOWS\SYSTEM32\CRYPTSP.dll
0x00007ffdb7d70000 - 0x00007ffdb7dab000 	C:\WINDOWS\system32\rsaenh.dll
0x00007ffdb8440000 - 0x00007ffdb846b000 	C:\WINDOWS\SYSTEM32\USERENV.dll
0x00007ffdb8f90000 - 0x00007ffdb8fb6000 	C:\WINDOWS\SYSTEM32\bcrypt.dll
0x00007ffdb8650000 - 0x00007ffdb865c000 	C:\WINDOWS\SYSTEM32\CRYPTBASE.dll
0x00007ffdb7890000 - 0x00007ffdb78c3000 	C:\WINDOWS\SYSTEM32\IPHLPAPI.DLL
0x00007ffdbac30000 - 0x00007ffdbac3a000 	C:\WINDOWS\System32\NSI.dll
0x00007ffd89640000 - 0x00007ffd89689000 	C:\Users\Amen\AppData\Local\Temp\jna-2044405\jna13865370584283531476.dll
0x00007ffdbab60000 - 0x00007ffdbab68000 	C:\WINDOWS\System32\PSAPI.DLL

JVMTI agents:
c:\Users\Amen\.vscode\extensions\redhat.java-1.44.0-win32-x64\lombok\lombok-1.18.39-4050.jar path:c:\Users\Amen\.vscode\extensions\redhat.java-1.44.0-win32-x64\jre\21.0.8-win32-x86_64\bin\instrument.dll, loaded, initialized, instrumentlib options:none

dbghelp: loaded successfully - version: 4.0.5 - missing functions: none
symbol engine: initialized successfully - sym options: 0x614 - pdb path: .;c:\Users\Amen\.vscode\extensions\redhat.java-1.44.0-win32-x64\jre\21.0.8-win32-x86_64\bin;C:\WINDOWS\SYSTEM32;C:\WINDOWS\WinSxS\amd64_microsoft.windows.common-controls_6595b64144ccf1df_6.0.26100.4484_none_3e0e6d4ce32ef3b3;c:\Users\Amen\.vscode\extensions\redhat.java-1.44.0-win32-x64\jre\21.0.8-win32-x86_64\bin\server;C:\Users\Amen\AppData\Roaming\Code\User\globalStorage\redhat.java\1.44.0\config_win\org.eclipse.equinox.launcher\org.eclipse.equinox.launcher.win32.win32.x86_64_1.2.1400.v20250730-1736;C:\Users\Amen\AppData\Local\Temp\jna-2044405

VM Arguments:
jvm_args: --add-modules=ALL-SYSTEM --add-opens=java.base/java.util=ALL-UNNAMED --add-opens=java.base/java.lang=ALL-UNNAMED --add-opens=java.base/sun.nio.fs=ALL-UNNAMED -Declipse.application=org.eclipse.jdt.ls.core.id1 -Dosgi.bundles.defaultStartLevel=4 -Declipse.product=org.eclipse.jdt.ls.core.product -Djava.import.generatesMetadataFilesAtProjectRoot=false -DDetectVMInstallationsJob.disabled=true -Dfile.encoding=utf8 -XX:+UseParallelGC -XX:GCTimeRatio=4 -XX:AdaptiveSizePolicyWeight=90 -Dsun.zip.disableMemoryMapping=true -Xmx2G -Xms100m -Xlog:disable -javaagent:c:\Users\Amen\.vscode\extensions\redhat.java-1.44.0-win32-x64\lombok\lombok-1.18.39-4050.jar -XX:+HeapDumpOnOutOfMemoryError -XX:HeapDumpPath=c:\Users\Amen\AppData\Roaming\Code\User\workspaceStorage\7008674b88c08343105e105653bc181d\redhat.java -Daether.dependencyCollector.impl=bf 
java_command: c:\Users\Amen\.vscode\extensions\redhat.java-1.44.0-win32-x64\server\plugins\org.eclipse.equinox.launcher_1.7.0.v20250519-0528.jar -configuration c:\Users\Amen\AppData\Roaming\Code\User\globalStorage\redhat.java\1.44.0\config_win -data c:\Users\Amen\AppData\Roaming\Code\User\workspaceStorage\7008674b88c08343105e105653bc181d\redhat.java\jdt_ws --pipe=\\.\pipe\lsp-7e29a71de33a4c245c031e3cad8a3626-sock
java_class_path (initial): c:\Users\Amen\.vscode\extensions\redhat.java-1.44.0-win32-x64\server\plugins\org.eclipse.equinox.launcher_1.7.0.v20250519-0528.jar
Launcher Type: SUN_STANDARD

[Global flags]
    uintx AdaptiveSizePolicyWeight                 = 90                                        {product} {command line}
     intx CICompilerCount                          = 12                                        {product} {ergonomic}
    uintx GCTimeRatio                              = 4                                         {product} {command line}
     bool HeapDumpOnOutOfMemoryError               = true                                   {manageable} {command line}
    ccstr HeapDumpPath                             = c:\Users\Amen\AppData\Roaming\Code\User\workspaceStorage\7008674b88c08343105e105653bc181d\redhat.java         {manageable} {command line}
   size_t InitialHeapSize                          = 104857600                                 {product} {command line}
   size_t MaxHeapSize                              = 2147483648                                {product} {command line}
   size_t MaxNewSize                               = 715653120                                 {product} {ergonomic}
   size_t MinHeapDeltaBytes                        = 524288                                    {product} {ergonomic}
   size_t MinHeapSize                              = 104857600                                 {product} {command line}
   size_t NewSize                                  = 34603008                                  {product} {ergonomic}
    uintx NonNMethodCodeHeapSize                   = 7602480                                {pd product} {ergonomic}
    uintx NonProfiledCodeHeapSize                  = 122027880                              {pd product} {ergonomic}
   size_t OldSize                                  = 70254592                                  {product} {ergonomic}
    uintx ProfiledCodeHeapSize                     = 122027880                              {pd product} {ergonomic}
    uintx ReservedCodeCacheSize                    = 251658240                              {pd product} {ergonomic}
     bool SegmentedCodeCache                       = true                                      {product} {ergonomic}
   size_t SoftMaxHeapSize                          = 2147483648                             {manageable} {ergonomic}
     bool UseCompressedOops                        = true                           {product lp64_product} {ergonomic}
     bool UseLargePagesIndividualAllocation        = false                                  {pd product} {ergonomic}
     bool UseParallelGC                            = true                                      {product} {command line}

Logging:
Log output configuration:
 #0: stdout all=off uptime,level,tags foldmultilines=false
 #1: stderr all=off uptime,level,tags foldmultilines=false

Environment Variables:
PATH=C:\Program Files\Eclipse Adoptium\jdk-21.0.8.9-hotspot\bin;C:\WINDOWS\system32;C:\WINDOWS;C:\WINDOWS\System32\Wbem;C:\WINDOWS\System32\WindowsPowerShell\v1.0\;C:\WINDOWS\System32\OpenSSH\;C:\Program Files\nodejs\;C:\ProgramData\chocolatey\bin;C:\Program Files\Git\cmd;C:\Program Files\Tesseract-OCR;C:\Users\Amen\AppData\Local\Microsoft\WindowsApps;C:\Users\Amen\AppData\Local\Programs\Microsoft VS Code\bin;C:\Users\Amen\AppData\Roaming\npm;%IntelliJ IDEA%
USERNAME=Amen
OS=Windows_NT
PROCESSOR_IDENTIFIER=Intel64 Family 6 Model 186 Stepping 2, GenuineIntel
TMP=C:\Users\Amen\AppData\Local\Temp
TEMP=C:\Users\Amen\AppData\Local\Temp




Periodic native trim disabled

---------------  S Y S T E M  ---------------

OS:
 Windows 11 , 64 bit Build 26100 (10.0.26100.4484)
OS uptime: 0 days 0:04 hours

CPU: total 16 (initial active 16) (8 cores per cpu, 2 threads per core) family 6 model 186 stepping 2 microcode 0x410e, cx8, cmov, fxsr, ht, mmx, 3dnowpref, sse, sse2, sse3, ssse3, sse4.1, sse4.2, popcnt, lzcnt, tsc, tscinvbit, avx, avx2, aes, erms, clmul, bmi1, bmi2, adx, sha, fma, vzeroupper, clflush, clflushopt, clwb, serialize, rdtscp, rdpid, fsrm, f16c, pku, cet_ibt, cet_ss
Processor Information for the first 16 processors :
  Max Mhz: 2600, Current Mhz: 2600, Mhz Limit: 2600

Memory: 4k page, system-wide physical 16013M (10148M free)
TotalPageFile size 18957M (AvailPageFile size 12862M)
current process WorkingSet (physical memory assigned to process): 167M, peak: 172M
current process commit charge ("private bytes"): 314M, peak: 317M

vm_info: OpenJDK 64-Bit Server VM (21.0.8+9-LTS) for windows-amd64 JRE (21.0.8+9-LTS), built on 2025-07-15T00:00:00Z by "admin" with MS VC++ 17.7 (VS2022)

END.
