#
# A fatal error has been detected by the Java Runtime Environment:
#
#  EXCEPTION_ACCESS_VIOLATION (0xc0000005) at pc=0x00007ffd5a1de0b0, pid=2456, tid=5392
#
# JRE version: OpenJDK Runtime Environment Temurin-21.0.8+9 (21.0.8+9) (build 21.0.8+9-LTS)
# Java VM: OpenJDK 64-Bit Server VM Temurin-21.0.8+9 (21.0.8+9-LTS, mixed mode, sharing, tiered, compressed oops, compressed class ptrs, parallel gc, windows-amd64)
# Problematic frame:
# V  [jvm.dll+0x3be0b0]
#
# No core dump will be written. Minidumps are not enabled by default on client versions of Windows
#
# If you would like to submit a bug report, please visit:
#   https://github.com/adoptium/adoptium-support/issues
#

---------------  S U M M A R Y ------------

Command Line: --add-modules=ALL-SYSTEM --add-opens=java.base/java.util=ALL-UNNAMED --add-opens=java.base/java.lang=ALL-UNNAMED --add-opens=java.base/sun.nio.fs=ALL-UNNAMED -Declipse.application=org.eclipse.jdt.ls.core.id1 -Dosgi.bundles.defaultStartLevel=4 -Declipse.product=org.eclipse.jdt.ls.core.product -Djava.import.generatesMetadataFilesAtProjectRoot=false -DDetectVMInstallationsJob.disabled=true -Dfile.encoding=utf8 -XX:+UseParallelGC -XX:GCTimeRatio=4 -XX:AdaptiveSizePolicyWeight=90 -Dsun.zip.disableMemoryMapping=true -Xmx2G -Xms100m -Xlog:disable -javaagent:c:\Users\Amen\.vscode\extensions\redhat.java-1.44.0-win32-x64\lombok\lombok-1.18.39-4050.jar c:\Users\Amen\.vscode\extensions\redhat.java-1.44.0-win32-x64\server\plugins\org.eclipse.equinox.launcher_1.7.0.v20250519-0528.jar -configuration c:\Users\Amen\AppData\Roaming\Code\User\globalStorage\redhat.java\1.44.0\config_ss_win -data c:\Users\Amen\AppData\Roaming\Code\User\workspaceStorage\7008674b88c08343105e105653bc181d\redhat.java\ss_ws --pipe=\\.\pipe\lsp-90002665d809b7666d4ca6f950754dde-sock

Host: 13th Gen Intel(R) Core(TM) i5-13500H, 16 cores, 15G,  Windows 11 , 64 bit Build 26100 (10.0.26100.4484)
Time: Mon Aug  4 17:20:45 2025 elapsed time: 12.047949 seconds (0d 0h 0m 12s)

---------------  T H R E A D  ---------------

Current thread (0x000002005b9e1090):  JavaThread "C2 CompilerThread1" daemon [_thread_in_native, id=5392, stack(0x000000ce6c500000,0x000000ce6c600000) (1024K)]


Current CompileTask:
C2:12047 2900       4       lombok.patcher.PatchScript$MethodPatcher::visitMethod (158 bytes)

Stack: [0x000000ce6c500000,0x000000ce6c600000],  sp=0x000000ce6c5fc7e0,  free space=1009k
Native frames: (J=compiled Java code, j=interpreted, Vv=VM code, C=native code)
V  [jvm.dll+0x3be0b0]
V  [jvm.dll+0x3b76c1]
V  [jvm.dll+0x1e1447]
V  [jvm.dll+0x249022]
V  [jvm.dll+0x2484af]
V  [jvm.dll+0x1c89ee]
V  [jvm.dll+0x257d4d]
V  [jvm.dll+0x2562ea]
V  [jvm.dll+0x3f2d16]
V  [jvm.dll+0x857e6b]
V  [jvm.dll+0x6d0b0d]
C  [ucrtbase.dll+0x37b0]
C  [KERNEL32.DLL+0x2e8d7]
C  [ntdll.dll+0x3c34c]


siginfo: EXCEPTION_ACCESS_VIOLATION (0xc0000005), reading address 0xffffffffffffffff


Registers:
RAX=0x0000000000000000, RBX=0x0000000000000005, RCX=0x0000000000000000, RDX=0x09007ffd5aabd500
RSP=0x000000ce6c5fc7e0, RBP=0x00007ffd5aabd500, RSI=0x000000000000061f, RDI=0x000000ce6c5fc830
R8 =0x0000000080000000, R9 =0x0000000000000004, R10=0x0000020061beae58, R11=0x0000000000000000
R12=0x0000000000000000, R13=0x0000000000000001, R14=0x000000000000001f, R15=0x00007ffd5aabd500
RIP=0x00007ffd5a1de0b0, EFLAGS=0x0000000000010246

XMM[0]=0x0000000000000000 0x0000000000000000
XMM[1]=0x0000000000000000 0x403bf142a2ec635e
XMM[2]=0x0000000000000000 0x0000000000000000
XMM[3]=0x0000000000000000 0x0000000000000000
XMM[4]=0x0000000000000000 0x0000000000000000
XMM[5]=0x0000000000000000 0x0000000000000000
XMM[6]=0x0000000000000000 0x0000000000000000
XMM[7]=0x0000000000000000 0x0000000000000000
XMM[8]=0x0000000000000000 0x0000000000000000
XMM[9]=0x0000000000000000 0x0000000000000000
XMM[10]=0x0000000000000000 0x0000000000000000
XMM[11]=0x0000000000000000 0x0000000000000000
XMM[12]=0x0000000000000000 0x0000000000000000
XMM[13]=0x0000000000000000 0x0000000000000000
XMM[14]=0x0000000000000000 0x0000000000000000
XMM[15]=0x0000000000000000 0x0000000000000000
  MXCSR=0x00001fa0


Register to memory mapping:

RAX=0x0 is null
RBX=0x0000000000000005 is an unknown value
RCX=0x0 is null
RDX=0x09007ffd5aabd500 is an unknown value
RSP=0x000000ce6c5fc7e0 is pointing into the stack for thread: 0x000002005b9e1090
RBP=0x00007ffd5aabd500 jvm.dll
RSI=0x000000000000061f is an unknown value
RDI=0x000000ce6c5fc830 is pointing into the stack for thread: 0x000002005b9e1090
R8 =0x0000000080000000 is an oop: jdk.internal.util.Preconditions$4 
{0x0000000080000000} - klass: 'jdk/internal/util/Preconditions$4'
 - ---- fields (total size 2 words):
 - final synthetic 'val$f' 'Ljava/util/function/Function;' @12  a 'jdk/internal/util/Preconditions$1'{0x0000000080303060} (0x80303060)
R9 =0x0000000000000004 is an unknown value
R10=0x0000020061beae58 points into unknown readable memory: 0x0000000000000000 | 00 00 00 00 00 00 00 00
R11=0x0 is null
R12=0x0 is null
R13=0x0000000000000001 is an unknown value
R14=0x000000000000001f is an unknown value
R15=0x00007ffd5aabd500 jvm.dll

Top of Stack: (sp=0x000000ce6c5fc7e0)
0x000000ce6c5fc7e0:   0000020063f6e3e0 0000020061164800
0x000000ce6c5fc7f0:   0000020062421840 00007ffd5a85bbe8
0x000000ce6c5fc800:   000000000000061f 00007ffd5a1d76c1
0x000000ce6c5fc810:   0000020064178b00 000000ce6c5fc950
0x000000ce6c5fc820:   000000000000061f 0000020061164880
0x000000ce6c5fc830:   0000000000000000 000000020000045e
0x000000ce6c5fc840:   0000000700000005 09007ffd5aabd500
0x000000ce6c5fc850:   0000020063694260 000002006418a3a0
0x000000ce6c5fc860:   000002005ba55360 0000000000000000
0x000000ce6c5fc870:   000000ce6c5fc980 00007ffd5a001447
0x000000ce6c5fc880:   000000ce6c5fccf0 000002005ba55738
0x000000ce6c5fc890:   000000ce6c5fcdd0 000002005ba55350
0x000000ce6c5fc8a0:   0000000000000000 0000000000000000
0x000000ce6c5fc8b0:   0000000000000007 000002005ba55350
0x000000ce6c5fc8c0:   0000020063329830 00000200633312b0
0x000000ce6c5fc8d0:   0000020063331818 00000000002ed6a0
0x000000ce6c5fc8e0:   000002005ba55360 0000000000000000
0x000000ce6c5fc8f0:   0000000000000000 0000000000000000
0x000000ce6c5fc900:   0000000000000010 0000000000001500
0x000000ce6c5fc910:   0000020061164880 00007ffd5a8251e0
0x000000ce6c5fc920:   0000000000000000 000000ce6c5fe1d0
0x000000ce6c5fc930:   0000000000000000 00007ffd5a8251e0
0x000000ce6c5fc940:   0000000000007f00 00007ffd59ee578e
0x000000ce6c5fc950:   00007ffd0000000c 000000ce6c5fe1d0
0x000000ce6c5fc960:   000002006414d040 0000020061164800
0x000000ce6c5fc970:   00000200641f8f00 0000020000001131
0x000000ce6c5fc980:   000000ce6c5fc8b0 000002005ba55360
0x000000ce6c5fc990:   00007ffd5a8251b0 000000000000000d
0x000000ce6c5fc9a0:   000000ce6c5fe1d0 000000ce6c5fccf0
0x000000ce6c5fc9b0:   0000020000001440 0000020061164880
0x000000ce6c5fc9c0:   000000000000000a 000000ce6c5fe1d0
0x000000ce6c5fc9d0:   0000020063f90090 0000000000000000 

Instructions: (pc=0x00007ffd5a1de0b0)
0x00007ffd5a1ddfb0:   48 8b 8e d8 08 00 00 48 85 c9 75 0c e8 2f 09 00
0x00007ffd5a1ddfc0:   00 48 8b 8e d8 08 00 00 48 8b 01 0f 57 c0 48 89
0x00007ffd5a1ddfd0:   86 d8 08 00 00 0f 11 01 0f 11 41 10 0f 10 45 00
0x00007ffd5a1ddfe0:   0f 11 01 0f 10 4d 10 0f 11 49 10 48 8b 43 08 49
0x00007ffd5a1ddff0:   89 0c 06 48 8d 0d 06 f5 8d 00 ff c7 ba 70 00 00
0x00007ffd5a1de000:   00 3b bb 90 00 00 00 0f 82 63 ff ff ff 4c 8b 74
0x00007ffd5a1de010:   24 60 4c 8b 64 24 58 48 8b 6c 24 50 48 8b c3 48
0x00007ffd5a1de020:   83 c4 20 41 5f 41 5d 5f 5e 5b c3 cc cc cc cc cc
0x00007ffd5a1de030:   48 89 74 24 18 57 48 83 ec 20 8b 51 0c 48 8b f9
0x00007ffd5a1de040:   83 fa 04 73 29 48 8b 49 18 0f 1f 80 00 00 00 00
0x00007ffd5a1de050:   8b c2 44 8d 4a 01 48 83 3c c1 00 4c 8d 14 c1 0f
0x00007ffd5a1de060:   85 91 00 00 00 41 8b d1 41 83 f9 04 72 e2 48 89
0x00007ffd5a1de070:   5c 24 30 8b 5f 10 48 89 6c 24 38 3b 5f 14 73 5f
0x00007ffd5a1de080:   48 8d 2d 79 f4 8d 00 66 0f 1f 84 00 00 00 00 00
0x00007ffd5a1de090:   48 8b 47 20 8b cb 48 8b 14 c8 48 3b d5 74 39 33
0x00007ffd5a1de0a0:   c0 48 89 57 18 33 c9 66 0f 1f 84 00 00 00 00 00
0x00007ffd5a1de0b0:   48 83 3c 11 00 44 8d 48 01 75 78 48 83 c1 08 41
0x00007ffd5a1de0c0:   8b c1 41 83 f9 04 72 e8 48 8b 4f 28 48 85 c9 74
0x00007ffd5a1de0d0:   07 8b d3 e8 58 01 00 00 ff c3 3b 5f 14 72 b1 33
0x00007ffd5a1de0e0:   c0 48 8b 5c 24 30 48 8b 6c 24 38 48 8b 74 24 40
0x00007ffd5a1de0f0:   48 83 c4 20 5f c3 8b 47 10 48 8b 74 24 40 44 8d
0x00007ffd5a1de100:   04 82 41 c1 e0 06 41 81 c0 00 ff ff ff 44 89 47
0x00007ffd5a1de110:   08 49 8b 12 48 0f bc c2 44 89 4f 0c 8b c8 48 d3
0x00007ffd5a1de120:   ea 48 ff ca 41 03 c0 48 89 17 89 47 08 48 83 c4
0x00007ffd5a1de130:   20 5f c3 8b c8 44 8d 04 98 41 c1 e0 06 8d 43 01
0x00007ffd5a1de140:   44 89 47 08 48 8b 14 ca 89 47 10 48 0f bc c2 44
0x00007ffd5a1de150:   89 4f 0c 8b c8 48 d3 ea 48 ff ca 41 03 c0 48 89
0x00007ffd5a1de160:   17 89 47 08 e9 78 ff ff ff cc cc cc cc cc cc cc
0x00007ffd5a1de170:   40 53 48 83 ec 20 65 48 8b 04 25 58 00 00 00 8b
0x00007ffd5a1de180:   0d 63 73 92 00 48 8b 1c c8 b8 70 00 00 00 80 3c
0x00007ffd5a1de190:   18 00 75 05 e8 97 ed 58 00 b8 20 00 00 00 48 8b
0x00007ffd5a1de1a0:   04 18 48 8b 88 60 06 00 00 48 8b 99 80 00 00 00 


Stack slot to memory mapping:

stack at sp + 0 slots: 0x0000020063f6e3e0 points into unknown readable memory: 0x0000000000000000 | 00 00 00 00 00 00 00 00
stack at sp + 1 slots: 0x0000020061164800 points into unknown readable memory: 0x000002005a04b040 | 40 b0 04 5a 00 02 00 00
stack at sp + 2 slots: 0x0000020062421840 points into unknown readable memory: 0x0000000000000000 | 00 00 00 00 00 00 00 00
stack at sp + 3 slots: 0x00007ffd5a85bbe8 jvm.dll
stack at sp + 4 slots: 0x000000000000061f is an unknown value
stack at sp + 5 slots: 0x00007ffd5a1d76c1 jvm.dll
stack at sp + 6 slots: 0x0000020064178b00 points into unknown readable memory: 0x000000070000010e | 0e 01 00 00 07 00 00 00
stack at sp + 7 slots: 0x000000ce6c5fc950 is pointing into the stack for thread: 0x000002005b9e1090


---------------  P R O C E S S  ---------------

Threads class SMR info:
_java_thread_list=0x00000200619e2d10, length=26, elements={
0x0000020000a2aab0, 0x000002005b8c3fb0, 0x000002005b8c5210, 0x000002005b8c8e00,
0x000002005b8cbb00, 0x000002005b8cd560, 0x000002005b8cf9c0, 0x000002005b8d9f10,
0x000002005b8e89a0, 0x000002005ba3f410, 0x00000200610698a0, 0x000002006165a050,
0x000002005bc238c0, 0x00000200618db400, 0x00000200611fd760, 0x00000200612005e0,
0x00000200613acca0, 0x000002005b9e1090, 0x000002006117ac70, 0x00000200618a9eb0,
0x000002006110ef70, 0x00000200610b1f80, 0x000002006117b310, 0x0000020061958db0,
0x0000020061a7b720, 0x0000020061ba0200
}

Java Threads: ( => current thread )
  0x0000020000a2aab0 JavaThread "main"                              [_thread_blocked, id=12592, stack(0x000000ce6aa00000,0x000000ce6ab00000) (1024K)]
  0x000002005b8c3fb0 JavaThread "Reference Handler"          daemon [_thread_blocked, id=12180, stack(0x000000ce6ae00000,0x000000ce6af00000) (1024K)]
  0x000002005b8c5210 JavaThread "Finalizer"                  daemon [_thread_blocked, id=11716, stack(0x000000ce6af00000,0x000000ce6b000000) (1024K)]
  0x000002005b8c8e00 JavaThread "Signal Dispatcher"          daemon [_thread_blocked, id=1976, stack(0x000000ce6b000000,0x000000ce6b100000) (1024K)]
  0x000002005b8cbb00 JavaThread "Attach Listener"            daemon [_thread_blocked, id=9896, stack(0x000000ce6b100000,0x000000ce6b200000) (1024K)]
  0x000002005b8cd560 JavaThread "Service Thread"             daemon [_thread_blocked, id=12076, stack(0x000000ce6b200000,0x000000ce6b300000) (1024K)]
  0x000002005b8cf9c0 JavaThread "Monitor Deflation Thread"   daemon [_thread_blocked, id=5228, stack(0x000000ce6b300000,0x000000ce6b400000) (1024K)]
  0x000002005b8d9f10 JavaThread "C2 CompilerThread0"         daemon [_thread_blocked, id=12264, stack(0x000000ce6b400000,0x000000ce6b500000) (1024K)]
  0x000002005b8e89a0 JavaThread "C1 CompilerThread0"         daemon [_thread_blocked, id=11528, stack(0x000000ce6b500000,0x000000ce6b600000) (1024K)]
  0x000002005ba3f410 JavaThread "Common-Cleaner"             daemon [_thread_blocked, id=10804, stack(0x000000ce6b700000,0x000000ce6b800000) (1024K)]
  0x00000200610698a0 JavaThread "Notification Thread"        daemon [_thread_blocked, id=14024, stack(0x000000ce6bc00000,0x000000ce6bd00000) (1024K)]
  0x000002006165a050 JavaThread "Active Thread: Equinox Container: 5785ed17-b04c-4cae-bf0b-d45dcc23624e"        [_thread_blocked, id=11540, stack(0x000000ce6c400000,0x000000ce6c500000) (1024K)]
  0x000002005bc238c0 JavaThread "Framework Event Dispatcher: Equinox Container: 5785ed17-b04c-4cae-bf0b-d45dcc23624e" daemon [_thread_blocked, id=9964, stack(0x000000ce6b600000,0x000000ce6b700000) (1024K)]
  0x00000200618db400 JavaThread "Start Level: Equinox Container: 5785ed17-b04c-4cae-bf0b-d45dcc23624e" daemon [_thread_in_native, id=11788, stack(0x000000ce6b800000,0x000000ce6b900000) (1024K)]
  0x00000200611fd760 JavaThread "SCR Component Actor"        daemon [_thread_blocked, id=12080, stack(0x000000ce6ba00000,0x000000ce6bb00000) (1024K)]
  0x00000200612005e0 JavaThread "SCR Component Registry"     daemon [_thread_blocked, id=11656, stack(0x000000ce6bb00000,0x000000ce6bc00000) (1024K)]
  0x00000200613acca0 JavaThread "C1 CompilerThread1"         daemon [_thread_blocked, id=12616, stack(0x000000ce6c300000,0x000000ce6c400000) (1024K)]
=>0x000002005b9e1090 JavaThread "C2 CompilerThread1"         daemon [_thread_in_native, id=5392, stack(0x000000ce6c500000,0x000000ce6c600000) (1024K)]
  0x000002006117ac70 JavaThread "C2 CompilerThread2"         daemon [_thread_in_native, id=9048, stack(0x000000ce6c600000,0x000000ce6c700000) (1024K)]
  0x00000200618a9eb0 JavaThread "Worker-JM"                         [_thread_blocked, id=12644, stack(0x000000ce6c800000,0x000000ce6c900000) (1024K)]
  0x000002006110ef70 JavaThread "C1 CompilerThread2"         daemon [_thread_blocked, id=12680, stack(0x000000ce6cb00000,0x000000ce6cc00000) (1024K)]
  0x00000200610b1f80 JavaThread "C1 CompilerThread3"         daemon [_thread_blocked, id=12420, stack(0x000000ce6cc00000,0x000000ce6cd00000) (1024K)]
  0x000002006117b310 JavaThread "JNA Cleaner"                daemon [_thread_blocked, id=5180, stack(0x000000ce6c700000,0x000000ce6c800000) (1024K)]
  0x0000020061958db0 JavaThread "Worker-0"                          [_thread_blocked, id=11732, stack(0x000000ce6cd00000,0x000000ce6ce00000) (1024K)]
  0x0000020061a7b720 JavaThread "Worker-1"                          [_thread_blocked, id=12440, stack(0x000000ce6ce00000,0x000000ce6cf00000) (1024K)]
  0x0000020061ba0200 JavaThread "C2 CompilerThread3"         daemon [_thread_blocked, id=1296, stack(0x000000ce6d200000,0x000000ce6d300000) (1024K)]
Total: 26

Other Threads:
  0x000002005b8c32d0 VMThread "VM Thread"                           [id=12084, stack(0x000000ce6ad00000,0x000000ce6ae00000) (1024K)]
  0x000002005a0dca00 WatcherThread "VM Periodic Task Thread"        [id=12388, stack(0x000000ce6ac00000,0x000000ce6ad00000) (1024K)]
  0x0000020000a49710 WorkerThread "GC Thread#0"                     [id=12064, stack(0x000000ce6ab00000,0x000000ce6ac00000) (1024K)]
  0x000002006135ad90 WorkerThread "GC Thread#1"                     [id=11132, stack(0x000000ce6bd00000,0x000000ce6be00000) (1024K)]
  0x000002006187efb0 WorkerThread "GC Thread#2"                     [id=12604, stack(0x000000ce6be00000,0x000000ce6bf00000) (1024K)]
  0x000002006135b130 WorkerThread "GC Thread#3"                     [id=11504, stack(0x000000ce6bf00000,0x000000ce6c000000) (1024K)]
  0x00000200617dd4b0 WorkerThread "GC Thread#4"                     [id=12152, stack(0x000000ce6c000000,0x000000ce6c100000) (1024K)]
  0x00000200617dd850 WorkerThread "GC Thread#5"                     [id=11956, stack(0x000000ce6c100000,0x000000ce6c200000) (1024K)]
  0x0000020061355140 WorkerThread "GC Thread#6"                     [id=11468, stack(0x000000ce6c200000,0x000000ce6c300000) (1024K)]
  0x000002005ba4c3a0 WorkerThread "GC Thread#7"                     [id=11936, stack(0x000000ce6b900000,0x000000ce6ba00000) (1024K)]
  0x0000020061062570 WorkerThread "GC Thread#8"                     [id=10996, stack(0x000000ce6c900000,0x000000ce6ca00000) (1024K)]
  0x0000020061062910 WorkerThread "GC Thread#9"                     [id=11664, stack(0x000000ce6ca00000,0x000000ce6cb00000) (1024K)]
  0x0000020061063b30 WorkerThread "GC Thread#10"                    [id=11240, stack(0x000000ce6cf00000,0x000000ce6d000000) (1024K)]
  0x0000020061062cb0 WorkerThread "GC Thread#11"                    [id=11120, stack(0x000000ce6d000000,0x000000ce6d100000) (1024K)]
  0x00000200610633f0 WorkerThread "GC Thread#12"                    [id=11672, stack(0x000000ce6d100000,0x000000ce6d200000) (1024K)]
Total: 15

Threads with active compile tasks:
C2 CompilerThread1  12069 2900       4       lombok.patcher.PatchScript$MethodPatcher::visitMethod (158 bytes)
C2 CompilerThread2  12069 2882       4       org.lombokweb.asm.ClassReader::readMethod (1070 bytes)
C2 CompilerThread3  12069 2941       4       lombok.launch.ClassFileMetaData::decodeString (181 bytes)
Total: 3

VM state: not at safepoint (normal execution)

VM Mutex/Monitor currently owned by a thread: None

Heap address: 0x0000000080000000, size: 2048 MB, Compressed Oops mode: 32-bit

CDS archive(s) mapped at: [0x0000020019000000-0x0000020019ba0000-0x0000020019ba0000), size 12189696, SharedBaseAddress: 0x0000020019000000, ArchiveRelocationMode: 1.
Compressed class space mapped at: 0x000002001a000000-0x000002005a000000, reserved size: 1073741824
Narrow klass base: 0x0000020019000000, Narrow klass shift: 0, Narrow klass range: 0x100000000

GC Precious Log:
 CardTable entry size: 512
 CPUs: 16 total, 16 available
 Memory: 16013M
 Large Page Support: Disabled
 NUMA Support: Disabled
 Compressed Oops: Enabled (32-bit)
 Alignments: Space 512K, Generation 512K, Heap 2M
 Heap Min Capacity: 100M
 Heap Initial Capacity: 100M
 Heap Max Capacity: 2G
 Pre-touch: Disabled
 Parallel Workers: 13

Heap:
 PSYoungGen      total 30208K, used 16272K [0x00000000d5580000, 0x00000000d7880000, 0x0000000100000000)
  eden space 25088K, 64% used [0x00000000d5580000,0x00000000d65640c8,0x00000000d6e00000)
  from space 5120K, 0% used [0x00000000d7380000,0x00000000d7380000,0x00000000d7880000)
  to   space 5120K, 0% used [0x00000000d6e80000,0x00000000d6e80000,0x00000000d7380000)
 ParOldGen       total 68608K, used 9057K [0x0000000080000000, 0x0000000084300000, 0x00000000d5580000)
  object space 68608K, 13% used [0x0000000080000000,0x00000000808d8470,0x0000000084300000)
 Metaspace       used 22082K, committed 22720K, reserved 1114112K
  class space    used 2136K, committed 2432K, reserved 1048576K

Card table byte_map: [0x0000020014510000,0x0000020014920000] _byte_map_base: 0x0000020014110000

Marking Bits: (ParMarkBitMap*) 0x00007ffd5aada340
 Begin Bits: [0x0000020014bd0000, 0x0000020016bd0000)
 End Bits:   [0x0000020016bd0000, 0x0000020018bd0000)

Polling page: 0x0000020000740000

Metaspace:

Usage:
  Non-class:     19.48 MB used.
      Class:      2.09 MB used.
       Both:     21.57 MB used.

Virtual space:
  Non-class space:       64.00 MB reserved,      19.81 MB ( 31%) committed,  1 nodes.
      Class space:        1.00 GB reserved,       2.38 MB ( <1%) committed,  1 nodes.
             Both:        1.06 GB reserved,      22.19 MB (  2%) committed. 

Chunk freelists:
   Non-Class:  11.76 MB
       Class:  13.46 MB
        Both:  25.22 MB

MaxMetaspaceSize: unlimited
CompressedClassSpaceSize: 1.00 GB
Initial GC threshold: 21.00 MB
Current GC threshold: 35.00 MB
CDS: on
 - commit_granule_bytes: 65536.
 - commit_granule_words: 8192.
 - virtual_space_node_default_size: 8388608.
 - enlarge_chunks_in_place: 1.
 - use_allocation_guard: 0.


Internal statistics:

num_allocs_failed_limit: 3.
num_arena_births: 502.
num_arena_deaths: 14.
num_vsnodes_births: 2.
num_vsnodes_deaths: 0.
num_space_committed: 355.
num_space_uncommitted: 0.
num_chunks_returned_to_freelist: 17.
num_chunks_taken_from_freelist: 1341.
num_chunk_merges: 9.
num_chunk_splits: 872.
num_chunks_enlarged: 573.
num_inconsistent_stats: 0.

CodeHeap 'non-profiled nmethods': size=119168Kb used=1303Kb max_used=1303Kb free=117864Kb
 bounds [0x000002000ced0000, 0x000002000d140000, 0x0000020014330000]
CodeHeap 'profiled nmethods': size=119104Kb used=5780Kb max_used=5780Kb free=113323Kb
 bounds [0x0000020005330000, 0x00000200058e0000, 0x000002000c780000]
CodeHeap 'non-nmethods': size=7488Kb used=3009Kb max_used=3036Kb free=4479Kb
 bounds [0x000002000c780000, 0x000002000caf0000, 0x000002000ced0000]
CodeCache: size=245760Kb, used=10092Kb, max_used=10119Kb, free=235666Kb
 total_blobs=3541, nmethods=2935, adapters=509, full_count=0
Compilation: enabled, stopped_count=0, restarted_count=0

Compilation events (20 events):
Event: 12.034 Thread 0x000002006110ef70 nmethod 2920 0x00000200058beb10 code [0x00000200058bed60, 0x00000200058bf7a0]
Event: 12.034 Thread 0x00000200610b1f80 nmethod 2924 0x00000200058bfb10 code [0x00000200058bfcc0, 0x00000200058bfe20]
Event: 12.034 Thread 0x000002006110ef70 2931   !   3       org.eclipse.core.internal.preferences.EclipsePreferences::getChild (92 bytes)
Event: 12.034 Thread 0x00000200610b1f80 2925       3       org.eclipse.core.internal.preferences.RootPreferences::getNode (135 bytes)
Event: 12.035 Thread 0x00000200613acca0 nmethod 2918 0x00000200058bff10 code [0x00000200058c0260, 0x00000200058c14e8]
Event: 12.035 Thread 0x00000200613acca0 2926   !   3       org.eclipse.core.internal.preferences.EclipsePreferences::getOrCreate (108 bytes)
Event: 12.035 Thread 0x000002006110ef70 nmethod 2931 0x00000200058c1c10 code [0x00000200058c1e40, 0x00000200058c2760]
Event: 12.035 Thread 0x000002006110ef70 2927       3       org.eclipse.core.internal.preferences.PreferencesService::getDefault (20 bytes)
Event: 12.035 Thread 0x000002006110ef70 nmethod 2927 0x00000200058c2a10 code [0x00000200058c2bc0, 0x00000200058c2db8]
Event: 12.035 Thread 0x000002006110ef70 2928       3       org.eclipse.core.internal.preferences.DefaultPreferences::getLoadLevel (52 bytes)
Event: 12.035 Thread 0x00000200613acca0 nmethod 2926 0x00000200058c2e90 code [0x00000200058c30e0, 0x00000200058c3ba0]
Event: 12.035 Thread 0x00000200613acca0 2929       3       org.eclipse.core.internal.preferences.DefaultPreferences::getScopeRelativePath (43 bytes)
Event: 12.035 Thread 0x000002006110ef70 nmethod 2928 0x00000200058c3f90 code [0x00000200058c4180, 0x00000200058c47d0]
Event: 12.035 Thread 0x000002006110ef70 2930       3       org.eclipse.core.internal.preferences.DefaultPreferences::internalPut (66 bytes)
Event: 12.036 Thread 0x00000200610b1f80 nmethod 2925 0x00000200058c4a10 code [0x00000200058c4d60, 0x00000200058c6100]
Event: 12.036 Thread 0x00000200613acca0 nmethod 2929 0x00000200058c6810 code [0x00000200058c6a20, 0x00000200058c6fd8]
Event: 12.036 Thread 0x00000200610b1f80 2932       3       org.eclipse.core.internal.preferences.DefaultPreferences::isInitializingBundleDefaults (33 bytes)
Event: 12.036 Thread 0x00000200610b1f80 nmethod 2932 0x00000200058c7210 code [0x00000200058c73e0, 0x00000200058c77e8]
Event: 12.036 Thread 0x000002006110ef70 nmethod 2930 0x00000200058c7910 code [0x00000200058c7b80, 0x00000200058c85f0]
Event: 12.037 Thread 0x000002005b8e89a0 nmethod 2922 0x00000200058c8990 code [0x00000200058c9040, 0x00000200058ce250]

GC Heap History (14 events):
Event: 1.352 GC heap before
{Heap before GC invocations=1 (full 0):
 PSYoungGen      total 29696K, used 25600K [0x00000000d5580000, 0x00000000d7680000, 0x0000000100000000)
  eden space 25600K, 100% used [0x00000000d5580000,0x00000000d6e80000,0x00000000d6e80000)
  from space 4096K, 0% used [0x00000000d7280000,0x00000000d7280000,0x00000000d7680000)
  to   space 4096K, 0% used [0x00000000d6e80000,0x00000000d6e80000,0x00000000d7280000)
 ParOldGen       total 68608K, used 0K [0x0000000080000000, 0x0000000084300000, 0x00000000d5580000)
  object space 68608K, 0% used [0x0000000080000000,0x0000000080000000,0x0000000084300000)
 Metaspace       used 4136K, committed 4416K, reserved 1114112K
  class space    used 451K, committed 576K, reserved 1048576K
}
Event: 1.357 GC heap after
{Heap after GC invocations=1 (full 0):
 PSYoungGen      total 29696K, used 3665K [0x00000000d5580000, 0x00000000d7680000, 0x0000000100000000)
  eden space 25600K, 0% used [0x00000000d5580000,0x00000000d5580000,0x00000000d6e80000)
  from space 4096K, 89% used [0x00000000d6e80000,0x00000000d72144f8,0x00000000d7280000)
  to   space 4096K, 0% used [0x00000000d7280000,0x00000000d7280000,0x00000000d7680000)
 ParOldGen       total 68608K, used 16K [0x0000000080000000, 0x0000000084300000, 0x00000000d5580000)
  object space 68608K, 0% used [0x0000000080000000,0x0000000080004000,0x0000000084300000)
 Metaspace       used 4136K, committed 4416K, reserved 1114112K
  class space    used 451K, committed 576K, reserved 1048576K
}
Event: 3.686 GC heap before
{Heap before GC invocations=2 (full 0):
 PSYoungGen      total 29696K, used 29265K [0x00000000d5580000, 0x00000000d7680000, 0x0000000100000000)
  eden space 25600K, 100% used [0x00000000d5580000,0x00000000d6e80000,0x00000000d6e80000)
  from space 4096K, 89% used [0x00000000d6e80000,0x00000000d72144f8,0x00000000d7280000)
  to   space 4096K, 0% used [0x00000000d7280000,0x00000000d7280000,0x00000000d7680000)
 ParOldGen       total 68608K, used 16K [0x0000000080000000, 0x0000000084300000, 0x00000000d5580000)
  object space 68608K, 0% used [0x0000000080000000,0x0000000080004000,0x0000000084300000)
 Metaspace       used 7979K, committed 8256K, reserved 1114112K
  class space    used 831K, committed 960K, reserved 1048576K
}
Event: 3.691 GC heap after
{Heap after GC invocations=2 (full 0):
 PSYoungGen      total 29696K, used 4069K [0x00000000d5580000, 0x00000000d7680000, 0x0000000100000000)
  eden space 25600K, 0% used [0x00000000d5580000,0x00000000d5580000,0x00000000d6e80000)
  from space 4096K, 99% used [0x00000000d7280000,0x00000000d7679520,0x00000000d7680000)
  to   space 4096K, 0% used [0x00000000d6e80000,0x00000000d6e80000,0x00000000d7280000)
 ParOldGen       total 68608K, used 873K [0x0000000080000000, 0x0000000084300000, 0x00000000d5580000)
  object space 68608K, 1% used [0x0000000080000000,0x00000000800da6a8,0x0000000084300000)
 Metaspace       used 7979K, committed 8256K, reserved 1114112K
  class space    used 831K, committed 960K, reserved 1048576K
}
Event: 11.176 GC heap before
{Heap before GC invocations=3 (full 0):
 PSYoungGen      total 29696K, used 29669K [0x00000000d5580000, 0x00000000d7680000, 0x0000000100000000)
  eden space 25600K, 100% used [0x00000000d5580000,0x00000000d6e80000,0x00000000d6e80000)
  from space 4096K, 99% used [0x00000000d7280000,0x00000000d7679520,0x00000000d7680000)
  to   space 4096K, 0% used [0x00000000d6e80000,0x00000000d6e80000,0x00000000d7280000)
 ParOldGen       total 68608K, used 873K [0x0000000080000000, 0x0000000084300000, 0x00000000d5580000)
  object space 68608K, 1% used [0x0000000080000000,0x00000000800da6a8,0x0000000084300000)
 Metaspace       used 12755K, committed 13248K, reserved 1114112K
  class space    used 1349K, committed 1600K, reserved 1048576K
}
Event: 11.179 GC heap after
{Heap after GC invocations=3 (full 0):
 PSYoungGen      total 29696K, used 4069K [0x00000000d5580000, 0x00000000d7680000, 0x0000000100000000)
  eden space 25600K, 0% used [0x00000000d5580000,0x00000000d5580000,0x00000000d6e80000)
  from space 4096K, 99% used [0x00000000d6e80000,0x00000000d7279448,0x00000000d7280000)
  to   space 4096K, 0% used [0x00000000d7280000,0x00000000d7280000,0x00000000d7680000)
 ParOldGen       total 68608K, used 2488K [0x0000000080000000, 0x0000000084300000, 0x00000000d5580000)
  object space 68608K, 3% used [0x0000000080000000,0x000000008026e3a8,0x0000000084300000)
 Metaspace       used 12755K, committed 13248K, reserved 1114112K
  class space    used 1349K, committed 1600K, reserved 1048576K
}
Event: 11.645 GC heap before
{Heap before GC invocations=4 (full 0):
 PSYoungGen      total 29696K, used 29669K [0x00000000d5580000, 0x00000000d7680000, 0x0000000100000000)
  eden space 25600K, 100% used [0x00000000d5580000,0x00000000d6e80000,0x00000000d6e80000)
  from space 4096K, 99% used [0x00000000d6e80000,0x00000000d7279448,0x00000000d7280000)
  to   space 4096K, 0% used [0x00000000d7280000,0x00000000d7280000,0x00000000d7680000)
 ParOldGen       total 68608K, used 2488K [0x0000000080000000, 0x0000000084300000, 0x00000000d5580000)
  object space 68608K, 3% used [0x0000000080000000,0x000000008026e3a8,0x0000000084300000)
 Metaspace       used 16710K, committed 17408K, reserved 1114112K
  class space    used 1749K, committed 2048K, reserved 1048576K
}
Event: 11.647 GC heap after
{Heap after GC invocations=4 (full 0):
 PSYoungGen      total 29696K, used 4075K [0x00000000d5580000, 0x00000000d7680000, 0x0000000100000000)
  eden space 25600K, 0% used [0x00000000d5580000,0x00000000d5580000,0x00000000d6e80000)
  from space 4096K, 99% used [0x00000000d7280000,0x00000000d767af30,0x00000000d7680000)
  to   space 4096K, 0% used [0x00000000d6e80000,0x00000000d6e80000,0x00000000d7280000)
 ParOldGen       total 68608K, used 4919K [0x0000000080000000, 0x0000000084300000, 0x00000000d5580000)
  object space 68608K, 7% used [0x0000000080000000,0x00000000804cdd28,0x0000000084300000)
 Metaspace       used 16710K, committed 17408K, reserved 1114112K
  class space    used 1749K, committed 2048K, reserved 1048576K
}
Event: 11.849 GC heap before
{Heap before GC invocations=5 (full 0):
 PSYoungGen      total 29696K, used 29675K [0x00000000d5580000, 0x00000000d7680000, 0x0000000100000000)
  eden space 25600K, 100% used [0x00000000d5580000,0x00000000d6e80000,0x00000000d6e80000)
  from space 4096K, 99% used [0x00000000d7280000,0x00000000d767af30,0x00000000d7680000)
  to   space 4096K, 0% used [0x00000000d6e80000,0x00000000d6e80000,0x00000000d7280000)
 ParOldGen       total 68608K, used 4919K [0x0000000080000000, 0x0000000084300000, 0x00000000d5580000)
  object space 68608K, 7% used [0x0000000080000000,0x00000000804cdd28,0x0000000084300000)
 Metaspace       used 20019K, committed 20672K, reserved 1114112K
  class space    used 1988K, committed 2304K, reserved 1048576K
}
Event: 11.851 GC heap after
{Heap after GC invocations=5 (full 0):
 PSYoungGen      total 29184K, used 4075K [0x00000000d5580000, 0x00000000d7900000, 0x0000000100000000)
  eden space 25088K, 0% used [0x00000000d5580000,0x00000000d5580000,0x00000000d6e00000)
  from space 4096K, 99% used [0x00000000d6e80000,0x00000000d727af50,0x00000000d7280000)
  to   space 5632K, 0% used [0x00000000d7380000,0x00000000d7380000,0x00000000d7900000)
 ParOldGen       total 68608K, used 5229K [0x0000000080000000, 0x0000000084300000, 0x00000000d5580000)
  object space 68608K, 7% used [0x0000000080000000,0x000000008051b5d8,0x0000000084300000)
 Metaspace       used 20019K, committed 20672K, reserved 1114112K
  class space    used 1988K, committed 2304K, reserved 1048576K
}
Event: 11.917 GC heap before
{Heap before GC invocations=6 (full 0):
 PSYoungGen      total 29184K, used 12552K [0x00000000d5580000, 0x00000000d7900000, 0x0000000100000000)
  eden space 25088K, 33% used [0x00000000d5580000,0x00000000d5dc7350,0x00000000d6e00000)
  from space 4096K, 99% used [0x00000000d6e80000,0x00000000d727af50,0x00000000d7280000)
  to   space 5632K, 0% used [0x00000000d7380000,0x00000000d7380000,0x00000000d7900000)
 ParOldGen       total 68608K, used 5229K [0x0000000080000000, 0x0000000084300000, 0x00000000d5580000)
  object space 68608K, 7% used [0x0000000080000000,0x000000008051b5d8,0x0000000084300000)
 Metaspace       used 20882K, committed 21504K, reserved 1114112K
  class space    used 2057K, committed 2368K, reserved 1048576K
}
Event: 11.920 GC heap after
{Heap after GC invocations=6 (full 0):
 PSYoungGen      total 30208K, used 4841K [0x00000000d5580000, 0x00000000d7880000, 0x0000000100000000)
  eden space 25088K, 0% used [0x00000000d5580000,0x00000000d5580000,0x00000000d6e00000)
  from space 5120K, 94% used [0x00000000d7380000,0x00000000d783a510,0x00000000d7880000)
  to   space 5120K, 0% used [0x00000000d6e80000,0x00000000d6e80000,0x00000000d7380000)
 ParOldGen       total 68608K, used 5237K [0x0000000080000000, 0x0000000084300000, 0x00000000d5580000)
  object space 68608K, 7% used [0x0000000080000000,0x000000008051d5d8,0x0000000084300000)
 Metaspace       used 20882K, committed 21504K, reserved 1114112K
  class space    used 2057K, committed 2368K, reserved 1048576K
}
Event: 11.920 GC heap before
{Heap before GC invocations=7 (full 1):
 PSYoungGen      total 30208K, used 4841K [0x00000000d5580000, 0x00000000d7880000, 0x0000000100000000)
  eden space 25088K, 0% used [0x00000000d5580000,0x00000000d5580000,0x00000000d6e00000)
  from space 5120K, 94% used [0x00000000d7380000,0x00000000d783a510,0x00000000d7880000)
  to   space 5120K, 0% used [0x00000000d6e80000,0x00000000d6e80000,0x00000000d7380000)
 ParOldGen       total 68608K, used 5237K [0x0000000080000000, 0x0000000084300000, 0x00000000d5580000)
  object space 68608K, 7% used [0x0000000080000000,0x000000008051d5d8,0x0000000084300000)
 Metaspace       used 20882K, committed 21504K, reserved 1114112K
  class space    used 2057K, committed 2368K, reserved 1048576K
}
Event: 11.940 GC heap after
{Heap after GC invocations=7 (full 1):
 PSYoungGen      total 30208K, used 0K [0x00000000d5580000, 0x00000000d7880000, 0x0000000100000000)
  eden space 25088K, 0% used [0x00000000d5580000,0x00000000d5580000,0x00000000d6e00000)
  from space 5120K, 0% used [0x00000000d7380000,0x00000000d7380000,0x00000000d7880000)
  to   space 5120K, 0% used [0x00000000d6e80000,0x00000000d6e80000,0x00000000d7380000)
 ParOldGen       total 68608K, used 9057K [0x0000000080000000, 0x0000000084300000, 0x00000000d5580000)
  object space 68608K, 13% used [0x0000000080000000,0x00000000808d8470,0x0000000084300000)
 Metaspace       used 20869K, committed 21504K, reserved 1114112K
  class space    used 2054K, committed 2368K, reserved 1048576K
}

Dll operation events (10 events):
Event: 0.324 Loaded shared library c:\Users\Amen\.vscode\extensions\redhat.java-1.44.0-win32-x64\jre\21.0.8-win32-x86_64\bin\java.dll
Event: 0.493 Loaded shared library c:\Users\Amen\.vscode\extensions\redhat.java-1.44.0-win32-x64\jre\21.0.8-win32-x86_64\bin\zip.dll
Event: 0.515 Loaded shared library C:\Users\Amen\.vscode\extensions\redhat.java-1.44.0-win32-x64\jre\21.0.8-win32-x86_64\bin\instrument.dll
Event: 0.611 Loaded shared library C:\Users\Amen\.vscode\extensions\redhat.java-1.44.0-win32-x64\jre\21.0.8-win32-x86_64\bin\net.dll
Event: 0.702 Loaded shared library C:\Users\Amen\.vscode\extensions\redhat.java-1.44.0-win32-x64\jre\21.0.8-win32-x86_64\bin\nio.dll
Event: 0.706 Loaded shared library C:\Users\Amen\.vscode\extensions\redhat.java-1.44.0-win32-x64\jre\21.0.8-win32-x86_64\bin\zip.dll
Event: 0.719 Loaded shared library C:\Users\Amen\.vscode\extensions\redhat.java-1.44.0-win32-x64\jre\21.0.8-win32-x86_64\bin\jimage.dll
Event: 0.855 Loaded shared library c:\Users\Amen\.vscode\extensions\redhat.java-1.44.0-win32-x64\jre\21.0.8-win32-x86_64\bin\verify.dll
Event: 10.849 Loaded shared library C:\Users\Amen\AppData\Roaming\Code\User\globalStorage\redhat.java\1.44.0\config_ss_win\org.eclipse.equinox.launcher\org.eclipse.equinox.launcher.win32.win32.x86_64_1.2.1400.v20250730-1736\eclipse_11913.dll
Event: 11.546 Loaded shared library C:\Users\Amen\AppData\Local\Temp\jna-2044405\jna17271676987533937855.dll

Deoptimization events (20 events):
Event: 11.644 Thread 0x00000200618db400 Uncommon trap: trap_request=0xffffffde fr.pc=0x000002000cfc7494 relative=0x00000000000003b4
Event: 11.644 Thread 0x00000200618db400 Uncommon trap: reason=class_check action=maybe_recompile pc=0x000002000cfc7494 method=java.util.regex.Pattern$BmpCharPropertyGreedy.match(Ljava/util/regex/Matcher;ILjava/lang/CharSequence;)Z @ 70 c2
Event: 11.644 Thread 0x00000200618db400 DEOPT PACKING pc=0x000002000cfc7494 sp=0x000000ce6b8ef4d0
Event: 11.644 Thread 0x00000200618db400 DEOPT UNPACKING pc=0x000002000c7d3aa2 sp=0x000000ce6b8ef478 mode 2
Event: 11.644 Thread 0x00000200618db400 Uncommon trap: trap_request=0xffffffde fr.pc=0x000002000cfc7494 relative=0x00000000000003b4
Event: 11.644 Thread 0x00000200618db400 Uncommon trap: reason=class_check action=maybe_recompile pc=0x000002000cfc7494 method=java.util.regex.Pattern$BmpCharPropertyGreedy.match(Ljava/util/regex/Matcher;ILjava/lang/CharSequence;)Z @ 70 c2
Event: 11.644 Thread 0x00000200618db400 DEOPT PACKING pc=0x000002000cfc7494 sp=0x000000ce6b8ef320
Event: 11.644 Thread 0x00000200618db400 DEOPT UNPACKING pc=0x000002000c7d3aa2 sp=0x000000ce6b8ef2c8 mode 2
Event: 11.691 Thread 0x00000200618db400 Uncommon trap: trap_request=0xffffff45 fr.pc=0x000002000cfecd2c relative=0x00000000000007ac
Event: 11.691 Thread 0x00000200618db400 Uncommon trap: reason=unstable_if action=reinterpret pc=0x000002000cfecd2c method=org.lombokweb.asm.ClassReader.readUTF8(I[C)Ljava/lang/String; @ 11 c2
Event: 11.691 Thread 0x00000200618db400 DEOPT PACKING pc=0x000002000cfecd2c sp=0x000000ce6b8ef480
Event: 11.691 Thread 0x00000200618db400 DEOPT UNPACKING pc=0x000002000c7d3aa2 sp=0x000000ce6b8ef468 mode 2
Event: 11.870 Thread 0x00000200618db400 Uncommon trap: trap_request=0xffffff45 fr.pc=0x000002000d008f6c relative=0x000000000000014c
Event: 11.870 Thread 0x00000200618db400 Uncommon trap: reason=unstable_if action=reinterpret pc=0x000002000d008f6c method=org.lombokweb.asm.ByteVector.putByteArray([BII)Lorg/lombokweb/asm/ByteVector; @ 20 c2
Event: 11.870 Thread 0x00000200618db400 DEOPT PACKING pc=0x000002000d008f6c sp=0x000000ce6b8f2690
Event: 11.870 Thread 0x00000200618db400 DEOPT UNPACKING pc=0x000002000c7d3aa2 sp=0x000000ce6b8f2660 mode 2
Event: 11.870 Thread 0x00000200618db400 Uncommon trap: trap_request=0xffffff45 fr.pc=0x000002000cff93a4 relative=0x0000000000000364
Event: 11.870 Thread 0x00000200618db400 Uncommon trap: reason=unstable_if action=reinterpret pc=0x000002000cff93a4 method=org.lombokweb.asm.Label.resolve([BLorg/lombokweb/asm/ByteVector;I)Z @ 81 c2
Event: 11.870 Thread 0x00000200618db400 DEOPT PACKING pc=0x000002000cff93a4 sp=0x000000ce6b8f2720
Event: 11.870 Thread 0x00000200618db400 DEOPT UNPACKING pc=0x000002000c7d3aa2 sp=0x000000ce6b8f2628 mode 2

Classes loaded (20 events):
Event: 11.641 Loading class java/util/zip/GZIPInputStream
Event: 11.641 Loading class java/util/zip/GZIPInputStream done
Event: 11.657 Loading class java/io/StringReader
Event: 11.657 Loading class java/io/StringReader done
Event: 11.662 Loading class java/net/SocketTimeoutException
Event: 11.662 Loading class java/io/InterruptedIOException
Event: 11.662 Loading class java/io/InterruptedIOException done
Event: 11.662 Loading class java/net/SocketTimeoutException done
Event: 11.662 Loading class java/net/SocketException
Event: 11.662 Loading class java/net/SocketException done
Event: 11.662 Loading class java/net/UnknownHostException
Event: 11.662 Loading class java/net/UnknownHostException done
Event: 11.662 Loading class java/net/ProtocolException
Event: 11.662 Loading class java/net/ProtocolException done
Event: 11.678 Loading class java/lang/ThreadLocal$SuppliedThreadLocal
Event: 11.678 Loading class java/lang/ThreadLocal$SuppliedThreadLocal done
Event: 11.685 Loading class java/lang/NegativeArraySizeException
Event: 11.685 Loading class java/lang/NegativeArraySizeException done
Event: 11.685 Loading class java/io/FileWriter
Event: 11.685 Loading class java/io/FileWriter done

Classes unloaded (7 events):
Event: 11.923 Thread 0x000002005b8c32d0 Unloading class 0x000002001a18cc00 'java/lang/invoke/LambdaForm$MH+0x000002001a18cc00'
Event: 11.923 Thread 0x000002005b8c32d0 Unloading class 0x000002001a18c800 'java/lang/invoke/LambdaForm$MH+0x000002001a18c800'
Event: 11.923 Thread 0x000002005b8c32d0 Unloading class 0x000002001a18c400 'java/lang/invoke/LambdaForm$MH+0x000002001a18c400'
Event: 11.923 Thread 0x000002005b8c32d0 Unloading class 0x000002001a18c000 'java/lang/invoke/LambdaForm$MH+0x000002001a18c000'
Event: 11.923 Thread 0x000002005b8c32d0 Unloading class 0x000002001a18bc00 'java/lang/invoke/LambdaForm$BMH+0x000002001a18bc00'
Event: 11.923 Thread 0x000002005b8c32d0 Unloading class 0x000002001a18b800 'java/lang/invoke/LambdaForm$DMH+0x000002001a18b800'
Event: 11.923 Thread 0x000002005b8c32d0 Unloading class 0x000002001a18a400 'java/lang/invoke/LambdaForm$DMH+0x000002001a18a400'

Classes redefined (0 events):
No events

Internal exceptions (20 events):
Event: 11.557 Thread 0x00000200618db400 Exception <a 'java/lang/NoSuchMethodError'{0x00000000d6638170}: 'void java.lang.invoke.DelegatingMethodHandle$Holder.reinvoke_L(java.lang.Object, java.lang.Object, int)'> (0x00000000d6638170) 
thrown [s\src\hotspot\share\interpreter\linkResolver.cpp, line 773]
Event: 11.557 Thread 0x00000200618db400 Exception <a 'java/lang/NoSuchMethodError'{0x00000000d663ee58}: 'int java.lang.invoke.Invokers$Holder.invokeExact_MT(java.lang.Object, java.lang.Object, java.lang.Object)'> (0x00000000d663ee58) 
thrown [s\src\hotspot\share\interpreter\linkResolver.cpp, line 773]
Event: 11.565 Thread 0x00000200618db400 Exception <a 'java/lang/NoSuchMethodError'{0x00000000d674b038}: 'void java.lang.invoke.Invokers$Holder.invokeExact_MT(java.lang.Object, java.lang.Object, int, java.lang.Object)'> (0x00000000d674b038) 
thrown [s\src\hotspot\share\interpreter\linkResolver.cpp, line 773]
Event: 11.592 Thread 0x00000200618db400 Exception <a 'java/lang/NoSuchMethodError'{0x00000000d6843fb0}: 'java.lang.Object java.lang.invoke.DirectMethodHandle$Holder.invokeSpecial(java.lang.Object, java.lang.Object, java.lang.Object, long, java.lang.Object)'> (0x00000000d6843fb0) 
thrown [s\src\hotspot\share\interpreter\linkResolver.cpp, line 773]
Event: 11.592 Thread 0x00000200618db400 Exception <a 'java/lang/NoSuchMethodError'{0x00000000d684b7f8}: 'java.lang.Object java.lang.invoke.DirectMethodHandle$Holder.newInvokeSpecial(java.lang.Object, java.lang.Object, java.lang.Object, long)'> (0x00000000d684b7f8) 
thrown [s\src\hotspot\share\interpreter\linkResolver.cpp, line 773]
Event: 11.592 Thread 0x00000200618db400 Exception <a 'java/lang/NoSuchMethodError'{0x00000000d684fbe8}: 'java.lang.Object java.lang.invoke.DirectMethodHandle$Holder.invokeSpecial(java.lang.Object, java.lang.Object, java.lang.Object, java.lang.Object, long)'> (0x00000000d684fbe8) 
thrown [s\src\hotspot\share\interpreter\linkResolver.cpp, line 773]
Event: 11.592 Thread 0x00000200618db400 Exception <a 'java/lang/NoSuchMethodError'{0x00000000d6853808}: 'java.lang.Object java.lang.invoke.Invokers$Holder.linkToTargetMethod(java.lang.Object, java.lang.Object, long, java.lang.Object)'> (0x00000000d6853808) 
thrown [s\src\hotspot\share\interpreter\linkResolver.cpp, line 773]
Event: 11.596 Thread 0x00000200618db400 Exception <a 'java/lang/NoSuchMethodError'{0x00000000d68c1460}: 'int java.lang.invoke.DirectMethodHandle$Holder.invokeStaticInit(java.lang.Object, java.lang.Object, java.lang.Object)'> (0x00000000d68c1460) 
thrown [s\src\hotspot\share\interpreter\linkResolver.cpp, line 773]
Event: 11.600 Thread 0x00000200618db400 Exception <a 'java/lang/IncompatibleClassChangeError'{0x00000000d69439b0}: Found class java.lang.Object, but interface was expected> (0x00000000d69439b0) 
thrown [s\src\hotspot\share\interpreter\linkResolver.cpp, line 840]
Event: 11.601 Thread 0x00000200618db400 Exception <a 'java/lang/NoSuchMethodError'{0x00000000d6956068}: 'java.lang.Object java.lang.invoke.DirectMethodHandle$Holder.invokeSpecial(java.lang.Object, java.lang.Object, java.lang.Object, int, java.lang.Object, java.lang.Object)'> (0x00000000d6956068) 
thrown [s\src\hotspot\share\interpreter\linkResolver.cpp, line 773]
Event: 11.602 Thread 0x00000200618db400 Exception <a 'java/lang/NoSuchMethodError'{0x00000000d695db40}: 'java.lang.Object java.lang.invoke.DirectMethodHandle$Holder.newInvokeSpecial(java.lang.Object, java.lang.Object, java.lang.Object, int, java.lang.Object)'> (0x00000000d695db40) 
thrown [s\src\hotspot\share\interpreter\linkResolver.cpp, line 773]
Event: 11.602 Thread 0x00000200618db400 Exception <a 'java/lang/NoSuchMethodError'{0x00000000d6961b00}: 'java.lang.Object java.lang.invoke.DirectMethodHandle$Holder.invokeSpecial(java.lang.Object, java.lang.Object, java.lang.Object, java.lang.Object, int, java.lang.Object)'> (0x00000000d6961b00) 
thrown [s\src\hotspot\share\interpreter\linkResolver.cpp, line 773]
Event: 11.603 Thread 0x00000200618db400 Exception <a 'java/lang/NoSuchMethodError'{0x00000000d6965640}: 'java.lang.Object java.lang.invoke.Invokers$Holder.linkToTargetMethod(java.lang.Object, java.lang.Object, int, java.lang.Object, java.lang.Object)'> (0x00000000d6965640) 
thrown [s\src\hotspot\share\interpreter\linkResolver.cpp, line 773]
Event: 11.603 Thread 0x0000020061958db0 Exception <a 'java/lang/NoSuchMethodError'{0x00000000d68a2fe0}: 'java.lang.Object java.lang.invoke.DirectMethodHandle$Holder.invokeSpecial(java.lang.Object, java.lang.Object, int, java.lang.Object, java.lang.Object)'> (0x00000000d68a2fe0) 
thrown [s\src\hotspot\share\interpreter\linkResolver.cpp, line 773]
Event: 11.604 Thread 0x0000020061958db0 Exception <a 'java/lang/NoSuchMethodError'{0x00000000d68a9d18}: 'java.lang.Object java.lang.invoke.DirectMethodHandle$Holder.newInvokeSpecial(java.lang.Object, java.lang.Object, int, java.lang.Object)'> (0x00000000d68a9d18) 
thrown [s\src\hotspot\share\interpreter\linkResolver.cpp, line 773]
Event: 11.604 Thread 0x0000020061958db0 Exception <a 'java/lang/NoSuchMethodError'{0x00000000d68ad638}: 'java.lang.Object java.lang.invoke.DirectMethodHandle$Holder.invokeSpecial(java.lang.Object, java.lang.Object, java.lang.Object, int, java.lang.Object)'> (0x00000000d68ad638) 
thrown [s\src\hotspot\share\interpreter\linkResolver.cpp, line 773]
Event: 11.611 Thread 0x00000200618db400 Exception <a 'java/lang/NoSuchMethodError'{0x00000000d6a7ced0}: 'void java.lang.invoke.DirectMethodHandle$Holder.invokeSpecial(java.lang.Object, java.lang.Object, java.lang.Object, java.lang.Object, java.lang.Object)'> (0x00000000d6a7ced0) 
thrown [s\src\hotspot\share\interpreter\linkResolver.cpp, line 773]
Event: 11.633 Thread 0x00000200618db400 Exception <a 'java/lang/NoSuchMethodError'{0x00000000d6d639f8}: 'double java.lang.invoke.DirectMethodHandle$Holder.invokeStatic(java.lang.Object, java.lang.Object)'> (0x00000000d6d639f8) 
thrown [s\src\hotspot\share\interpreter\linkResolver.cpp, line 773]
Event: 11.634 Thread 0x00000200618db400 Exception <a 'java/lang/NoSuchMethodError'{0x00000000d6d670b8}: 'double java.lang.invoke.DirectMethodHandle$Holder.invokeStaticInit(java.lang.Object, java.lang.Object)'> (0x00000000d6d670b8) 
thrown [s\src\hotspot\share\interpreter\linkResolver.cpp, line 773]
Event: 11.870 Thread 0x00000200618db400 Implicit null exception at 0x000002000d008e75 to 0x000002000d008f50

ZGC Phase Switch (0 events):
No events

VM Operations (20 events):
Event: 11.138 Executing VM operation: HandshakeAllThreads (Deoptimize)
Event: 11.138 Executing VM operation: HandshakeAllThreads (Deoptimize) done
Event: 11.176 Executing VM operation: ParallelGCFailedAllocation (Allocation Failure)
Event: 11.179 Executing VM operation: ParallelGCFailedAllocation (Allocation Failure) done
Event: 11.239 Executing VM operation: HandshakeAllThreads (Deoptimize)
Event: 11.239 Executing VM operation: HandshakeAllThreads (Deoptimize) done
Event: 11.241 Executing VM operation: HandshakeAllThreads (Deoptimize)
Event: 11.241 Executing VM operation: HandshakeAllThreads (Deoptimize) done
Event: 11.250 Executing VM operation: HandshakeAllThreads (Deoptimize)
Event: 11.250 Executing VM operation: HandshakeAllThreads (Deoptimize) done
Event: 11.417 Executing VM operation: HandshakeAllThreads (Deoptimize)
Event: 11.417 Executing VM operation: HandshakeAllThreads (Deoptimize) done
Event: 11.550 Executing VM operation: HandshakeAllThreads (Deoptimize)
Event: 11.550 Executing VM operation: HandshakeAllThreads (Deoptimize) done
Event: 11.644 Executing VM operation: ParallelGCFailedAllocation (Allocation Failure)
Event: 11.647 Executing VM operation: ParallelGCFailedAllocation (Allocation Failure) done
Event: 11.849 Executing VM operation: ParallelGCFailedAllocation (Allocation Failure)
Event: 11.851 Executing VM operation: ParallelGCFailedAllocation (Allocation Failure) done
Event: 11.917 Executing VM operation: CollectForMetadataAllocation (Metadata GC Threshold)
Event: 11.941 Executing VM operation: CollectForMetadataAllocation (Metadata GC Threshold) done

Memory protections (0 events):
No events

Nmethod flushes (0 events):
No events

Events (20 events):
Event: 2.039 Thread 0x000002005bc1bd00 Thread exited: 0x000002005bc1bd00
Event: 3.350 Thread 0x000002005ba4c3a0 Thread exited: 0x000002005ba4c3a0
Event: 5.194 Thread 0x000002005ba49cf0 Thread exited: 0x000002005ba49cf0
Event: 10.201 Thread 0x000002005b9abbe0 Thread exited: 0x000002005b9abbe0
Event: 10.676 Thread 0x0000020000a2aab0 Thread added: 0x000002005bc238c0
Event: 10.677 Thread 0x0000020000a2aab0 Thread added: 0x00000200618db400
Event: 10.690 Thread 0x00000200618db400 Thread added: 0x00000200611fd760
Event: 10.864 Thread 0x00000200618db400 Thread added: 0x00000200612005e0
Event: 10.871 Thread 0x000002005b8e89a0 Thread added: 0x00000200613acca0
Event: 10.957 Thread 0x000002005b8e89a0 Thread added: 0x000002005b9e1090
Event: 10.957 Thread 0x000002005b8e89a0 Thread added: 0x000002006117ac70
Event: 10.957 Thread 0x000002005b8e89a0 Thread added: 0x000002006117b310
Event: 11.153 Thread 0x00000200618db400 Thread added: 0x00000200618a9eb0
Event: 11.182 Thread 0x000002005b8e89a0 Thread added: 0x000002006110ef70
Event: 11.184 Thread 0x000002005b8e89a0 Thread added: 0x00000200610b1f80
Event: 11.549 Thread 0x000002006117b310 Thread exited: 0x000002006117b310
Event: 11.560 Thread 0x00000200618db400 Thread added: 0x000002006117b310
Event: 11.593 Thread 0x00000200618db400 Thread added: 0x0000020061958db0
Event: 11.604 Thread 0x00000200618db400 Thread added: 0x0000020061a7b720
Event: 11.705 Thread 0x000002006110ef70 Thread added: 0x0000020061ba0200


Dynamic libraries:
0x00007ff701eb0000 - 0x00007ff701ebe000 	c:\Users\Amen\.vscode\extensions\redhat.java-1.44.0-win32-x64\jre\21.0.8-win32-x86_64\bin\java.exe
0x00007ffdbbf20000 - 0x00007ffdbc188000 	C:\WINDOWS\SYSTEM32\ntdll.dll
0x00007ffdbb480000 - 0x00007ffdbb549000 	C:\WINDOWS\System32\KERNEL32.DLL
0x00007ffdb92a0000 - 0x00007ffdb968d000 	C:\WINDOWS\System32\KERNELBASE.dll
0x00007ffdb9780000 - 0x00007ffdb98cb000 	C:\WINDOWS\System32\ucrtbase.dll
0x00007ffd9ed10000 - 0x00007ffd9ed2e000 	c:\Users\Amen\.vscode\extensions\redhat.java-1.44.0-win32-x64\jre\21.0.8-win32-x86_64\bin\VCRUNTIME140.dll
0x00007ffdb3d10000 - 0x00007ffdb3d28000 	c:\Users\Amen\.vscode\extensions\redhat.java-1.44.0-win32-x64\jre\21.0.8-win32-x86_64\bin\jli.dll
0x00007ffdbacb0000 - 0x00007ffdbae7c000 	C:\WINDOWS\System32\USER32.dll
0x00007ffdb9690000 - 0x00007ffdb96b7000 	C:\WINDOWS\System32\win32u.dll
0x00007ffda3c40000 - 0x00007ffda3eda000 	C:\WINDOWS\WinSxS\amd64_microsoft.windows.common-controls_6595b64144ccf1df_6.0.26100.4484_none_3e0e6d4ce32ef3b3\COMCTL32.dll
0x00007ffdb9cc0000 - 0x00007ffdb9ceb000 	C:\WINDOWS\System32\GDI32.dll
0x00007ffdb9b80000 - 0x00007ffdb9cb7000 	C:\WINDOWS\System32\gdi32full.dll
0x00007ffdbb290000 - 0x00007ffdbb339000 	C:\WINDOWS\System32\msvcrt.dll
0x00007ffdb91f0000 - 0x00007ffdb9293000 	C:\WINDOWS\System32\msvcp_win.dll
0x00007ffdba460000 - 0x00007ffdba48f000 	C:\WINDOWS\System32\IMM32.DLL
0x00007ffdb4100000 - 0x00007ffdb410c000 	c:\Users\Amen\.vscode\extensions\redhat.java-1.44.0-win32-x64\jre\21.0.8-win32-x86_64\bin\vcruntime140_1.dll
0x00007ffd654e0000 - 0x00007ffd6556d000 	c:\Users\Amen\.vscode\extensions\redhat.java-1.44.0-win32-x64\jre\21.0.8-win32-x86_64\bin\msvcp140.dll
0x00007ffd59e20000 - 0x00007ffd5abb7000 	c:\Users\Amen\.vscode\extensions\redhat.java-1.44.0-win32-x64\jre\21.0.8-win32-x86_64\bin\server\jvm.dll
0x00007ffdbab70000 - 0x00007ffdbac24000 	C:\WINDOWS\System32\ADVAPI32.dll
0x00007ffdbb3d0000 - 0x00007ffdbb476000 	C:\WINDOWS\System32\sechost.dll
0x00007ffdbb550000 - 0x00007ffdbb668000 	C:\WINDOWS\System32\RPCRT4.dll
0x00007ffdba080000 - 0x00007ffdba0f4000 	C:\WINDOWS\System32\WS2_32.dll
0x00007ffdb8ec0000 - 0x00007ffdb8f1e000 	C:\WINDOWS\SYSTEM32\POWRPROF.dll
0x00007ffda1dc0000 - 0x00007ffda1df5000 	C:\WINDOWS\SYSTEM32\WINMM.dll
0x00007ffdb08a0000 - 0x00007ffdb08ab000 	C:\WINDOWS\SYSTEM32\VERSION.dll
0x00007ffdb8ea0000 - 0x00007ffdb8eb4000 	C:\WINDOWS\SYSTEM32\UMPDC.dll
0x00007ffdb7e10000 - 0x00007ffdb7e2b000 	C:\WINDOWS\SYSTEM32\kernel.appcore.dll
0x00007ffdad2d0000 - 0x00007ffdad2da000 	c:\Users\Amen\.vscode\extensions\redhat.java-1.44.0-win32-x64\jre\21.0.8-win32-x86_64\bin\jimage.dll
0x00007ffdb69a0000 - 0x00007ffdb6be1000 	C:\WINDOWS\SYSTEM32\DBGHELP.DLL
0x00007ffdb9cf0000 - 0x00007ffdba076000 	C:\WINDOWS\System32\combase.dll
0x00007ffdba110000 - 0x00007ffdba1f0000 	C:\WINDOWS\System32\OLEAUT32.dll
0x00007ffdaaa10000 - 0x00007ffdaaa53000 	C:\WINDOWS\SYSTEM32\dbgcore.DLL
0x00007ffdb98d0000 - 0x00007ffdb9969000 	C:\WINDOWS\System32\bcryptPrimitives.dll
0x00007ffd93400000 - 0x00007ffd9340f000 	c:\Users\Amen\.vscode\extensions\redhat.java-1.44.0-win32-x64\jre\21.0.8-win32-x86_64\bin\instrument.dll
0x00007ffd69610000 - 0x00007ffd6962f000 	c:\Users\Amen\.vscode\extensions\redhat.java-1.44.0-win32-x64\jre\21.0.8-win32-x86_64\bin\java.dll
0x00007ffdbb770000 - 0x00007ffdbbeba000 	C:\WINDOWS\System32\SHELL32.dll
0x00007ffdb9a00000 - 0x00007ffdb9b74000 	C:\WINDOWS\System32\wintypes.dll
0x00007ffdb6bf0000 - 0x00007ffdb744b000 	C:\WINDOWS\SYSTEM32\windows.storage.dll
0x00007ffdba250000 - 0x00007ffdba345000 	C:\WINDOWS\System32\SHCORE.dll
0x00007ffdbac40000 - 0x00007ffdbacaa000 	C:\WINDOWS\System32\shlwapi.dll
0x00007ffdb8f50000 - 0x00007ffdb8f7f000 	C:\WINDOWS\SYSTEM32\profapi.dll
0x00007ffd695c0000 - 0x00007ffd695d8000 	c:\Users\Amen\.vscode\extensions\redhat.java-1.44.0-win32-x64\jre\21.0.8-win32-x86_64\bin\zip.dll
0x00007ffd930a0000 - 0x00007ffd930b0000 	C:\Users\Amen\.vscode\extensions\redhat.java-1.44.0-win32-x64\jre\21.0.8-win32-x86_64\bin\net.dll
0x00007ffdb4a40000 - 0x00007ffdb4b5e000 	C:\WINDOWS\SYSTEM32\WINHTTP.dll
0x00007ffdb83a0000 - 0x00007ffdb840a000 	C:\WINDOWS\system32\mswsock.dll
0x00007ffd69340000 - 0x00007ffd69356000 	C:\Users\Amen\.vscode\extensions\redhat.java-1.44.0-win32-x64\jre\21.0.8-win32-x86_64\bin\nio.dll
0x00007ffd895b0000 - 0x00007ffd895c0000 	c:\Users\Amen\.vscode\extensions\redhat.java-1.44.0-win32-x64\jre\21.0.8-win32-x86_64\bin\verify.dll
0x00007ffdaa680000 - 0x00007ffdaa6c5000 	C:\Users\Amen\AppData\Roaming\Code\User\globalStorage\redhat.java\1.44.0\config_ss_win\org.eclipse.equinox.launcher\org.eclipse.equinox.launcher.win32.win32.x86_64_1.2.1400.v20250730-1736\eclipse_11913.dll
0x00007ffdba9b0000 - 0x00007ffdbab4e000 	C:\WINDOWS\System32\ole32.dll
0x00007ffdb8660000 - 0x00007ffdb867b000 	C:\WINDOWS\SYSTEM32\CRYPTSP.dll
0x00007ffdb7d70000 - 0x00007ffdb7dab000 	C:\WINDOWS\system32\rsaenh.dll
0x00007ffdb8440000 - 0x00007ffdb846b000 	C:\WINDOWS\SYSTEM32\USERENV.dll
0x00007ffdb8f90000 - 0x00007ffdb8fb6000 	C:\WINDOWS\SYSTEM32\bcrypt.dll
0x00007ffdb8650000 - 0x00007ffdb865c000 	C:\WINDOWS\SYSTEM32\CRYPTBASE.dll
0x00007ffdb7890000 - 0x00007ffdb78c3000 	C:\WINDOWS\SYSTEM32\IPHLPAPI.DLL
0x00007ffdbac30000 - 0x00007ffdbac3a000 	C:\WINDOWS\System32\NSI.dll
0x00007ffd935b0000 - 0x00007ffd935f9000 	C:\Users\Amen\AppData\Local\Temp\jna-2044405\jna17271676987533937855.dll
0x00007ffdbab60000 - 0x00007ffdbab68000 	C:\WINDOWS\System32\PSAPI.DLL

JVMTI agents:
c:\Users\Amen\.vscode\extensions\redhat.java-1.44.0-win32-x64\lombok\lombok-1.18.39-4050.jar path:c:\Users\Amen\.vscode\extensions\redhat.java-1.44.0-win32-x64\jre\21.0.8-win32-x86_64\bin\instrument.dll, loaded, initialized, instrumentlib options:none

dbghelp: loaded successfully - version: 4.0.5 - missing functions: none
symbol engine: initialized successfully - sym options: 0x614 - pdb path: .;c:\Users\Amen\.vscode\extensions\redhat.java-1.44.0-win32-x64\jre\21.0.8-win32-x86_64\bin;C:\WINDOWS\SYSTEM32;C:\WINDOWS\WinSxS\amd64_microsoft.windows.common-controls_6595b64144ccf1df_6.0.26100.4484_none_3e0e6d4ce32ef3b3;c:\Users\Amen\.vscode\extensions\redhat.java-1.44.0-win32-x64\jre\21.0.8-win32-x86_64\bin\server;C:\Users\Amen\AppData\Roaming\Code\User\globalStorage\redhat.java\1.44.0\config_ss_win\org.eclipse.equinox.launcher\org.eclipse.equinox.launcher.win32.win32.x86_64_1.2.1400.v20250730-1736;C:\Users\Amen\AppData\Local\Temp\jna-2044405

VM Arguments:
jvm_args: --add-modules=ALL-SYSTEM --add-opens=java.base/java.util=ALL-UNNAMED --add-opens=java.base/java.lang=ALL-UNNAMED --add-opens=java.base/sun.nio.fs=ALL-UNNAMED -Declipse.application=org.eclipse.jdt.ls.core.id1 -Dosgi.bundles.defaultStartLevel=4 -Declipse.product=org.eclipse.jdt.ls.core.product -Djava.import.generatesMetadataFilesAtProjectRoot=false -DDetectVMInstallationsJob.disabled=true -Dfile.encoding=utf8 -XX:+UseParallelGC -XX:GCTimeRatio=4 -XX:AdaptiveSizePolicyWeight=90 -Dsun.zip.disableMemoryMapping=true -Xmx2G -Xms100m -Xlog:disable -javaagent:c:\Users\Amen\.vscode\extensions\redhat.java-1.44.0-win32-x64\lombok\lombok-1.18.39-4050.jar 
java_command: c:\Users\Amen\.vscode\extensions\redhat.java-1.44.0-win32-x64\server\plugins\org.eclipse.equinox.launcher_1.7.0.v20250519-0528.jar -configuration c:\Users\Amen\AppData\Roaming\Code\User\globalStorage\redhat.java\1.44.0\config_ss_win -data c:\Users\Amen\AppData\Roaming\Code\User\workspaceStorage\7008674b88c08343105e105653bc181d\redhat.java\ss_ws --pipe=\\.\pipe\lsp-90002665d809b7666d4ca6f950754dde-sock
java_class_path (initial): c:\Users\Amen\.vscode\extensions\redhat.java-1.44.0-win32-x64\server\plugins\org.eclipse.equinox.launcher_1.7.0.v20250519-0528.jar
Launcher Type: SUN_STANDARD

[Global flags]
    uintx AdaptiveSizePolicyWeight                 = 90                                        {product} {command line}
     intx CICompilerCount                          = 12                                        {product} {ergonomic}
    uintx GCTimeRatio                              = 4                                         {product} {command line}
   size_t InitialHeapSize                          = 104857600                                 {product} {command line}
   size_t MaxHeapSize                              = 2147483648                                {product} {command line}
   size_t MaxNewSize                               = 715653120                                 {product} {ergonomic}
   size_t MinHeapDeltaBytes                        = 524288                                    {product} {ergonomic}
   size_t MinHeapSize                              = 104857600                                 {product} {command line}
   size_t NewSize                                  = 34603008                                  {product} {ergonomic}
    uintx NonNMethodCodeHeapSize                   = 7602480                                {pd product} {ergonomic}
    uintx NonProfiledCodeHeapSize                  = 122027880                              {pd product} {ergonomic}
   size_t OldSize                                  = 70254592                                  {product} {ergonomic}
    uintx ProfiledCodeHeapSize                     = 122027880                              {pd product} {ergonomic}
    uintx ReservedCodeCacheSize                    = 251658240                              {pd product} {ergonomic}
     bool SegmentedCodeCache                       = true                                      {product} {ergonomic}
   size_t SoftMaxHeapSize                          = 2147483648                             {manageable} {ergonomic}
     bool UseCompressedOops                        = true                           {product lp64_product} {ergonomic}
     bool UseLargePagesIndividualAllocation        = false                                  {pd product} {ergonomic}
     bool UseParallelGC                            = true                                      {product} {command line}

Logging:
Log output configuration:
 #0: stdout all=off uptime,level,tags foldmultilines=false
 #1: stderr all=off uptime,level,tags foldmultilines=false

Environment Variables:
PATH=C:\Program Files\Eclipse Adoptium\jdk-21.0.8.9-hotspot\bin;C:\WINDOWS\system32;C:\WINDOWS;C:\WINDOWS\System32\Wbem;C:\WINDOWS\System32\WindowsPowerShell\v1.0\;C:\WINDOWS\System32\OpenSSH\;C:\Program Files\nodejs\;C:\ProgramData\chocolatey\bin;C:\Program Files\Git\cmd;C:\Program Files\Tesseract-OCR;C:\Users\Amen\AppData\Local\Microsoft\WindowsApps;C:\Users\Amen\AppData\Local\Programs\Microsoft VS Code\bin;C:\Users\Amen\AppData\Roaming\npm;%IntelliJ IDEA%
USERNAME=Amen
OS=Windows_NT
PROCESSOR_IDENTIFIER=Intel64 Family 6 Model 186 Stepping 2, GenuineIntel
TMP=C:\Users\Amen\AppData\Local\Temp
TEMP=C:\Users\Amen\AppData\Local\Temp




Periodic native trim disabled

---------------  S Y S T E M  ---------------

OS:
 Windows 11 , 64 bit Build 26100 (10.0.26100.4484)
OS uptime: 0 days 0:03 hours

CPU: total 16 (initial active 16) (8 cores per cpu, 2 threads per core) family 6 model 186 stepping 2 microcode 0x410e, cx8, cmov, fxsr, ht, mmx, 3dnowpref, sse, sse2, sse3, ssse3, sse4.1, sse4.2, popcnt, lzcnt, tsc, tscinvbit, avx, avx2, aes, erms, clmul, bmi1, bmi2, adx, sha, fma, vzeroupper, clflush, clflushopt, clwb, serialize, rdtscp, rdpid, fsrm, f16c, pku, cet_ibt, cet_ss
Processor Information for processor 0
  Max Mhz: 2600, Current Mhz: 2600, Mhz Limit: 2600
Processor Information for processor 1
  Max Mhz: 2600, Current Mhz: 2600, Mhz Limit: 2600
Processor Information for processor 2
  Max Mhz: 2600, Current Mhz: 2600, Mhz Limit: 2600
Processor Information for processor 3
  Max Mhz: 2600, Current Mhz: 2600, Mhz Limit: 2600
Processor Information for processor 4
  Max Mhz: 2600, Current Mhz: 2600, Mhz Limit: 2600
Processor Information for processor 5
  Max Mhz: 2600, Current Mhz: 2600, Mhz Limit: 2600
Processor Information for processor 6
  Max Mhz: 2600, Current Mhz: 2600, Mhz Limit: 2600
Processor Information for processor 7
  Max Mhz: 2600, Current Mhz: 2600, Mhz Limit: 2600
Processor Information for processor 8
  Max Mhz: 2600, Current Mhz: 2600, Mhz Limit: 2600
Processor Information for processor 9
  Max Mhz: 2600, Current Mhz: 2600, Mhz Limit: 2600
Processor Information for processor 10
  Max Mhz: 2600, Current Mhz: 1505, Mhz Limit: 2600
Processor Information for processor 11
  Max Mhz: 2600, Current Mhz: 1505, Mhz Limit: 2600
Processor Information for processor 12
  Max Mhz: 2600, Current Mhz: 1505, Mhz Limit: 2600
Processor Information for processor 13
  Max Mhz: 2600, Current Mhz: 2600, Mhz Limit: 2600
Processor Information for processor 14
  Max Mhz: 2600, Current Mhz: 2600, Mhz Limit: 2600
Processor Information for processor 15
  Max Mhz: 2600, Current Mhz: 1505, Mhz Limit: 2600

Memory: 4k page, system-wide physical 16013M (10040M free)
TotalPageFile size 18957M (AvailPageFile size 12618M)
current process WorkingSet (physical memory assigned to process): 155M, peak: 162M
current process commit charge ("private bytes"): 306M, peak: 314M

vm_info: OpenJDK 64-Bit Server VM (21.0.8+9-LTS) for windows-amd64 JRE (21.0.8+9-LTS), built on 2025-07-15T00:00:00Z by "admin" with MS VC++ 17.7 (VS2022)

END.
