#
# A fatal error has been detected by the Java Runtime Environment:
#
#  EXCEPTION_ACCESS_VIOLATION (0xc0000005) at pc=0x000001d96f2d0179, pid=12460, tid=10092
#
# JRE version: OpenJDK Runtime Environment Temurin-21.0.8+9 (21.0.8+9) (build 21.0.8+9-LTS)
# Java VM: OpenJDK 64-Bit Server VM Temurin-21.0.8+9 (21.0.8+9-LTS, mixed mode, sharing, tiered, compressed oops, compressed class ptrs, parallel gc, windows-amd64)
# Problematic frame:
# j  org.eclipse.sisu.bean.BeanInjector.<init>(Ljava/util/List;)V+43
#
# No core dump will be written. Minidumps are not enabled by default on client versions of Windows
#
# If you would like to submit a bug report, please visit:
#   https://github.com/adoptium/adoptium-support/issues
#

---------------  S U M M A R Y ------------

Command Line: --add-modules=ALL-SYSTEM --add-opens=java.base/java.util=ALL-UNNAMED --add-opens=java.base/java.lang=ALL-UNNAMED --add-opens=java.base/sun.nio.fs=ALL-UNNAMED -Declipse.application=org.eclipse.jdt.ls.core.id1 -Dosgi.bundles.defaultStartLevel=4 -Declipse.product=org.eclipse.jdt.ls.core.product -Djava.import.generatesMetadataFilesAtProjectRoot=false -DDetectVMInstallationsJob.disabled=true -Dfile.encoding=utf8 -XX:+UseParallelGC -XX:GCTimeRatio=4 -XX:AdaptiveSizePolicyWeight=90 -Dsun.zip.disableMemoryMapping=true -Xmx2G -Xms100m -Xlog:disable -javaagent:c:\Users\Amen\.vscode\extensions\redhat.java-1.44.0-win32-x64\lombok\lombok-1.18.39-4050.jar -XX:+HeapDumpOnOutOfMemoryError -XX:HeapDumpPath=c:\Users\Amen\AppData\Roaming\Code\User\workspaceStorage\7008674b88c08343105e105653bc181d\redhat.java -Daether.dependencyCollector.impl=bf c:\Users\Amen\.vscode\extensions\redhat.java-1.44.0-win32-x64\server\plugins\org.eclipse.equinox.launcher_1.7.0.v20250519-0528.jar -configuration c:\Users\Amen\AppData\Roaming\Code\User\globalStorage\redhat.java\1.44.0\config_win -data c:\Users\Amen\AppData\Roaming\Code\User\workspaceStorage\7008674b88c08343105e105653bc181d\redhat.java\jdt_ws --pipe=\\.\pipe\lsp-2a501b6c53ee09c53c7741f5ee83f8f2-sock

Host: 13th Gen Intel(R) Core(TM) i5-13500H, 16 cores, 15G,  Windows 11 , 64 bit Build 26100 (10.0.26100.4484)
Time: Wed Aug 13 14:04:09 2025 elapsed time: 4.161701 seconds (0d 0h 0m 4s)

---------------  T H R E A D  ---------------

Current thread (0x000001d94559dad0):  JavaThread "Worker-3: Repository registry initialization"        [_thread_in_Java, id=10092, stack(0x0000006d02f00000,0x0000006d03000000) (1024K)]

Stack: [0x0000006d02f00000,0x0000006d03000000],  sp=0x0000006d02ffd818,  free space=1014k
Native frames: (J=compiled Java code, j=interpreted, Vv=VM code, C=native code)
C  0x000001d96f2d0179

The last pc belongs to aastore (printed below).

siginfo: EXCEPTION_ACCESS_VIOLATION (0xc0000005), reading address 0xffffffffffffffff


Registers:
RAX=0x0b0001d901455190, RBX=0x000001d9015475d8, RCX=0x0000000000000000, RDX=0x00000000d6169f58
RSP=0x0000006d02ffd818, RBP=0x0000006d02ffd878, RSI=0x0000000000000000, RDI=0x00000000d6169e98
R8 =0x0000000000000001, R9 =0x00007ffc9b9a194a, R10=0x000001d900000000, R11=0x00000000d6169f30
R12=0x0000000000000000, R13=0x000001d9437a5a8b, R14=0x0000006d02ffd8a8, R15=0x000001d94559dad0
RIP=0x000001d96f2d0179, EFLAGS=0x0000000000010287

XMM[0]=0x0000000000000000 0x0000000000000000
XMM[1]=0x0000000000000000 0x0000006d02ffd7e0
XMM[2]=0x0000000000000000 0x0000000000000000
XMM[3]=0x0000000000000000 0x0000000000000000
XMM[4]=0x0000000000000000 0x0000000000000000
XMM[5]=0x0000000000000000 0x0000000000000000
XMM[6]=0x437c1d2e12c2a0bb 0x5447d83340ae8190
XMM[7]=0x65f8155295da3a92 0x03b550f2fe8c88fb
XMM[8]=0x06467772bd69ecf1 0xf852d9749b5b6777
XMM[9]=0xb1ce86a0b1ce86a0 0xb1ce86a097641449
XMM[10]=0x0000000000000000 0x00000000e5958da9
XMM[11]=0x5796ece25796ece2 0x5796ece2eefb012b
XMM[12]=0x0000000000000000 0x0000000097641449
XMM[13]=0x0000000000000000 0x0000000000000000
XMM[14]=0x0000000000000000 0x0000000000000000
XMM[15]=0x0000000000000000 0x0000000000000000
  MXCSR=0x00001fa0


Register to memory mapping:

RAX=0x0b0001d901455190 is an unknown value
RBX=0x000001d9015475d8 is a pointer to class: 
org.eclipse.sisu.plexus.ProvidedPropertyBinding {0x000001d9015475e0}
 - instance size:     3
 - klass size:        69
 - access:            final synchronized 
 - flags:             rewritten has_nonstatic_fields should_verify_class has_localvariable_table 
 - state:             fully_initialized
 - name:              'org/eclipse/sisu/plexus/ProvidedPropertyBinding'
 - super:             'java/lang/Object'
 - sub:               
 - arrays:            null
 - methods:           Array<T>(0x000001d9437a4388)
 - method ordering:   Array<T>(0x000001d900a81838)
 - local interfaces:  Array<T>(0x000001d9437a4378)
 - trans. interfaces: Array<T>(0x000001d9437a4378)
 - secondary supers: Array<T>(0x000001d9437a4378)
 - hash_slot:         5
 - bitmap:            0x0080000000000000
 - constants:         constant pool [52] {0x000001d9437a4168} for 'org/eclipse/sisu/plexus/ProvidedPropertyBinding' cache=0x000001d9437a4598
 - class loader data:  loader data: 0x000001d9456819e0 for instance a 'org/eclipse/osgi/internal/loader/EquinoxClassLoader'{0x00000000805e9c40}
 - source file:       'ProvidedPropertyBinding.java'
 - generic signature: '<T:Ljava/lang/Object;>Ljava/lang/Object;Lorg/eclipse/sisu/bean/PropertyBinding;'
 - inner classes:     Array<T>(0x000001d9006115b8)
 - nest members:     Array<T>(0x000001d9006115b8)
 - permitted subclasses:     Array<T>(0x000001d9006115b8)
 - java mirror:       a 'java/lang/Class'{0x00000000d60f8610} = 'org/eclipse/sisu/plexus/ProvidedPropertyBinding'
 - vtable length      5  (start addr: 0x000001d9015477a8)
 - itable length      5 (start addr: 0x000001d9015477d0)
 - ---- static fields (0 words):
 - ---- non-static fields (2 words):
 - private final 'property' 'Lorg/eclipse/sisu/bean/BeanProperty;' @12 
 - private final 'provider' 'Ljavax/inject/Provider;' @16 
 - non-static oop maps: 12-16 
RCX=0x0 is null
RDX=0x00000000d6169f58 is an oop: [Lorg.eclipse.sisu.bean.PropertyBinding; 
{0x00000000d6169f58} - klass: 
[error occurred during error reporting (printing register info), id 0xc0000005, EXCEPTION_ACCESS_VIOLATION (0xc0000005) at pc=0x00007ffc29bf3a10]
RSP=0x0000006d02ffd818 is pointing into the stack for thread: 0x000001d94559dad0
RBP=0x0000006d02ffd878 is pointing into the stack for thread: 0x000001d94559dad0
RSI=0x0 is null
RDI=0x00000000d6169e98 is an oop: [Ljava.lang.Object; 
{0x00000000d6169e98} - klass: 'java/lang/Object'[]
 - length: 10
R8 =0x0000000000000001 is an unknown value
R9 =0x00007ffc9b9a194a VCRUNTIME140.dll
R10=0x000001d900000000 is pointing into metadata
R11=0x00000000d6169f30 is an oop: org.eclipse.sisu.plexus.ProvidedPropertyBinding 
{0x00000000d6169f30} - klass: 'org/eclipse/sisu/plexus/ProvidedPropertyBinding'
 - ---- fields (total size 3 words):
 - private final 'property' 'Lorg/eclipse/sisu/bean/BeanProperty;' @12  a 'org/eclipse/sisu/bean/BeanPropertyField'{0x00000000d6169ed0} (0xd6169ed0)
 - private final 'provider' 'Ljavax/inject/Provider;' @16  a 'org/eclipse/sisu/plexus/PlexusConfigurations$ConfigurationProvider'{0x00000000d6169f00} (0xd6169f00)
R12=0x0 is null
R13=0x000001d9437a5a8b is pointing into metadata
R14=0x0000006d02ffd8a8 is pointing into the stack for thread: 0x000001d94559dad0
R15=0x000001d94559dad0 is a thread

Top of Stack: (sp=0x0000006d02ffd818)
0x0000006d02ffd818:   00000000d6169f30 0000000000000000
0x0000006d02ffd828:   00000000d6169f58 0000006d02ffd830
0x0000006d02ffd838:   000001d9437a5a83 0000000000000006
0x0000006d02ffd848:   000001d9437a5cb0 0000000000000000
0x0000006d02ffd858:   00000000d61160f8 000001d9437a5ae0
0x0000006d02ffd868:   0000000000000000 0000006d02ffd8a0
0x0000006d02ffd878:   0000006d02ffd908 000001d96f2c8560
0x0000006d02ffd888:   0000000000000001 0000000000000001
0x0000006d02ffd898:   0000000000000002 00000000d6160458
0x0000006d02ffd8a8:   00000000d6169f48 00000000d6169f48
0x0000006d02ffd8b8:   00000000d6160028 0000006d02ffd8c0
0x0000006d02ffd8c8:   000001d9434894e7 000000000000000b
0x0000006d02ffd8d8:   000001d943489690 0000000000000000
0x0000006d02ffd8e8:   0000000081ef7738 000001d9434895a0
0x0000006d02ffd8f8:   0000006d02ffd8a0 0000006d02ffd950
0x0000006d02ffd908:   0000006d02ffd9b0 000001d96f2c8a06
0x0000006d02ffd918:   00000000d6169f30 00000000807d21c8
0x0000006d02ffd928:   00000000d6169ed0 00000000d61604f0
0x0000006d02ffd938:   00000000d6160470 00000000d6160458
0x0000006d02ffd948:   00000000d6160318 00000000d6160028
0x0000006d02ffd958:   0000000081ec3630 0000000081f35990
0x0000006d02ffd968:   0000006d02ffd968 000001d94376e75f
0x0000006d02ffd978:   000000000000000d 000001d943770000
0x0000006d02ffd988:   0000000000000000 00000000d5e416e8
0x0000006d02ffd998:   000001d94376e868 0000006d02ffd950
0x0000006d02ffd9a8:   0000006d02ffda08 0000006d02ffda68
0x0000006d02ffd9b8:   000001d96f2c86d2 0000000000000000
0x0000006d02ffd9c8:   0000000081f35990 00000000d592fb08
0x0000006d02ffd9d8:   00000000d6160090 00000000d6160050
0x0000006d02ffd9e8:   00000000d6160028 0000000081194648
0x0000006d02ffd9f8:   00000000800048b8 0000000000000000
0x0000006d02ffda08:   00000000d615f938 0000000081ec3630 

Instructions: (pc=0x000001d96f2d0179)
0x000001d96f2d0079:   10 48 89 04 24 48 c7 44 24 08 00 00 00 00 eb 01
0x000001d96f2d0089:   50 48 8b 04 24 8b 4c 24 08 48 8b 54 24 10 48 63
0x000001d96f2d0099:   c9 3b 4a 0c 8b d9 72 08 48 8b d2 e9 f7 b1 ff ff
0x000001d96f2d00a9:   48 85 c0 0f 84 45 01 00 00 8b 58 08 49 ba 00 00
0x000001d96f2d00b9:   00 00 d9 01 00 00 49 03 da 8b 42 08 49 ba 00 00
0x000001d96f2d00c9:   00 00 d9 01 00 00 49 03 c2 48 8b 80 e0 00 00 00
0x000001d96f2d00d9:   48 8b 4d d8 48 85 c9 0f 84 8a 00 00 00 48 8b 79
0x000001d96f2d00e9:   18 48 3b fb 0f 85 0f 00 00 00 48 83 41 20 01 48
0x000001d96f2d00f9:   83 59 20 00 e9 66 00 00 00 48 85 ff 0f 84 37 00
0x000001d96f2d0109:   00 00 48 8b 79 28 48 3b fb 0f 85 0f 00 00 00 48
0x000001d96f2d0119:   83 41 30 01 48 83 59 30 00 e9 41 00 00 00 48 85
0x000001d96f2d0129:   ff 0f 85 38 00 00 00 48 89 59 28 bf 01 00 00 00
0x000001d96f2d0139:   48 89 79 30 e9 26 00 00 00 48 3b 59 28 0f 85 0f
0x000001d96f2d0149:   00 00 00 48 83 41 30 01 48 83 59 30 00 e9 0d 00
0x000001d96f2d0159:   00 00 48 89 59 18 bf 01 00 00 00 48 89 79 20 48
0x000001d96f2d0169:   83 c1 38 48 89 4d d8 48 3b d8 0f 84 55 00 00 00
0x000001d96f2d0179:   8b 48 14 48 3b 04 0b 0f 84 48 00 00 00 83 f9 20
0x000001d96f2d0189:   0f 85 1d 00 00 00 57 48 8b 7b 28 8b 0f 48 83 c7
0x000001d96f2d0199:   08 48 85 c0 f2 48 af 5f 75 09 48 89 43 20 e9 22
0x000001d96f2d01a9:   00 00 00 48 8b 4d d8 48 85 c9 0f 84 10 00 00 00
0x000001d96f2d01b9:   48 83 41 d0 ff 0f 88 05 00 00 00 48 83 41 d0 01
0x000001d96f2d01c9:   e9 81 b1 ff ff 48 8b 04 24 8b 4c 24 08 89 44 8a
0x000001d96f2d01d9:   10 4c 8d 5c 8a 10 49 c1 eb 09 49 ba 00 00 c5 76
0x000001d96f2d01e9:   d9 01 00 00 43 c6 04 1a 00 e9 21 00 00 00 48 8b
0x000001d96f2d01f9:   5d d8 48 85 db 0f 84 0c 00 00 00 80 4b 01 01 48
0x000001d96f2d0209:   83 c3 38 48 89 5d d8 c7 44 8a 10 00 00 00 00 48
0x000001d96f2d0219:   83 c4 18 41 0f b6 5d 01 49 ff c5 49 ba 30 9c 20
0x000001d96f2d0229:   2a fc 7f 00 00 41 ff 24 da 66 0f 1f 44 00 00 48
0x000001d96f2d0239:   1f f3 29 fc 7f 00 00 80 00 00 00 54 00 00 00 00
0x000001d96f2d0249:   00 00 00 00 00 00 00 00 00 00 00 00 00 00 00 00
0x000001d96f2d0259:   00 00 00 00 00 00 00 8b 04 24 48 83 c4 08 8b 1c
0x000001d96f2d0269:   24 48 83 c4 08 5a 48 63 db 3b 5a 0c 72 08 48 8b 


Stack slot to memory mapping:

stack at sp + 0 slots: 0x00000000d6169f30 is an oop: org.eclipse.sisu.plexus.ProvidedPropertyBinding 
{0x00000000d6169f30} - klass: 'org/eclipse/sisu/plexus/ProvidedPropertyBinding'
 - ---- fields (total size 3 words):
 - private final 'property' 'Lorg/eclipse/sisu/bean/BeanProperty;' @12  a 'org/eclipse/sisu/bean/BeanPropertyField'{0x00000000d6169ed0} (0xd6169ed0)
 - private final 'provider' 'Ljavax/inject/Provider;' @16  a 'org/eclipse/sisu/plexus/PlexusConfigurations$ConfigurationProvider'{0x00000000d6169f00} (0xd6169f00)
stack at sp + 1 slots: 0x0 is null
stack at sp + 2 slots: 0x00000000d6169f58 is an oop: [Lorg.eclipse.sisu.bean.PropertyBinding; 
{0x00000000d6169f58} - klass: 
[error occurred during error reporting (inspecting top of stack), id 0xc0000005, EXCEPTION_ACCESS_VIOLATION (0xc0000005) at pc=0x00007ffc29bf3a10]
stack at sp + 3 slots: 0x0000006d02ffd830 is pointing into the stack for thread: 0x000001d94559dad0
stack at sp + 4 slots: 0x000001d9437a5a83 is pointing into metadata
stack at sp + 5 slots: 0x0000000000000006 is an unknown value
stack at sp + 6 slots: 0x000001d9437a5cb0 is pointing into metadata
stack at sp + 7 slots: 0x0 is null

aastore  83 aastore  [0x000001d96f2d0060, 0x000001d96f2d0238]  472 bytes
[MachCode]
  0x000001d96f2d0060: 4883 ec08 | c5fa 1104 | 24eb 1f48 | 83ec 10c5 | fb11 0424 | eb14 4883 | ec10 4889 | 0424 48c7 
  0x000001d96f2d0080: 4424 0800 | 0000 00eb | 0150 488b | 0424 8b4c | 2408 488b | 5424 1048 | 63c9 3b4a | 0c8b d972 
  0x000001d96f2d00a0: 0848 8bd2 | e9f7 b1ff | ff48 85c0 | 0f84 4501 | 0000 8b58 | 0849 ba00 | 0000 00d9 | 0100 0049 
  0x000001d96f2d00c0: 03da 8b42 | 0849 ba00 | 0000 00d9 | 0100 0049 | 03c2 488b | 80e0 0000 | 0048 8b4d | d848 85c9 
  0x000001d96f2d00e0: 0f84 8a00 | 0000 488b | 7918 483b | fb0f 850f | 0000 0048 | 8341 2001 | 4883 5920 | 00e9 6600 
  0x000001d96f2d0100: 0000 4885 | ff0f 8437 | 0000 0048 | 8b79 2848 | 3bfb 0f85 | 0f00 0000 | 4883 4130 | 0148 8359 
  0x000001d96f2d0120: 3000 e941 | 0000 0048 | 85ff 0f85 | 3800 0000 | 4889 5928 | bf01 0000 | 0048 8979 | 30e9 2600 
  0x000001d96f2d0140: 0000 483b | 5928 0f85 | 0f00 0000 | 4883 4130 | 0148 8359 | 3000 e90d | 0000 0048 | 8959 18bf 
  0x000001d96f2d0160: 0100 0000 | 4889 7920 | 4883 c138 | 4889 4dd8 | 483b d80f | 8455 0000 | 008b 4814 | 483b 040b 
  0x000001d96f2d0180: 0f84 4800 | 0000 83f9 | 200f 851d | 0000 0057 | 488b 7b28 | 8b0f 4883 | c708 4885 | c0f2 48af 
  0x000001d96f2d01a0: 5f75 0948 | 8943 20e9 | 2200 0000 | 488b 4dd8 | 4885 c90f | 8410 0000 | 0048 8341 | d0ff 0f88 
  0x000001d96f2d01c0: 0500 0000 | 4883 41d0 | 01e9 81b1 | ffff 488b | 0424 8b4c | 2408 8944 | 8a10 4c8d | 5c8a 1049 
  0x000001d96f2d01e0: c1eb 0949 | ba00 00c5 | 76d9 0100 | 0043 c604 | 1a00 e921 | 0000 0048 | 8b5d d848 | 85db 0f84 
  0x000001d96f2d0200: 0c00 0000 | 804b 0101 | 4883 c338 | 4889 5dd8 | c744 8a10 | 0000 0000 | 4883 c418 | 410f b65d 
  0x000001d96f2d0220: 0149 ffc5 | 49ba 309c | 202a fc7f | 0000 41ff | 24da 660f | 1f44 0000 
[/MachCode]

---------------  P R O C E S S  ---------------

Threads class SMR info:
_java_thread_list=0x000001d94815c090, length=70, elements={
0x000001d96355d810, 0x000001d97bd0d910, 0x000001d97bd0e820, 0x000001d97d3c8ba0,
0x000001d97d3ccda0, 0x000001d97d3f26f0, 0x000001d97d3f5500, 0x000001d97d401ea0,
0x000001d97d40b9f0, 0x000001d97d4baed0, 0x000001d97d4bb570, 0x000001d97d520650,
0x000001d97d5792c0, 0x000001d97ea9c000, 0x000001d97eab7fc0, 0x000001d9453b9b20,
0x000001d94508ea90, 0x000001d94507dbb0, 0x000001d94526efe0, 0x000001d9458f3010,
0x000001d945576a50, 0x000001d9459df120, 0x000001d94559c720, 0x000001d94559b370,
0x000001d94559cdb0, 0x000001d94559ace0, 0x000001d94559d440, 0x000001d94568ac20,
0x000001d94559c090, 0x000001d94559dad0, 0x000001d94559ba00, 0x000001d94559e160,
0x000001d9476d4890, 0x000001d9476d2e50, 0x000001d9476d4200, 0x000001d9476d4f20,
0x000001d9476d27c0, 0x000001d9476d3b70, 0x000001d9476d34e0, 0x000001d9476d1aa0,
0x000001d9476d55b0, 0x000001d9476d2130, 0x000001d9476d6ff0, 0x000001d9476d83a0,
0x000001d9476d7680, 0x000001d9476d90c0, 0x000001d9476d7d10, 0x000001d9476d8a30,
0x000001d946abe060, 0x000001d94843eba0, 0x000001d9484421b0, 0x000001d9484bb190,
0x000001d9476d5c40, 0x000001d9476d62d0, 0x000001d9476d6960, 0x000001d94856c250,
0x000001d94856d600, 0x000001d94856e9b0, 0x000001d94856e320, 0x000001d94856f040,
0x000001d94856bbc0, 0x000001d94856dc90, 0x000001d94856c8e0, 0x000001d94856f6d0,
0x000001d9485703f0, 0x000001d94856fd60, 0x000001d94856cf70, 0x000001d9485731e0,
0x000001d9485717a0, 0x000001d948571e30
}

Java Threads: ( => current thread )
  0x000001d96355d810 JavaThread "main"                              [_thread_blocked, id=5768, stack(0x0000006d00100000,0x0000006d00200000) (1024K)]
  0x000001d97bd0d910 JavaThread "Reference Handler"          daemon [_thread_blocked, id=9012, stack(0x0000006d00500000,0x0000006d00600000) (1024K)]
  0x000001d97bd0e820 JavaThread "Finalizer"                  daemon [_thread_blocked, id=13044, stack(0x0000006d00600000,0x0000006d00700000) (1024K)]
  0x000001d97d3c8ba0 JavaThread "Signal Dispatcher"          daemon [_thread_blocked, id=11312, stack(0x0000006d00700000,0x0000006d00800000) (1024K)]
  0x000001d97d3ccda0 JavaThread "Attach Listener"            daemon [_thread_blocked, id=14024, stack(0x0000006d00800000,0x0000006d00900000) (1024K)]
  0x000001d97d3f26f0 JavaThread "Service Thread"             daemon [_thread_blocked, id=20224, stack(0x0000006d00900000,0x0000006d00a00000) (1024K)]
  0x000001d97d3f5500 JavaThread "Monitor Deflation Thread"   daemon [_thread_blocked, id=13256, stack(0x0000006d00a00000,0x0000006d00b00000) (1024K)]
  0x000001d97d401ea0 JavaThread "C2 CompilerThread0"         daemon [_thread_blocked, id=18976, stack(0x0000006d00b00000,0x0000006d00c00000) (1024K)]
  0x000001d97d40b9f0 JavaThread "C1 CompilerThread0"         daemon [_thread_blocked, id=13908, stack(0x0000006d00c00000,0x0000006d00d00000) (1024K)]
  0x000001d97d4baed0 JavaThread "C1 CompilerThread1"         daemon [_thread_blocked, id=5716, stack(0x0000006d00d00000,0x0000006d00e00000) (1024K)]
  0x000001d97d4bb570 JavaThread "C1 CompilerThread2"         daemon [_thread_blocked, id=3232, stack(0x0000006d00e00000,0x0000006d00f00000) (1024K)]
  0x000001d97d520650 JavaThread "Common-Cleaner"             daemon [_thread_blocked, id=6352, stack(0x0000006d00f00000,0x0000006d01000000) (1024K)]
  0x000001d97d5792c0 JavaThread "C2 CompilerThread1"         daemon [_thread_blocked, id=5480, stack(0x0000006d01000000,0x0000006d01100000) (1024K)]
  0x000001d97ea9c000 JavaThread "C1 CompilerThread3"         daemon [_thread_blocked, id=11108, stack(0x0000006d01200000,0x0000006d01300000) (1024K)]
  0x000001d97eab7fc0 JavaThread "Notification Thread"        daemon [_thread_blocked, id=13320, stack(0x0000006d01300000,0x0000006d01400000) (1024K)]
  0x000001d9453b9b20 JavaThread "Active Thread: Equinox Container: 503a87d9-4b48-4de3-bf2e-5ebe90f83dc6"        [_thread_blocked, id=6976, stack(0x0000006d01b00000,0x0000006d01c00000) (1024K)]
  0x000001d94508ea90 JavaThread "Refresh Thread: Equinox Container: 503a87d9-4b48-4de3-bf2e-5ebe90f83dc6" daemon [_thread_blocked, id=1064, stack(0x0000006d01d00000,0x0000006d01e00000) (1024K)]
  0x000001d94507dbb0 JavaThread "Framework Event Dispatcher: Equinox Container: 503a87d9-4b48-4de3-bf2e-5ebe90f83dc6" daemon [_thread_blocked, id=10136, stack(0x0000006d01e00000,0x0000006d01f00000) (1024K)]
  0x000001d94526efe0 JavaThread "Start Level: Equinox Container: 503a87d9-4b48-4de3-bf2e-5ebe90f83dc6" daemon [_thread_blocked, id=19504, stack(0x0000006d01f00000,0x0000006d02000000) (1024K)]
  0x000001d9458f3010 JavaThread "Bundle File Closer"         daemon [_thread_blocked, id=4772, stack(0x0000006d02300000,0x0000006d02400000) (1024K)]
  0x000001d945576a50 JavaThread "SCR Component Actor"        daemon [_thread_blocked, id=8992, stack(0x0000006d02400000,0x0000006d02500000) (1024K)]
  0x000001d9459df120 JavaThread "SCR Component Registry"     daemon [_thread_blocked, id=9208, stack(0x0000006d02500000,0x0000006d02600000) (1024K)]
  0x000001d94559c720 JavaThread "Worker-JM"                         [_thread_blocked, id=15220, stack(0x0000006d02700000,0x0000006d02800000) (1024K)]
  0x000001d94559b370 JavaThread "JNA Cleaner"                daemon [_thread_blocked, id=14268, stack(0x0000006d01a00000,0x0000006d01b00000) (1024K)]
  0x000001d94559cdb0 JavaThread "Worker-0"                          [_thread_blocked, id=16068, stack(0x0000006d02900000,0x0000006d02a00000) (1024K)]
  0x000001d94559ace0 JavaThread "Worker-1"                          [_thread_blocked, id=3712, stack(0x0000006d02a00000,0x0000006d02b00000) (1024K)]
  0x000001d94559d440 JavaThread "Worker-2"                          [_thread_blocked, id=9396, stack(0x0000006d02b00000,0x0000006d02c00000) (1024K)]
  0x000001d94568ac20 JavaThread "C2 CompilerThread2"         daemon [_thread_blocked, id=19524, stack(0x0000006d01100000,0x0000006d01200000) (1024K)]
  0x000001d94559c090 JavaThread "Java indexing"              daemon [_thread_blocked, id=18044, stack(0x0000006d02c00000,0x0000006d02d00000) (1024K)]
=>0x000001d94559dad0 JavaThread "Worker-3: Repository registry initialization"        [_thread_in_Java, id=10092, stack(0x0000006d02f00000,0x0000006d03000000) (1024K)]
  0x000001d94559ba00 JavaThread "Thread-2"                   daemon [_thread_in_native, id=5720, stack(0x0000006d03000000,0x0000006d03100000) (1024K)]
  0x000001d94559e160 JavaThread "Thread-3"                   daemon [_thread_in_native, id=4532, stack(0x0000006d03100000,0x0000006d03200000) (1024K)]
  0x000001d9476d4890 JavaThread "Thread-4"                   daemon [_thread_in_native, id=1948, stack(0x0000006d03200000,0x0000006d03300000) (1024K)]
  0x000001d9476d2e50 JavaThread "Thread-5"                   daemon [_thread_in_native, id=14804, stack(0x0000006d03300000,0x0000006d03400000) (1024K)]
  0x000001d9476d4200 JavaThread "Thread-6"                   daemon [_thread_in_native, id=2648, stack(0x0000006d03400000,0x0000006d03500000) (1024K)]
  0x000001d9476d4f20 JavaThread "Thread-7"                   daemon [_thread_in_native, id=4652, stack(0x0000006d03500000,0x0000006d03600000) (1024K)]
  0x000001d9476d27c0 JavaThread "Thread-8"                   daemon [_thread_in_native, id=19900, stack(0x0000006d03600000,0x0000006d03700000) (1024K)]
  0x000001d9476d3b70 JavaThread "Thread-9"                   daemon [_thread_in_native, id=10212, stack(0x0000006d03700000,0x0000006d03800000) (1024K)]
  0x000001d9476d34e0 JavaThread "Thread-10"                  daemon [_thread_in_native, id=13140, stack(0x0000006d03800000,0x0000006d03900000) (1024K)]
  0x000001d9476d1aa0 JavaThread "Thread-11"                  daemon [_thread_in_native, id=11568, stack(0x0000006d03900000,0x0000006d03a00000) (1024K)]
  0x000001d9476d55b0 JavaThread "Thread-12"                  daemon [_thread_in_native, id=11164, stack(0x0000006d03a00000,0x0000006d03b00000) (1024K)]
  0x000001d9476d2130 JavaThread "Thread-13"                  daemon [_thread_in_native, id=13396, stack(0x0000006d03b00000,0x0000006d03c00000) (1024K)]
  0x000001d9476d6ff0 JavaThread "Thread-14"                  daemon [_thread_in_native, id=19608, stack(0x0000006d03c00000,0x0000006d03d00000) (1024K)]
  0x000001d9476d83a0 JavaThread "Thread-15"                  daemon [_thread_in_native, id=13564, stack(0x0000006d03d00000,0x0000006d03e00000) (1024K)]
  0x000001d9476d7680 JavaThread "Thread-16"                  daemon [_thread_in_native, id=14760, stack(0x0000006d03e00000,0x0000006d03f00000) (1024K)]
  0x000001d9476d90c0 JavaThread "Thread-17"                  daemon [_thread_in_native, id=14380, stack(0x0000006d03f00000,0x0000006d04000000) (1024K)]
  0x000001d9476d7d10 JavaThread "Thread-18"                  daemon [_thread_in_native, id=17556, stack(0x0000006d04000000,0x0000006d04100000) (1024K)]
  0x000001d9476d8a30 JavaThread "pool-2-thread-1"                   [_thread_blocked, id=13068, stack(0x0000006d04100000,0x0000006d04200000) (1024K)]
  0x000001d946abe060 JavaThread "C2 CompilerThread3"         daemon [_thread_blocked, id=1660, stack(0x0000006d04200000,0x0000006d04300000) (1024K)]
  0x000001d94843eba0 JavaThread "C2 CompilerThread4"         daemon [_thread_blocked, id=13452, stack(0x0000006d04300000,0x0000006d04400000) (1024K)]
  0x000001d9484421b0 JavaThread "C2 CompilerThread5"         daemon [_thread_blocked, id=11088, stack(0x0000006d04400000,0x0000006d04500000) (1024K)]
  0x000001d9484bb190 JavaThread "C2 CompilerThread6"         daemon [_thread_blocked, id=3180, stack(0x0000006d04500000,0x0000006d04600000) (1024K)]
  0x000001d9476d5c40 JavaThread "WorkspaceEventsHandler"            [_thread_blocked, id=6204, stack(0x0000006d04700000,0x0000006d04800000) (1024K)]
  0x000001d9476d62d0 JavaThread "pool-1-thread-1"                   [_thread_blocked, id=8228, stack(0x0000006d04800000,0x0000006d04900000) (1024K)]
  0x000001d9476d6960 JavaThread "ForkJoinPool.commonPool-worker-1" daemon [_thread_blocked, id=12088, stack(0x0000006d04900000,0x0000006d04a00000) (1024K)]
  0x000001d94856c250 JavaThread "ForkJoinPool.commonPool-worker-2" daemon [_thread_blocked, id=8348, stack(0x0000006d04a00000,0x0000006d04b00000) (1024K)]
  0x000001d94856d600 JavaThread "ForkJoinPool.commonPool-worker-3" daemon [_thread_blocked, id=7924, stack(0x0000006d04b00000,0x0000006d04c00000) (1024K)]
  0x000001d94856e9b0 JavaThread "ForkJoinPool.commonPool-worker-4" daemon [_thread_blocked, id=9884, stack(0x0000006d04c00000,0x0000006d04d00000) (1024K)]
  0x000001d94856e320 JavaThread "ForkJoinPool.commonPool-worker-5" daemon [_thread_blocked, id=16856, stack(0x0000006d04d00000,0x0000006d04e00000) (1024K)]
  0x000001d94856f040 JavaThread "ForkJoinPool.commonPool-worker-6" daemon [_thread_blocked, id=6068, stack(0x0000006d04e00000,0x0000006d04f00000) (1024K)]
  0x000001d94856bbc0 JavaThread "ForkJoinPool.commonPool-worker-7" daemon [_thread_blocked, id=4844, stack(0x0000006d04f00000,0x0000006d05000000) (1024K)]
  0x000001d94856dc90 JavaThread "ForkJoinPool.commonPool-worker-8" daemon [_thread_blocked, id=672, stack(0x0000006d05000000,0x0000006d05100000) (1024K)]
  0x000001d94856c8e0 JavaThread "ForkJoinPool.commonPool-worker-9" daemon [_thread_blocked, id=13524, stack(0x0000006d05100000,0x0000006d05200000) (1024K)]
  0x000001d94856f6d0 JavaThread "ForkJoinPool.commonPool-worker-10" daemon [_thread_blocked, id=20248, stack(0x0000006d05200000,0x0000006d05300000) (1024K)]
  0x000001d9485703f0 JavaThread "ForkJoinPool.commonPool-worker-11" daemon [_thread_blocked, id=8244, stack(0x0000006d05300000,0x0000006d05400000) (1024K)]
  0x000001d94856fd60 JavaThread "ForkJoinPool.commonPool-worker-12" daemon [_thread_blocked, id=14116, stack(0x0000006d05400000,0x0000006d05500000) (1024K)]
  0x000001d94856cf70 JavaThread "ForkJoinPool.commonPool-worker-13" daemon [_thread_blocked, id=18344, stack(0x0000006d05500000,0x0000006d05600000) (1024K)]
  0x000001d9485731e0 JavaThread "ForkJoinPool.commonPool-worker-14" daemon [_thread_blocked, id=10492, stack(0x0000006d05600000,0x0000006d05700000) (1024K)]
  0x000001d9485717a0 JavaThread "ForkJoinPool.commonPool-worker-15" daemon [_thread_blocked, id=4788, stack(0x0000006d05700000,0x0000006d05800000) (1024K)]
  0x000001d948571e30 JavaThread "Worker-4"                          [_thread_blocked, id=15456, stack(0x0000006d05800000,0x0000006d05900000) (1024K)]
Total: 70

Other Threads:
  0x000001d962fae7a0 VMThread "VM Thread"                           [id=12232, stack(0x0000006d00400000,0x0000006d00500000) (1024K)]
  0x000001d97bbeca00 WatcherThread "VM Periodic Task Thread"        [id=1268, stack(0x0000006d00300000,0x0000006d00400000) (1024K)]
  0x000001d962fadcc0 WorkerThread "GC Thread#0"                     [id=11868, stack(0x0000006d00200000,0x0000006d00300000) (1024K)]
  0x000001d97f1b9d60 WorkerThread "GC Thread#1"                     [id=3008, stack(0x0000006d01400000,0x0000006d01500000) (1024K)]
  0x000001d97f1b7920 WorkerThread "GC Thread#2"                     [id=3636, stack(0x0000006d01500000,0x0000006d01600000) (1024K)]
  0x000001d97f1ba4a0 WorkerThread "GC Thread#3"                     [id=17084, stack(0x0000006d01600000,0x0000006d01700000) (1024K)]
  0x000001d97f1ba100 WorkerThread "GC Thread#4"                     [id=11784, stack(0x0000006d01700000,0x0000006d01800000) (1024K)]
  0x000001d97f1b9280 WorkerThread "GC Thread#5"                     [id=10820, stack(0x0000006d01800000,0x0000006d01900000) (1024K)]
  0x000001d97f1b7cc0 WorkerThread "GC Thread#6"                     [id=19300, stack(0x0000006d01900000,0x0000006d01a00000) (1024K)]
  0x000001d97f1b9620 WorkerThread "GC Thread#7"                     [id=16512, stack(0x0000006d01c00000,0x0000006d01d00000) (1024K)]
  0x000001d97f1b87a0 WorkerThread "GC Thread#8"                     [id=6880, stack(0x0000006d02000000,0x0000006d02100000) (1024K)]
  0x000001d97f1b8b40 WorkerThread "GC Thread#9"                     [id=7624, stack(0x0000006d02100000,0x0000006d02200000) (1024K)]
  0x000001d97f1b6e40 WorkerThread "GC Thread#10"                    [id=16700, stack(0x0000006d02200000,0x0000006d02300000) (1024K)]
  0x000001d97f1b7580 WorkerThread "GC Thread#11"                    [id=18368, stack(0x0000006d02600000,0x0000006d02700000) (1024K)]
  0x000001d97f1b99c0 WorkerThread "GC Thread#12"                    [id=5788, stack(0x0000006d02800000,0x0000006d02900000) (1024K)]
Total: 15

Threads with active compile tasks:
Total: 0

VM state: not at safepoint (normal execution)

VM Mutex/Monitor currently owned by a thread: None

Heap address: 0x0000000080000000, size: 2048 MB, Compressed Oops mode: 32-bit

CDS archive(s) mapped at: [0x000001d900000000-0x000001d900ba0000-0x000001d900ba0000), size 12189696, SharedBaseAddress: 0x000001d900000000, ArchiveRelocationMode: 1.
Compressed class space mapped at: 0x000001d901000000-0x000001d941000000, reserved size: 1073741824
Narrow klass base: 0x000001d900000000, Narrow klass shift: 0, Narrow klass range: 0x100000000

GC Precious Log:
 CardTable entry size: 512
 CPUs: 16 total, 16 available
 Memory: 16013M
 Large Page Support: Disabled
 NUMA Support: Disabled
 Compressed Oops: Enabled (32-bit)
 Alignments: Space 512K, Generation 512K, Heap 2M
 Heap Min Capacity: 100M
 Heap Initial Capacity: 100M
 Heap Max Capacity: 2G
 Pre-touch: Disabled
 Parallel Workers: 13

Heap:
 PSYoungGen      total 14848K, used 13089K [0x00000000d5580000, 0x00000000d6900000, 0x0000000100000000)
  eden space 13824K, 88% used [0x00000000d5580000,0x00000000d61704e0,0x00000000d6300000)
  from space 1024K, 84% used [0x00000000d6780000,0x00000000d6858000,0x00000000d6880000)
  to   space 512K, 0% used [0x00000000d6880000,0x00000000d6880000,0x00000000d6900000)
 ParOldGen       total 68608K, used 32026K [0x0000000080000000, 0x0000000084300000, 0x00000000d5580000)
  object space 68608K, 46% used [0x0000000080000000,0x0000000081f46b78,0x0000000084300000)
 Metaspace       used 44155K, committed 45376K, reserved 1114112K
  class space    used 4745K, committed 5312K, reserved 1048576K

Card table byte_map: [0x000001d977050000,0x000001d977460000] _byte_map_base: 0x000001d976c50000

Marking Bits: (ParMarkBitMap*) 0x00007ffc2a1fa340
 Begin Bits: [0x000001d977710000, 0x000001d979710000)
 End Bits:   [0x000001d979710000, 0x000001d97b710000)

Polling page: 0x000001d963290000

Metaspace:

Usage:
  Non-class:     38.49 MB used.
      Class:      4.63 MB used.
       Both:     43.12 MB used.

Virtual space:
  Non-class space:       64.00 MB reserved,      39.12 MB ( 61%) committed,  1 nodes.
      Class space:        1.00 GB reserved,       5.19 MB ( <1%) committed,  1 nodes.
             Both:        1.06 GB reserved,      44.31 MB (  4%) committed. 

Chunk freelists:
   Non-Class:  8.31 MB
       Class:  10.69 MB
        Both:  19.00 MB

MaxMetaspaceSize: unlimited
CompressedClassSpaceSize: 1.00 GB
Initial GC threshold: 21.00 MB
Current GC threshold: 58.38 MB
CDS: on
 - commit_granule_bytes: 65536.
 - commit_granule_words: 8192.
 - virtual_space_node_default_size: 8388608.
 - enlarge_chunks_in_place: 1.
 - use_allocation_guard: 0.


Internal statistics:

num_allocs_failed_limit: 6.
num_arena_births: 966.
num_arena_deaths: 14.
num_vsnodes_births: 2.
num_vsnodes_deaths: 0.
num_space_committed: 709.
num_space_uncommitted: 0.
num_chunks_returned_to_freelist: 20.
num_chunks_taken_from_freelist: 2912.
num_chunk_merges: 11.
num_chunk_splits: 1831.
num_chunks_enlarged: 1081.
num_inconsistent_stats: 0.

CodeHeap 'non-profiled nmethods': size=119168Kb used=3240Kb max_used=3240Kb free=115927Kb
 bounds [0x000001d96fa10000, 0x000001d96fd40000, 0x000001d976e70000]
CodeHeap 'profiled nmethods': size=119104Kb used=12716Kb max_used=12716Kb free=106387Kb
 bounds [0x000001d967e70000, 0x000001d968ae0000, 0x000001d96f2c0000]
CodeHeap 'non-nmethods': size=7488Kb used=3057Kb max_used=3128Kb free=4430Kb
 bounds [0x000001d96f2c0000, 0x000001d96f5d0000, 0x000001d96fa10000]
CodeCache: size=245760Kb, used=19013Kb, max_used=19084Kb, free=226744Kb
 total_blobs=6580, nmethods=5914, adapters=569, full_count=0
Compilation: enabled, stopped_count=0, restarted_count=0

Compilation events (20 events):
Event: 4.120 Thread 0x000001d97d4baed0 nmethod 6521 0x000001d968ad1f10 code [0x000001d968ad2100, 0x000001d968ad2500]
Event: 4.120 Thread 0x000001d97ea9c000 nmethod 6522 0x000001d968ad2690 code [0x000001d968ad2860, 0x000001d968ad2ae0]
Event: 4.120 Thread 0x000001d97d40b9f0 6524       3       sun.reflect.generics.reflectiveObjects.ParameterizedTypeImpl::validateConstructorArguments (82 bytes)
Event: 4.120 Thread 0x000001d97d4baed0 6523       3       sun.reflect.generics.reflectiveObjects.ParameterizedTypeImpl::<init> (35 bytes)
Event: 4.120 Thread 0x000001d97d4baed0 nmethod 6523 0x000001d968ad2c10 code [0x000001d968ad2de0, 0x000001d968ad3058]
Event: 4.121 Thread 0x000001d97d4bb570 nmethod 6515 0x000001d968ad3190 code [0x000001d968ad3720, 0x000001d968ad5f30]
Event: 4.121 Thread 0x000001d97d4bb570 6525       3       com.google.inject.internal.KotlinSupport$KotlinUnsupported$$Lambda/0x000001d90148e4b0::test (8 bytes)
Event: 4.121 Thread 0x000001d97d4bb570 nmethod 6525 0x000001d968ad7010 code [0x000001d968ad71c0, 0x000001d968ad7420]
Event: 4.121 Thread 0x000001d97ea9c000 6526       1       com.google.inject.internal.KotlinSupport$KotlinUnsupported::isLocalClass (2 bytes)
Event: 4.122 Thread 0x000001d97ea9c000 nmethod 6526 0x000001d96fd37c90 code [0x000001d96fd37e20, 0x000001d96fd37ee8]
Event: 4.122 Thread 0x000001d97d4baed0 6527   !   3       jdk.proxy6.$Proxy24::annotationType (29 bytes)
Event: 4.122 Thread 0x000001d97d40b9f0 nmethod 6524 0x000001d968ad7510 code [0x000001d968ad7880, 0x000001d968ad90a0]
Event: 4.122 Thread 0x000001d97d4baed0 nmethod 6527 0x000001d968ad9910 code [0x000001d968ad9ae0, 0x000001d968ad9ee0]
Event: 4.123 Thread 0x000001d94843eba0 6528       4       java.util.TimSort::binarySort (223 bytes)
Event: 4.135 Thread 0x000001d94843eba0 nmethod 6528 0x000001d96fd37f90 code [0x000001d96fd38140, 0x000001d96fd386b0]
Event: 4.138 Thread 0x000001d97d4baed0 6529       3       java.lang.invoke.MemberName::equals (69 bytes)
Event: 4.138 Thread 0x000001d97d4baed0 nmethod 6529 0x000001d968ada090 code [0x000001d968ada320, 0x000001d968adae28]
Event: 4.139 Thread 0x000001d9484421b0 nmethod 6512 0x000001d96fd38990 code [0x000001d96fd38c60, 0x000001d96fd39b00]
Event: 4.140 Thread 0x000001d97d40b9f0 6530       3       com.google.common.cache.LocalCache::recordsWrite (20 bytes)
Event: 4.141 Thread 0x000001d97d40b9f0 nmethod 6530 0x000001d968adb110 code [0x000001d968adb2c0, 0x000001d968adb5e0]

GC Heap History (20 events):
Event: 2.892 GC heap before
{Heap before GC invocations=12 (full 1):
 PSYoungGen      total 25600K, used 25576K [0x00000000d5580000, 0x00000000d7400000, 0x0000000100000000)
  eden space 23040K, 100% used [0x00000000d5580000,0x00000000d6c00000,0x00000000d6c00000)
  from space 2560K, 99% used [0x00000000d7100000,0x00000000d737a2b0,0x00000000d7380000)
  to   space 4096K, 0% used [0x00000000d6c00000,0x00000000d6c00000,0x00000000d7000000)
 ParOldGen       total 68608K, used 13953K [0x0000000080000000, 0x0000000084300000, 0x00000000d5580000)
  object space 68608K, 20% used [0x0000000080000000,0x0000000080da05b8,0x0000000084300000)
 Metaspace       used 31358K, committed 32448K, reserved 1114112K
  class space    used 3100K, committed 3520K, reserved 1048576K
}
Event: 2.895 GC heap after
{Heap after GC invocations=12 (full 1):
 PSYoungGen      total 25088K, used 2257K [0x00000000d5580000, 0x00000000d7180000, 0x0000000100000000)
  eden space 22528K, 0% used [0x00000000d5580000,0x00000000d5580000,0x00000000d6b80000)
  from space 2560K, 88% used [0x00000000d6c00000,0x00000000d6e34740,0x00000000d6e80000)
  to   space 3072K, 0% used [0x00000000d6e80000,0x00000000d6e80000,0x00000000d7180000)
 ParOldGen       total 68608K, used 16480K [0x0000000080000000, 0x0000000084300000, 0x00000000d5580000)
  object space 68608K, 24% used [0x0000000080000000,0x0000000081018090,0x0000000084300000)
 Metaspace       used 31358K, committed 32448K, reserved 1114112K
  class space    used 3100K, committed 3520K, reserved 1048576K
}
Event: 3.023 GC heap before
{Heap before GC invocations=13 (full 1):
 PSYoungGen      total 25088K, used 24785K [0x00000000d5580000, 0x00000000d7180000, 0x0000000100000000)
  eden space 22528K, 100% used [0x00000000d5580000,0x00000000d6b80000,0x00000000d6b80000)
  from space 2560K, 88% used [0x00000000d6c00000,0x00000000d6e34740,0x00000000d6e80000)
  to   space 3072K, 0% used [0x00000000d6e80000,0x00000000d6e80000,0x00000000d7180000)
 ParOldGen       total 68608K, used 16480K [0x0000000080000000, 0x0000000084300000, 0x00000000d5580000)
  object space 68608K, 24% used [0x0000000080000000,0x0000000081018090,0x0000000084300000)
 Metaspace       used 33958K, committed 35136K, reserved 1114112K
  class space    used 3439K, committed 3968K, reserved 1048576K
}
Event: 3.026 GC heap after
{Heap after GC invocations=13 (full 1):
 PSYoungGen      total 24576K, used 2160K [0x00000000d5580000, 0x00000000d7100000, 0x0000000100000000)
  eden space 22016K, 0% used [0x00000000d5580000,0x00000000d5580000,0x00000000d6b00000)
  from space 2560K, 84% used [0x00000000d6e80000,0x00000000d709c010,0x00000000d7100000)
  to   space 2560K, 0% used [0x00000000d6c00000,0x00000000d6c00000,0x00000000d6e80000)
 ParOldGen       total 68608K, used 18479K [0x0000000080000000, 0x0000000084300000, 0x00000000d5580000)
  object space 68608K, 26% used [0x0000000080000000,0x000000008120bc58,0x0000000084300000)
 Metaspace       used 33958K, committed 35136K, reserved 1114112K
  class space    used 3439K, committed 3968K, reserved 1048576K
}
Event: 3.097 GC heap before
{Heap before GC invocations=14 (full 1):
 PSYoungGen      total 24576K, used 8547K [0x00000000d5580000, 0x00000000d7100000, 0x0000000100000000)
  eden space 22016K, 29% used [0x00000000d5580000,0x00000000d5bbcf88,0x00000000d6b00000)
  from space 2560K, 84% used [0x00000000d6e80000,0x00000000d709c010,0x00000000d7100000)
  to   space 2560K, 0% used [0x00000000d6c00000,0x00000000d6c00000,0x00000000d6e80000)
 ParOldGen       total 68608K, used 18479K [0x0000000080000000, 0x0000000084300000, 0x00000000d5580000)
  object space 68608K, 26% used [0x0000000080000000,0x000000008120bc58,0x0000000084300000)
 Metaspace       used 34709K, committed 35840K, reserved 1114112K
  class space    used 3523K, committed 4032K, reserved 1048576K
}
Event: 3.099 GC heap after
{Heap after GC invocations=14 (full 1):
 PSYoungGen      total 23040K, used 747K [0x00000000d5580000, 0x00000000d6f00000, 0x0000000100000000)
  eden space 22016K, 0% used [0x00000000d5580000,0x00000000d5580000,0x00000000d6b00000)
  from space 1024K, 72% used [0x00000000d6c00000,0x00000000d6cbade0,0x00000000d6d00000)
  to   space 1536K, 0% used [0x00000000d6d80000,0x00000000d6d80000,0x00000000d6f00000)
 ParOldGen       total 68608K, used 20411K [0x0000000080000000, 0x0000000084300000, 0x00000000d5580000)
  object space 68608K, 29% used [0x0000000080000000,0x00000000813eed20,0x0000000084300000)
 Metaspace       used 34709K, committed 35840K, reserved 1114112K
  class space    used 3523K, committed 4032K, reserved 1048576K
}
Event: 3.099 GC heap before
{Heap before GC invocations=15 (full 2):
 PSYoungGen      total 23040K, used 747K [0x00000000d5580000, 0x00000000d6f00000, 0x0000000100000000)
  eden space 22016K, 0% used [0x00000000d5580000,0x00000000d5580000,0x00000000d6b00000)
  from space 1024K, 72% used [0x00000000d6c00000,0x00000000d6cbade0,0x00000000d6d00000)
  to   space 1536K, 0% used [0x00000000d6d80000,0x00000000d6d80000,0x00000000d6f00000)
 ParOldGen       total 68608K, used 20411K [0x0000000080000000, 0x0000000084300000, 0x00000000d5580000)
  object space 68608K, 29% used [0x0000000080000000,0x00000000813eed20,0x0000000084300000)
 Metaspace       used 34709K, committed 35840K, reserved 1114112K
  class space    used 3523K, committed 4032K, reserved 1048576K
}
Event: 3.126 GC heap after
{Heap after GC invocations=15 (full 2):
 PSYoungGen      total 23040K, used 0K [0x00000000d5580000, 0x00000000d6f00000, 0x0000000100000000)
  eden space 22016K, 0% used [0x00000000d5580000,0x00000000d5580000,0x00000000d6b00000)
  from space 1024K, 0% used [0x00000000d6c00000,0x00000000d6c00000,0x00000000d6d00000)
  to   space 1536K, 0% used [0x00000000d6d80000,0x00000000d6d80000,0x00000000d6f00000)
 ParOldGen       total 68608K, used 20108K [0x0000000080000000, 0x0000000084300000, 0x00000000d5580000)
  object space 68608K, 29% used [0x0000000080000000,0x00000000813a3010,0x0000000084300000)
 Metaspace       used 34709K, committed 35840K, reserved 1114112K
  class space    used 3523K, committed 4032K, reserved 1048576K
}
Event: 3.327 GC heap before
{Heap before GC invocations=16 (full 2):
 PSYoungGen      total 23040K, used 22016K [0x00000000d5580000, 0x00000000d6f00000, 0x0000000100000000)
  eden space 22016K, 100% used [0x00000000d5580000,0x00000000d6b00000,0x00000000d6b00000)
  from space 1024K, 0% used [0x00000000d6c00000,0x00000000d6c00000,0x00000000d6d00000)
  to   space 1536K, 0% used [0x00000000d6d80000,0x00000000d6d80000,0x00000000d6f00000)
 ParOldGen       total 68608K, used 20108K [0x0000000080000000, 0x0000000084300000, 0x00000000d5580000)
  object space 68608K, 29% used [0x0000000080000000,0x00000000813a3010,0x0000000084300000)
 Metaspace       used 36102K, committed 37248K, reserved 1114112K
  class space    used 3675K, committed 4160K, reserved 1048576K
}
Event: 3.332 GC heap after
{Heap after GC invocations=16 (full 2):
 PSYoungGen      total 15360K, used 1504K [0x00000000d5580000, 0x00000000d8000000, 0x0000000100000000)
  eden space 13824K, 0% used [0x00000000d5580000,0x00000000d5580000,0x00000000d6300000)
  from space 1536K, 97% used [0x00000000d6d80000,0x00000000d6ef8378,0x00000000d6f00000)
  to   space 10752K, 0% used [0x00000000d6300000,0x00000000d6300000,0x00000000d6d80000)
 ParOldGen       total 68608K, used 27641K [0x0000000080000000, 0x0000000084300000, 0x00000000d5580000)
  object space 68608K, 40% used [0x0000000080000000,0x0000000081afe408,0x0000000084300000)
 Metaspace       used 36102K, committed 37248K, reserved 1114112K
  class space    used 3675K, committed 4160K, reserved 1048576K
}
Event: 3.445 GC heap before
{Heap before GC invocations=17 (full 2):
 PSYoungGen      total 15360K, used 15328K [0x00000000d5580000, 0x00000000d8000000, 0x0000000100000000)
  eden space 13824K, 100% used [0x00000000d5580000,0x00000000d6300000,0x00000000d6300000)
  from space 1536K, 97% used [0x00000000d6d80000,0x00000000d6ef8378,0x00000000d6f00000)
  to   space 10752K, 0% used [0x00000000d6300000,0x00000000d6300000,0x00000000d6d80000)
 ParOldGen       total 68608K, used 27641K [0x0000000080000000, 0x0000000084300000, 0x00000000d5580000)
  object space 68608K, 40% used [0x0000000080000000,0x0000000081afe408,0x0000000084300000)
 Metaspace       used 37415K, committed 38592K, reserved 1114112K
  class space    used 3851K, committed 4352K, reserved 1048576K
}
Event: 3.448 GC heap after
{Heap after GC invocations=17 (full 2):
 PSYoungGen      total 16384K, used 2192K [0x00000000d5580000, 0x00000000d6e00000, 0x0000000100000000)
  eden space 13824K, 0% used [0x00000000d5580000,0x00000000d5580000,0x00000000d6300000)
  from space 2560K, 85% used [0x00000000d6300000,0x00000000d6524010,0x00000000d6580000)
  to   space 5120K, 0% used [0x00000000d6900000,0x00000000d6900000,0x00000000d6e00000)
 ParOldGen       total 68608K, used 28953K [0x0000000080000000, 0x0000000084300000, 0x00000000d5580000)
  object space 68608K, 42% used [0x0000000080000000,0x0000000081c464e8,0x0000000084300000)
 Metaspace       used 37415K, committed 38592K, reserved 1114112K
  class space    used 3851K, committed 4352K, reserved 1048576K
}
Event: 3.592 GC heap before
{Heap before GC invocations=18 (full 2):
 PSYoungGen      total 16384K, used 16016K [0x00000000d5580000, 0x00000000d6e00000, 0x0000000100000000)
  eden space 13824K, 100% used [0x00000000d5580000,0x00000000d6300000,0x00000000d6300000)
  from space 2560K, 85% used [0x00000000d6300000,0x00000000d6524010,0x00000000d6580000)
  to   space 5120K, 0% used [0x00000000d6900000,0x00000000d6900000,0x00000000d6e00000)
 ParOldGen       total 68608K, used 28953K [0x0000000080000000, 0x0000000084300000, 0x00000000d5580000)
  object space 68608K, 42% used [0x0000000080000000,0x0000000081c464e8,0x0000000084300000)
 Metaspace       used 38828K, committed 40064K, reserved 1114112K
  class space    used 4065K, committed 4672K, reserved 1048576K
}
Event: 3.595 GC heap after
{Heap after GC invocations=18 (full 2):
 PSYoungGen      total 14848K, used 717K [0x00000000d5580000, 0x00000000d6a00000, 0x0000000100000000)
  eden space 13824K, 0% used [0x00000000d5580000,0x00000000d5580000,0x00000000d6300000)
  from space 1024K, 70% used [0x00000000d6900000,0x00000000d69b3670,0x00000000d6a00000)
  to   space 2048K, 0% used [0x00000000d6600000,0x00000000d6600000,0x00000000d6800000)
 ParOldGen       total 68608K, used 30922K [0x0000000080000000, 0x0000000084300000, 0x00000000d5580000)
  object space 68608K, 45% used [0x0000000080000000,0x0000000081e32b78,0x0000000084300000)
 Metaspace       used 38828K, committed 40064K, reserved 1114112K
  class space    used 4065K, committed 4672K, reserved 1048576K
}
Event: 3.745 GC heap before
{Heap before GC invocations=19 (full 2):
 PSYoungGen      total 14848K, used 14541K [0x00000000d5580000, 0x00000000d6a00000, 0x0000000100000000)
  eden space 13824K, 100% used [0x00000000d5580000,0x00000000d6300000,0x00000000d6300000)
  from space 1024K, 70% used [0x00000000d6900000,0x00000000d69b3670,0x00000000d6a00000)
  to   space 2048K, 0% used [0x00000000d6600000,0x00000000d6600000,0x00000000d6800000)
 ParOldGen       total 68608K, used 30922K [0x0000000080000000, 0x0000000084300000, 0x00000000d5580000)
  object space 68608K, 45% used [0x0000000080000000,0x0000000081e32b78,0x0000000084300000)
 Metaspace       used 39680K, committed 40960K, reserved 1114112K
  class space    used 4177K, committed 4736K, reserved 1048576K
}
Event: 3.746 GC heap after
{Heap after GC invocations=19 (full 2):
 PSYoungGen      total 15872K, used 656K [0x00000000d5580000, 0x00000000d6980000, 0x0000000100000000)
  eden space 13824K, 0% used [0x00000000d5580000,0x00000000d5580000,0x00000000d6300000)
  from space 2048K, 32% used [0x00000000d6600000,0x00000000d66a41d0,0x00000000d6800000)
  to   space 1024K, 0% used [0x00000000d6880000,0x00000000d6880000,0x00000000d6980000)
 ParOldGen       total 68608K, used 31298K [0x0000000080000000, 0x0000000084300000, 0x00000000d5580000)
  object space 68608K, 45% used [0x0000000080000000,0x0000000081e90b78,0x0000000084300000)
 Metaspace       used 39680K, committed 40960K, reserved 1114112K
  class space    used 4177K, committed 4736K, reserved 1048576K
}
Event: 3.859 GC heap before
{Heap before GC invocations=20 (full 2):
 PSYoungGen      total 15872K, used 14480K [0x00000000d5580000, 0x00000000d6980000, 0x0000000100000000)
  eden space 13824K, 100% used [0x00000000d5580000,0x00000000d6300000,0x00000000d6300000)
  from space 2048K, 32% used [0x00000000d6600000,0x00000000d66a41d0,0x00000000d6800000)
  to   space 1024K, 0% used [0x00000000d6880000,0x00000000d6880000,0x00000000d6980000)
 ParOldGen       total 68608K, used 31298K [0x0000000080000000, 0x0000000084300000, 0x00000000d5580000)
  object space 68608K, 45% used [0x0000000080000000,0x0000000081e90b78,0x0000000084300000)
 Metaspace       used 40991K, committed 42240K, reserved 1114112K
  class space    used 4346K, committed 4928K, reserved 1048576K
}
Event: 3.861 GC heap after
{Heap after GC invocations=20 (full 2):
 PSYoungGen      total 14848K, used 640K [0x00000000d5580000, 0x00000000d6980000, 0x0000000100000000)
  eden space 13824K, 0% used [0x00000000d5580000,0x00000000d5580000,0x00000000d6300000)
  from space 1024K, 62% used [0x00000000d6880000,0x00000000d6920000,0x00000000d6980000)
  to   space 1024K, 0% used [0x00000000d6780000,0x00000000d6780000,0x00000000d6880000)
 ParOldGen       total 68608K, used 31634K [0x0000000080000000, 0x0000000084300000, 0x00000000d5580000)
  object space 68608K, 46% used [0x0000000080000000,0x0000000081ee4b78,0x0000000084300000)
 Metaspace       used 40991K, committed 42240K, reserved 1114112K
  class space    used 4346K, committed 4928K, reserved 1048576K
}
Event: 3.987 GC heap before
{Heap before GC invocations=21 (full 2):
 PSYoungGen      total 14848K, used 14464K [0x00000000d5580000, 0x00000000d6980000, 0x0000000100000000)
  eden space 13824K, 100% used [0x00000000d5580000,0x00000000d6300000,0x00000000d6300000)
  from space 1024K, 62% used [0x00000000d6880000,0x00000000d6920000,0x00000000d6980000)
  to   space 1024K, 0% used [0x00000000d6780000,0x00000000d6780000,0x00000000d6880000)
 ParOldGen       total 68608K, used 31634K [0x0000000080000000, 0x0000000084300000, 0x00000000d5580000)
  object space 68608K, 46% used [0x0000000080000000,0x0000000081ee4b78,0x0000000084300000)
 Metaspace       used 42620K, committed 43840K, reserved 1114112K
  class space    used 4558K, committed 5120K, reserved 1048576K
}
Event: 3.988 GC heap after
{Heap after GC invocations=21 (full 2):
 PSYoungGen      total 14848K, used 864K [0x00000000d5580000, 0x00000000d6900000, 0x0000000100000000)
  eden space 13824K, 0% used [0x00000000d5580000,0x00000000d5580000,0x00000000d6300000)
  from space 1024K, 84% used [0x00000000d6780000,0x00000000d6858000,0x00000000d6880000)
  to   space 512K, 0% used [0x00000000d6880000,0x00000000d6880000,0x00000000d6900000)
 ParOldGen       total 68608K, used 32026K [0x0000000080000000, 0x0000000084300000, 0x00000000d5580000)
  object space 68608K, 46% used [0x0000000080000000,0x0000000081f46b78,0x0000000084300000)
 Metaspace       used 42620K, committed 43840K, reserved 1114112K
  class space    used 4558K, committed 5120K, reserved 1048576K
}

Dll operation events (10 events):
Event: 0.008 Loaded shared library c:\Users\Amen\.vscode\extensions\redhat.java-1.44.0-win32-x64\jre\21.0.8-win32-x86_64\bin\java.dll
Event: 0.055 Loaded shared library c:\Users\Amen\.vscode\extensions\redhat.java-1.44.0-win32-x64\jre\21.0.8-win32-x86_64\bin\zip.dll
Event: 0.069 Loaded shared library C:\Users\Amen\.vscode\extensions\redhat.java-1.44.0-win32-x64\jre\21.0.8-win32-x86_64\bin\instrument.dll
Event: 0.073 Loaded shared library C:\Users\Amen\.vscode\extensions\redhat.java-1.44.0-win32-x64\jre\21.0.8-win32-x86_64\bin\net.dll
Event: 0.075 Loaded shared library C:\Users\Amen\.vscode\extensions\redhat.java-1.44.0-win32-x64\jre\21.0.8-win32-x86_64\bin\nio.dll
Event: 0.077 Loaded shared library C:\Users\Amen\.vscode\extensions\redhat.java-1.44.0-win32-x64\jre\21.0.8-win32-x86_64\bin\zip.dll
Event: 0.089 Loaded shared library C:\Users\Amen\.vscode\extensions\redhat.java-1.44.0-win32-x64\jre\21.0.8-win32-x86_64\bin\jimage.dll
Event: 0.140 Loaded shared library c:\Users\Amen\.vscode\extensions\redhat.java-1.44.0-win32-x64\jre\21.0.8-win32-x86_64\bin\verify.dll
Event: 0.882 Loaded shared library C:\Users\Amen\AppData\Roaming\Code\User\globalStorage\redhat.java\1.44.0\config_win\org.eclipse.equinox.launcher\org.eclipse.equinox.launcher.win32.win32.x86_64_1.2.1400.v20250730-1736\eclipse_11913.dll
Event: 1.885 Loaded shared library C:\Users\Amen\AppData\Local\Temp\jna-2044405\jna9451315538254308671.dll

Deoptimization events (20 events):
Event: 4.043 Thread 0x000001d94559dad0 Uncommon trap: trap_request=0xffffffde fr.pc=0x000001d96fc47fbc relative=0x000000000000061c
Event: 4.043 Thread 0x000001d94559dad0 Uncommon trap: reason=class_check action=maybe_recompile pc=0x000001d96fc47fbc method=java.util.TreeMap.put(Ljava/lang/Object;Ljava/lang/Object;Z)Ljava/lang/Object; @ 118 c2
Event: 4.043 Thread 0x000001d94559dad0 DEOPT PACKING pc=0x000001d96fc47fbc sp=0x0000006d02ffdfa0
Event: 4.043 Thread 0x000001d94559dad0 DEOPT UNPACKING pc=0x000001d96f313aa2 sp=0x0000006d02ffdf30 mode 2
Event: 4.043 Thread 0x000001d94559dad0 Uncommon trap: trap_request=0xffffffde fr.pc=0x000001d96fc47fbc relative=0x000000000000061c
Event: 4.043 Thread 0x000001d94559dad0 Uncommon trap: reason=class_check action=maybe_recompile pc=0x000001d96fc47fbc method=java.util.TreeMap.put(Ljava/lang/Object;Ljava/lang/Object;Z)Ljava/lang/Object; @ 118 c2
Event: 4.043 Thread 0x000001d94559dad0 DEOPT PACKING pc=0x000001d96fc47fbc sp=0x0000006d02ffdfa0
Event: 4.043 Thread 0x000001d94559dad0 DEOPT UNPACKING pc=0x000001d96f313aa2 sp=0x0000006d02ffdf30 mode 2
Event: 4.056 Thread 0x000001d94559dad0 Uncommon trap: trap_request=0xfffffff4 fr.pc=0x000001d96faffc18 relative=0x0000000000000358
Event: 4.056 Thread 0x000001d94559dad0 Uncommon trap: reason=null_check action=make_not_entrant pc=0x000001d96faffc18 method=sun.invoke.util.VerifyType.isNullConversion(Ljava/lang/Class;Ljava/lang/Class;Z)Z @ 67 c2
Event: 4.056 Thread 0x000001d94559dad0 DEOPT PACKING pc=0x000001d96faffc18 sp=0x0000006d02ffc990
Event: 4.056 Thread 0x000001d94559dad0 DEOPT UNPACKING pc=0x000001d96f313aa2 sp=0x0000006d02ffc910 mode 2
Event: 4.058 Thread 0x000001d94559dad0 Uncommon trap: trap_request=0xffffff45 fr.pc=0x000001d96fb69f84 relative=0x00000000000002a4
Event: 4.058 Thread 0x000001d94559dad0 Uncommon trap: reason=unstable_if action=reinterpret pc=0x000001d96fb69f84 method=java.lang.ClassLoader.checkName(Ljava/lang/String;)Z @ 1 c2
Event: 4.058 Thread 0x000001d94559dad0 DEOPT PACKING pc=0x000001d96fb69f84 sp=0x0000006d02ffdd70
Event: 4.058 Thread 0x000001d94559dad0 DEOPT UNPACKING pc=0x000001d96f313aa2 sp=0x0000006d02ffdd08 mode 2
Event: 4.058 Thread 0x000001d94559dad0 Uncommon trap: trap_request=0xffffff45 fr.pc=0x000001d96fac47c8 relative=0x0000000000000f88
Event: 4.058 Thread 0x000001d94559dad0 Uncommon trap: reason=unstable_if action=reinterpret pc=0x000001d96fac47c8 method=lombok.patcher.ScriptManager$OurClassFileTransformer.transform(Ljava/lang/ClassLoader;Ljava/lang/String;Ljava/lang/Class;Ljava/security/ProtectionDomain;[B)[B @ 1 c2
Event: 4.058 Thread 0x000001d94559dad0 DEOPT PACKING pc=0x000001d96fac47c8 sp=0x0000006d02ffc9c0
Event: 4.058 Thread 0x000001d94559dad0 DEOPT UNPACKING pc=0x000001d96f313aa2 sp=0x0000006d02ffc940 mode 2

Classes loaded (20 events):
Event: 3.571 Loading class java/lang/foreign/MemorySegment
Event: 3.572 Loading class java/lang/foreign/MemorySegment done
Event: 3.797 Loading class sun/reflect/annotation/AnnotatedTypeFactory$AnnotatedParameterizedTypeImpl
Event: 3.797 Loading class java/lang/reflect/AnnotatedParameterizedType
Event: 3.797 Loading class java/lang/reflect/AnnotatedParameterizedType done
Event: 3.797 Loading class sun/reflect/annotation/AnnotatedTypeFactory$AnnotatedParameterizedTypeImpl done
Event: 3.907 Loading class java/util/concurrent/CompletionService
Event: 3.907 Loading class java/util/concurrent/CompletionService done
Event: 3.917 Loading class sun/reflect/generics/scope/ConstructorScope
Event: 3.917 Loading class sun/reflect/generics/scope/ConstructorScope done
Event: 3.917 Loading class sun/reflect/generics/tree/VoidDescriptor
Event: 3.918 Loading class sun/reflect/generics/tree/VoidDescriptor done
Event: 3.959 Loading class java/nio/channels/ServerSocketChannel
Event: 3.959 Loading class java/nio/channels/ServerSocketChannel done
Event: 4.039 Loading class java/lang/ExceptionInInitializerError
Event: 4.039 Loading class java/lang/ExceptionInInitializerError done
Event: 4.039 Loading class sun/misc/Unsafe
Event: 4.040 Loading class sun/misc/Unsafe done
Event: 4.057 Loading class jdk/internal/org/objectweb/asm/ClassReader
Event: 4.058 Loading class jdk/internal/org/objectweb/asm/ClassReader done

Classes unloaded (7 events):
Event: 2.218 Thread 0x000001d962fae7a0 Unloading class 0x000001d9011ab800 'java/lang/invoke/LambdaForm$MH+0x000001d9011ab800'
Event: 2.218 Thread 0x000001d962fae7a0 Unloading class 0x000001d9011ab400 'java/lang/invoke/LambdaForm$MH+0x000001d9011ab400'
Event: 2.218 Thread 0x000001d962fae7a0 Unloading class 0x000001d9011ab000 'java/lang/invoke/LambdaForm$MH+0x000001d9011ab000'
Event: 2.218 Thread 0x000001d962fae7a0 Unloading class 0x000001d9011aac00 'java/lang/invoke/LambdaForm$MH+0x000001d9011aac00'
Event: 2.218 Thread 0x000001d962fae7a0 Unloading class 0x000001d9011aa800 'java/lang/invoke/LambdaForm$BMH+0x000001d9011aa800'
Event: 2.218 Thread 0x000001d962fae7a0 Unloading class 0x000001d9011aa400 'java/lang/invoke/LambdaForm$DMH+0x000001d9011aa400'
Event: 2.218 Thread 0x000001d962fae7a0 Unloading class 0x000001d9011a9000 'java/lang/invoke/LambdaForm$DMH+0x000001d9011a9000'

Classes redefined (0 events):
No events

Internal exceptions (20 events):
Event: 3.159 Thread 0x000001d94559d440 Exception <a 'java/lang/NoSuchMethodError'{0x00000000d58c1450}: 'java.lang.Object java.lang.invoke.Invokers$Holder.linkToTargetMethod(java.lang.Object, java.lang.Object, int, java.lang.Object)'> (0x00000000d58c1450) 
thrown [s\src\hotspot\share\interpreter\linkResolver.cpp, line 773]
Event: 3.160 Thread 0x000001d94559d440 Exception <a 'java/lang/NoSuchMethodError'{0x00000000d58dd598}: 'void java.lang.invoke.DirectMethodHandle$Holder.invokeStaticInit(java.lang.Object, java.lang.Object, java.lang.Object)'> (0x00000000d58dd598) 
thrown [s\src\hotspot\share\interpreter\linkResolver.cpp, line 773]
Event: 3.169 Thread 0x000001d96355d810 Exception <a 'java/lang/NoSuchMethodError'{0x00000000d59f48b8}: 'void java.lang.invoke.DirectMethodHandle$Holder.invokeSpecial(java.lang.Object, java.lang.Object, java.lang.Object, java.lang.Object, java.lang.Object, java.lang.Object)'> (0x00000000d59f48b8) 
thrown [s\src\hotspot\share\interpreter\linkResolver.cpp, line 773]
Event: 3.170 Thread 0x000001d96355d810 Exception <a 'java/lang/IncompatibleClassChangeError'{0x00000000d59fcc78}: Found class java.lang.Object, but interface was expected> (0x00000000d59fcc78) 
thrown [s\src\hotspot\share\interpreter\linkResolver.cpp, line 840]
Event: 3.171 Thread 0x000001d96355d810 Exception <a 'java/lang/IncompatibleClassChangeError'{0x00000000d59fea68}: Found class java.lang.Object, but interface was expected> (0x00000000d59fea68) 
thrown [s\src\hotspot\share\interpreter\linkResolver.cpp, line 840]
Event: 3.256 Thread 0x000001d94559d440 Exception <a 'java/io/FileNotFoundException'{0x00000000d602a208}> (0x00000000d602a208) 
thrown [s\src\hotspot\share\prims\jni.cpp, line 520]
Event: 3.256 Thread 0x000001d94559d440 Exception <a 'java/io/FileNotFoundException'{0x00000000d602b320}> (0x00000000d602b320) 
thrown [s\src\hotspot\share\prims\jni.cpp, line 520]
Event: 3.364 Thread 0x000001d94559dad0 Exception <a 'java/lang/NoSuchMethodError'{0x00000000d5ad24a0}: 'java.lang.Object java.lang.invoke.DirectMethodHandle$Holder.invokeSpecialIFC(java.lang.Object, java.lang.Object, java.lang.Object, java.lang.Object)'> (0x00000000d5ad24a0) 
thrown [s\src\hotspot\share\interpreter\linkResolver.cpp, line 773]
Event: 3.380 Thread 0x000001d9476d62d0 Exception <a 'java/io/FileNotFoundException'{0x00000000d5c7c1f0}> (0x00000000d5c7c1f0) 
thrown [s\src\hotspot\share\prims\jni.cpp, line 520]
Event: 3.408 Thread 0x000001d9476d62d0 Exception <a 'java/lang/NoSuchMethodError'{0x00000000d5ef7cc0}: 'java.lang.Object java.lang.invoke.DirectMethodHandle$Holder.invokeStatic(java.lang.Object, int, java.lang.Object, java.lang.Object)'> (0x00000000d5ef7cc0) 
thrown [s\src\hotspot\share\interpreter\linkResolver.cpp, line 773]
Event: 3.408 Thread 0x000001d9476d62d0 Exception <a 'java/lang/NoSuchMethodError'{0x00000000d5eff180}: 'java.lang.Object java.lang.invoke.DelegatingMethodHandle$Holder.delegate(java.lang.Object, int, java.lang.Object, java.lang.Object)'> (0x00000000d5eff180) 
thrown [s\src\hotspot\share\interpreter\linkResolver.cpp, line 773]
Event: 3.409 Thread 0x000001d9476d62d0 Implicit null exception at 0x000001d96fbdd076 to 0x000001d96fbdd398
Event: 3.411 Thread 0x000001d9476d62d0 Exception <a 'java/lang/NoSuchMethodError'{0x00000000d5f2b0d0}: 'int java.lang.invoke.Invokers$Holder.linkToTargetMethod(java.lang.Object, java.lang.Object, java.lang.Object)'> (0x00000000d5f2b0d0) 
thrown [s\src\hotspot\share\interpreter\linkResolver.cpp, line 773]
Event: 3.532 Thread 0x000001d948571e30 Exception <a 'java/lang/NoSuchMethodError'{0x00000000d5d383f0}: 'int java.lang.invoke.DirectMethodHandle$Holder.invokeSpecialIFC(java.lang.Object, java.lang.Object, java.lang.Object, java.lang.Object)'> (0x00000000d5d383f0) 
thrown [s\src\hotspot\share\interpreter\linkResolver.cpp, line 773]
Event: 3.553 Thread 0x000001d94559dad0 Exception <a 'java/lang/NoClassDefFoundError'{0x00000000d5efe858}: javax/enterprise/inject/Typed> (0x00000000d5efe858) 
thrown [s\src\hotspot\share\classfile\systemDictionary.cpp, line 301]
Event: 4.040 Thread 0x000001d94559dad0 Exception <a 'java/lang/ExceptionInInitializerError'{0x00000000d5b23098}> (0x00000000d5b23098) 
thrown [s\src\hotspot\share\oops\instanceKlass.cpp, line 1220]
Event: 4.056 Thread 0x000001d94559dad0 Implicit null exception at 0x000001d96faff983 to 0x000001d96faffc04
Event: 4.058 Thread 0x000001d94559dad0 Implicit null exception at 0x000001d96fb69cfe to 0x000001d96fb69f70
Event: 4.058 Thread 0x000001d94559dad0 Implicit null exception at 0x000001d96fac389c to 0x000001d96fac47b8
Event: 4.059 Thread 0x000001d94559dad0 Exception <a 'java/lang/NoSuchMethodError'{0x00000000d5cd71e0}: 'java.lang.Object java.lang.invoke.Invokers$Holder.invokeExact_MT(java.lang.Object, int, java.lang.Object)'> (0x00000000d5cd71e0) 
thrown [s\src\hotspot\share\interpreter\linkResolver.cpp, line 773]

ZGC Phase Switch (0 events):
No events

VM Operations (20 events):
Event: 3.369 Executing VM operation: HandshakeAllThreads (Deoptimize)
Event: 3.369 Executing VM operation: HandshakeAllThreads (Deoptimize) done
Event: 3.445 Executing VM operation: ParallelGCFailedAllocation (Allocation Failure)
Event: 3.448 Executing VM operation: ParallelGCFailedAllocation (Allocation Failure) done
Event: 3.547 Executing VM operation: HandshakeAllThreads (Deoptimize)
Event: 3.547 Executing VM operation: HandshakeAllThreads (Deoptimize) done
Event: 3.591 Executing VM operation: ParallelGCFailedAllocation (Allocation Failure)
Event: 3.595 Executing VM operation: ParallelGCFailedAllocation (Allocation Failure) done
Event: 3.745 Executing VM operation: ParallelGCFailedAllocation (Allocation Failure)
Event: 3.746 Executing VM operation: ParallelGCFailedAllocation (Allocation Failure) done
Event: 3.823 Executing VM operation: HandshakeAllThreads (Deoptimize)
Event: 3.823 Executing VM operation: HandshakeAllThreads (Deoptimize) done
Event: 3.859 Executing VM operation: ParallelGCFailedAllocation (Allocation Failure)
Event: 3.861 Executing VM operation: ParallelGCFailedAllocation (Allocation Failure) done
Event: 3.931 Executing VM operation: HandshakeAllThreads (Deoptimize)
Event: 3.931 Executing VM operation: HandshakeAllThreads (Deoptimize) done
Event: 3.987 Executing VM operation: ParallelGCFailedAllocation (Allocation Failure)
Event: 3.988 Executing VM operation: ParallelGCFailedAllocation (Allocation Failure) done
Event: 4.085 Executing VM operation: HandshakeAllThreads (Deoptimize)
Event: 4.085 Executing VM operation: HandshakeAllThreads (Deoptimize) done

Memory protections (0 events):
No events

Nmethod flushes (20 events):
Event: 3.113 Thread 0x000001d962fae7a0 flushing  nmethod 0x000001d96858fd10
Event: 3.113 Thread 0x000001d962fae7a0 flushing  nmethod 0x000001d968591f90
Event: 3.113 Thread 0x000001d962fae7a0 flushing  nmethod 0x000001d9685b3b10
Event: 3.113 Thread 0x000001d962fae7a0 flushing  nmethod 0x000001d9685bc210
Event: 3.113 Thread 0x000001d962fae7a0 flushing  nmethod 0x000001d9685bcb10
Event: 3.113 Thread 0x000001d962fae7a0 flushing  nmethod 0x000001d9685bdd10
Event: 3.113 Thread 0x000001d962fae7a0 flushing  nmethod 0x000001d9685be510
Event: 3.113 Thread 0x000001d962fae7a0 flushing  nmethod 0x000001d9685c0210
Event: 3.113 Thread 0x000001d962fae7a0 flushing  nmethod 0x000001d9685c0710
Event: 3.113 Thread 0x000001d962fae7a0 flushing  nmethod 0x000001d9685c1410
Event: 3.113 Thread 0x000001d962fae7a0 flushing  nmethod 0x000001d9685c2410
Event: 3.113 Thread 0x000001d962fae7a0 flushing  nmethod 0x000001d9685c4d90
Event: 3.113 Thread 0x000001d962fae7a0 flushing  nmethod 0x000001d9685c6810
Event: 3.113 Thread 0x000001d962fae7a0 flushing  nmethod 0x000001d968610890
Event: 3.113 Thread 0x000001d962fae7a0 flushing  nmethod 0x000001d968612590
Event: 3.113 Thread 0x000001d962fae7a0 flushing  nmethod 0x000001d96861b910
Event: 3.113 Thread 0x000001d962fae7a0 flushing  nmethod 0x000001d968637290
Event: 3.113 Thread 0x000001d962fae7a0 flushing  nmethod 0x000001d9686c5490
Event: 3.113 Thread 0x000001d962fae7a0 flushing  nmethod 0x000001d9686ef690
Event: 3.113 Thread 0x000001d962fae7a0 flushing  nmethod 0x000001d968700f10

Events (20 events):
Event: 2.993 Thread 0x000001d97d4baed0 Thread added: 0x000001d94572f960
Event: 3.193 Thread 0x000001d96355d810 Thread added: 0x000001d9476d5c40
Event: 3.193 Thread 0x000001d96355d810 Thread added: 0x000001d9476d62d0
Event: 3.261 Thread 0x000001d94559d440 Thread added: 0x000001d9476d6960
Event: 3.261 Thread 0x000001d94559d440 Thread added: 0x000001d94856c250
Event: 3.261 Thread 0x000001d9476d6960 Thread added: 0x000001d94856d600
Event: 3.262 Thread 0x000001d94856c250 Thread added: 0x000001d94856e9b0
Event: 3.262 Thread 0x000001d94856d600 Thread added: 0x000001d94856e320
Event: 3.262 Thread 0x000001d94856e9b0 Thread added: 0x000001d94856f040
Event: 3.262 Thread 0x000001d94856e320 Thread added: 0x000001d94856bbc0
Event: 3.263 Thread 0x000001d94856f040 Thread added: 0x000001d94856dc90
Event: 3.263 Thread 0x000001d94856bbc0 Thread added: 0x000001d94856c8e0
Event: 3.264 Thread 0x000001d94856dc90 Thread added: 0x000001d94856f6d0
Event: 3.264 Thread 0x000001d94856c8e0 Thread added: 0x000001d9485703f0
Event: 3.265 Thread 0x000001d94856f6d0 Thread added: 0x000001d94856fd60
Event: 3.265 Thread 0x000001d9485703f0 Thread added: 0x000001d94856cf70
Event: 3.266 Thread 0x000001d94856fd60 Thread added: 0x000001d9485731e0
Event: 3.266 Thread 0x000001d94856cf70 Thread added: 0x000001d9485717a0
Event: 3.312 Thread 0x000001d94559dad0 Thread added: 0x000001d948571e30
Event: 4.030 Thread 0x000001d94572f960 Thread exited: 0x000001d94572f960


Dynamic libraries:
0x00007ff631ea0000 - 0x00007ff631eae000 	c:\Users\Amen\.vscode\extensions\redhat.java-1.44.0-win32-x64\jre\21.0.8-win32-x86_64\bin\java.exe
0x00007ffcaf300000 - 0x00007ffcaf568000 	C:\WINDOWS\SYSTEM32\ntdll.dll
0x00007ffcae9c0000 - 0x00007ffcaea89000 	C:\WINDOWS\System32\KERNEL32.DLL
0x00007ffcacb70000 - 0x00007ffcacf5d000 	C:\WINDOWS\System32\KERNELBASE.dll
0x00007ffcaca20000 - 0x00007ffcacb6b000 	C:\WINDOWS\System32\ucrtbase.dll
0x00007ffc9b990000 - 0x00007ffc9b9ae000 	c:\Users\Amen\.vscode\extensions\redhat.java-1.44.0-win32-x64\jre\21.0.8-win32-x86_64\bin\VCRUNTIME140.dll
0x00007ffca02c0000 - 0x00007ffca02d8000 	c:\Users\Amen\.vscode\extensions\redhat.java-1.44.0-win32-x64\jre\21.0.8-win32-x86_64\bin\jli.dll
0x00007ffcaedf0000 - 0x00007ffcaefbc000 	C:\WINDOWS\System32\USER32.dll
0x00007ffcac9f0000 - 0x00007ffcaca17000 	C:\WINDOWS\System32\win32u.dll
0x00007ffcaeb40000 - 0x00007ffcaeb6b000 	C:\WINDOWS\System32\GDI32.dll
0x00007ffc93e40000 - 0x00007ffc940da000 	C:\WINDOWS\WinSxS\amd64_microsoft.windows.common-controls_6595b64144ccf1df_6.0.26100.4484_none_3e0e6d4ce32ef3b3\COMCTL32.dll
0x00007ffcacf60000 - 0x00007ffcad097000 	C:\WINDOWS\System32\gdi32full.dll
0x00007ffcaed20000 - 0x00007ffcaedc9000 	C:\WINDOWS\System32\msvcrt.dll
0x00007ffcac660000 - 0x00007ffcac703000 	C:\WINDOWS\System32\msvcp_win.dll
0x00007ffcad0a0000 - 0x00007ffcad0cf000 	C:\WINDOWS\System32\IMM32.DLL
0x00007ffc9b850000 - 0x00007ffc9b85c000 	c:\Users\Amen\.vscode\extensions\redhat.java-1.44.0-win32-x64\jre\21.0.8-win32-x86_64\bin\vcruntime140_1.dll
0x00007ffc5f2d0000 - 0x00007ffc5f35d000 	c:\Users\Amen\.vscode\extensions\redhat.java-1.44.0-win32-x64\jre\21.0.8-win32-x86_64\bin\msvcp140.dll
0x00007ffc29540000 - 0x00007ffc2a2d7000 	c:\Users\Amen\.vscode\extensions\redhat.java-1.44.0-win32-x64\jre\21.0.8-win32-x86_64\bin\server\jvm.dll
0x00007ffcadda0000 - 0x00007ffcade54000 	C:\WINDOWS\System32\ADVAPI32.dll
0x00007ffcaebf0000 - 0x00007ffcaec96000 	C:\WINDOWS\System32\sechost.dll
0x00007ffcae010000 - 0x00007ffcae128000 	C:\WINDOWS\System32\RPCRT4.dll
0x00007ffcadd20000 - 0x00007ffcadd94000 	C:\WINDOWS\System32\WS2_32.dll
0x00007ffca06d0000 - 0x00007ffca0705000 	C:\WINDOWS\SYSTEM32\WINMM.dll
0x00007ffcac2a0000 - 0x00007ffcac2fe000 	C:\WINDOWS\SYSTEM32\POWRPROF.dll
0x00007ffc99840000 - 0x00007ffc9984b000 	C:\WINDOWS\SYSTEM32\VERSION.dll
0x00007ffcac280000 - 0x00007ffcac294000 	C:\WINDOWS\SYSTEM32\UMPDC.dll
0x00007ffcab1f0000 - 0x00007ffcab20b000 	C:\WINDOWS\SYSTEM32\kernel.appcore.dll
0x00007ffc9b7c0000 - 0x00007ffc9b7ca000 	c:\Users\Amen\.vscode\extensions\redhat.java-1.44.0-win32-x64\jre\21.0.8-win32-x86_64\bin\jimage.dll
0x00007ffca9700000 - 0x00007ffca9941000 	C:\WINDOWS\SYSTEM32\DBGHELP.DLL
0x00007ffcae620000 - 0x00007ffcae9a6000 	C:\WINDOWS\System32\combase.dll
0x00007ffcaf180000 - 0x00007ffcaf260000 	C:\WINDOWS\System32\OLEAUT32.dll
0x00007ffc85fc0000 - 0x00007ffc86003000 	C:\WINDOWS\SYSTEM32\dbgcore.DLL
0x00007ffcac950000 - 0x00007ffcac9e9000 	C:\WINDOWS\System32\bcryptPrimitives.dll
0x00007ffc86200000 - 0x00007ffc8620f000 	c:\Users\Amen\.vscode\extensions\redhat.java-1.44.0-win32-x64\jre\21.0.8-win32-x86_64\bin\instrument.dll
0x00007ffc7fb20000 - 0x00007ffc7fb3f000 	c:\Users\Amen\.vscode\extensions\redhat.java-1.44.0-win32-x64\jre\21.0.8-win32-x86_64\bin\java.dll
0x00007ffcad0e0000 - 0x00007ffcad82a000 	C:\WINDOWS\System32\SHELL32.dll
0x00007ffcac7d0000 - 0x00007ffcac944000 	C:\WINDOWS\System32\wintypes.dll
0x00007ffcaa0b0000 - 0x00007ffcaa90b000 	C:\WINDOWS\SYSTEM32\windows.storage.dll
0x00007ffcada40000 - 0x00007ffcadb35000 	C:\WINDOWS\System32\SHCORE.dll
0x00007ffcad830000 - 0x00007ffcad89a000 	C:\WINDOWS\System32\shlwapi.dll
0x00007ffcac360000 - 0x00007ffcac38f000 	C:\WINDOWS\SYSTEM32\profapi.dll
0x00007ffc75be0000 - 0x00007ffc75bf8000 	c:\Users\Amen\.vscode\extensions\redhat.java-1.44.0-win32-x64\jre\21.0.8-win32-x86_64\bin\zip.dll
0x00007ffc861f0000 - 0x00007ffc86200000 	C:\Users\Amen\.vscode\extensions\redhat.java-1.44.0-win32-x64\jre\21.0.8-win32-x86_64\bin\net.dll
0x00007ffca56a0000 - 0x00007ffca57be000 	C:\WINDOWS\SYSTEM32\WINHTTP.dll
0x00007ffcab780000 - 0x00007ffcab7ea000 	C:\WINDOWS\system32\mswsock.dll
0x00007ffc75bc0000 - 0x00007ffc75bd6000 	C:\Users\Amen\.vscode\extensions\redhat.java-1.44.0-win32-x64\jre\21.0.8-win32-x86_64\bin\nio.dll
0x00007ffc856b0000 - 0x00007ffc856c0000 	c:\Users\Amen\.vscode\extensions\redhat.java-1.44.0-win32-x64\jre\21.0.8-win32-x86_64\bin\verify.dll
0x00007ffc5b830000 - 0x00007ffc5b875000 	C:\Users\Amen\AppData\Roaming\Code\User\globalStorage\redhat.java\1.44.0\config_win\org.eclipse.equinox.launcher\org.eclipse.equinox.launcher.win32.win32.x86_64_1.2.1400.v20250730-1736\eclipse_11913.dll
0x00007ffcade60000 - 0x00007ffcadffe000 	C:\WINDOWS\System32\ole32.dll
0x00007ffcaba40000 - 0x00007ffcaba5b000 	C:\WINDOWS\SYSTEM32\CRYPTSP.dll
0x00007ffcab150000 - 0x00007ffcab18b000 	C:\WINDOWS\system32\rsaenh.dll
0x00007ffcab820000 - 0x00007ffcab84b000 	C:\WINDOWS\SYSTEM32\USERENV.dll
0x00007ffcac330000 - 0x00007ffcac356000 	C:\WINDOWS\SYSTEM32\bcrypt.dll
0x00007ffcaba30000 - 0x00007ffcaba3c000 	C:\WINDOWS\SYSTEM32\CRYPTBASE.dll
0x00007ffcaacd0000 - 0x00007ffcaad03000 	C:\WINDOWS\SYSTEM32\IPHLPAPI.DLL
0x00007ffcae9b0000 - 0x00007ffcae9ba000 	C:\WINDOWS\System32\NSI.dll
0x00007ffc5ac30000 - 0x00007ffc5ac79000 	C:\Users\Amen\AppData\Local\Temp\jna-2044405\jna9451315538254308671.dll
0x00007ffcad8a0000 - 0x00007ffcad8a8000 	C:\WINDOWS\System32\PSAPI.DLL
0x00007ffca6020000 - 0x00007ffca603f000 	C:\WINDOWS\SYSTEM32\dhcpcsvc6.DLL
0x00007ffca5fe0000 - 0x00007ffca6005000 	C:\WINDOWS\SYSTEM32\dhcpcsvc.DLL

JVMTI agents:
c:\Users\Amen\.vscode\extensions\redhat.java-1.44.0-win32-x64\lombok\lombok-1.18.39-4050.jar path:c:\Users\Amen\.vscode\extensions\redhat.java-1.44.0-win32-x64\jre\21.0.8-win32-x86_64\bin\instrument.dll, loaded, initialized, instrumentlib options:none

dbghelp: loaded successfully - version: 4.0.5 - missing functions: none
symbol engine: initialized successfully - sym options: 0x614 - pdb path: .;c:\Users\Amen\.vscode\extensions\redhat.java-1.44.0-win32-x64\jre\21.0.8-win32-x86_64\bin;C:\WINDOWS\SYSTEM32;C:\WINDOWS\WinSxS\amd64_microsoft.windows.common-controls_6595b64144ccf1df_6.0.26100.4484_none_3e0e6d4ce32ef3b3;c:\Users\Amen\.vscode\extensions\redhat.java-1.44.0-win32-x64\jre\21.0.8-win32-x86_64\bin\server;C:\Users\Amen\AppData\Roaming\Code\User\globalStorage\redhat.java\1.44.0\config_win\org.eclipse.equinox.launcher\org.eclipse.equinox.launcher.win32.win32.x86_64_1.2.1400.v20250730-1736;C:\Users\Amen\AppData\Local\Temp\jna-2044405

VM Arguments:
jvm_args: --add-modules=ALL-SYSTEM --add-opens=java.base/java.util=ALL-UNNAMED --add-opens=java.base/java.lang=ALL-UNNAMED --add-opens=java.base/sun.nio.fs=ALL-UNNAMED -Declipse.application=org.eclipse.jdt.ls.core.id1 -Dosgi.bundles.defaultStartLevel=4 -Declipse.product=org.eclipse.jdt.ls.core.product -Djava.import.generatesMetadataFilesAtProjectRoot=false -DDetectVMInstallationsJob.disabled=true -Dfile.encoding=utf8 -XX:+UseParallelGC -XX:GCTimeRatio=4 -XX:AdaptiveSizePolicyWeight=90 -Dsun.zip.disableMemoryMapping=true -Xmx2G -Xms100m -Xlog:disable -javaagent:c:\Users\Amen\.vscode\extensions\redhat.java-1.44.0-win32-x64\lombok\lombok-1.18.39-4050.jar -XX:+HeapDumpOnOutOfMemoryError -XX:HeapDumpPath=c:\Users\Amen\AppData\Roaming\Code\User\workspaceStorage\7008674b88c08343105e105653bc181d\redhat.java -Daether.dependencyCollector.impl=bf 
java_command: c:\Users\Amen\.vscode\extensions\redhat.java-1.44.0-win32-x64\server\plugins\org.eclipse.equinox.launcher_1.7.0.v20250519-0528.jar -configuration c:\Users\Amen\AppData\Roaming\Code\User\globalStorage\redhat.java\1.44.0\config_win -data c:\Users\Amen\AppData\Roaming\Code\User\workspaceStorage\7008674b88c08343105e105653bc181d\redhat.java\jdt_ws --pipe=\\.\pipe\lsp-2a501b6c53ee09c53c7741f5ee83f8f2-sock
java_class_path (initial): c:\Users\Amen\.vscode\extensions\redhat.java-1.44.0-win32-x64\server\plugins\org.eclipse.equinox.launcher_1.7.0.v20250519-0528.jar
Launcher Type: SUN_STANDARD

[Global flags]
    uintx AdaptiveSizePolicyWeight                 = 90                                        {product} {command line}
     intx CICompilerCount                          = 12                                        {product} {ergonomic}
    uintx GCTimeRatio                              = 4                                         {product} {command line}
     bool HeapDumpOnOutOfMemoryError               = true                                   {manageable} {command line}
    ccstr HeapDumpPath                             = c:\Users\Amen\AppData\Roaming\Code\User\workspaceStorage\7008674b88c08343105e105653bc181d\redhat.java         {manageable} {command line}
   size_t InitialHeapSize                          = 104857600                                 {product} {command line}
   size_t MaxHeapSize                              = 2147483648                                {product} {command line}
   size_t MaxNewSize                               = 715653120                                 {product} {ergonomic}
   size_t MinHeapDeltaBytes                        = 524288                                    {product} {ergonomic}
   size_t MinHeapSize                              = 104857600                                 {product} {command line}
   size_t NewSize                                  = 34603008                                  {product} {ergonomic}
    uintx NonNMethodCodeHeapSize                   = 7602480                                {pd product} {ergonomic}
    uintx NonProfiledCodeHeapSize                  = 122027880                              {pd product} {ergonomic}
   size_t OldSize                                  = 70254592                                  {product} {ergonomic}
    uintx ProfiledCodeHeapSize                     = 122027880                              {pd product} {ergonomic}
    uintx ReservedCodeCacheSize                    = 251658240                              {pd product} {ergonomic}
     bool SegmentedCodeCache                       = true                                      {product} {ergonomic}
   size_t SoftMaxHeapSize                          = 2147483648                             {manageable} {ergonomic}
     bool UseCompressedOops                        = true                           {product lp64_product} {ergonomic}
     bool UseLargePagesIndividualAllocation        = false                                  {pd product} {ergonomic}
     bool UseParallelGC                            = true                                      {product} {command line}

Logging:
Log output configuration:
 #0: stdout all=off uptime,level,tags foldmultilines=false
 #1: stderr all=off uptime,level,tags foldmultilines=false

Environment Variables:
PATH=C:\Program Files\Eclipse Adoptium\jdk-21.0.8.9-hotspot\bin;C:\WINDOWS\system32;C:\WINDOWS;C:\WINDOWS\System32\Wbem;C:\WINDOWS\System32\WindowsPowerShell\v1.0\;C:\WINDOWS\System32\OpenSSH\;C:\Program Files\nodejs\;C:\ProgramData\chocolatey\bin;C:\Program Files\Git\cmd;C:\Program Files\Tesseract-OCR;C:\Users\Amen\AppData\Local\Microsoft\WindowsApps;C:\Users\Amen\AppData\Local\Programs\Microsoft VS Code\bin;C:\Users\Amen\AppData\Roaming\npm;%IntelliJ IDEA%
USERNAME=Amen
OS=Windows_NT
PROCESSOR_IDENTIFIER=Intel64 Family 6 Model 186 Stepping 2, GenuineIntel
TMP=C:\Users\Amen\AppData\Local\Temp
TEMP=C:\Users\Amen\AppData\Local\Temp




Periodic native trim disabled

---------------  S Y S T E M  ---------------

OS:
 Windows 11 , 64 bit Build 26100 (10.0.26100.4484)
OS uptime: 3 days 15:10 hours

CPU: total 16 (initial active 16) (8 cores per cpu, 2 threads per core) family 6 model 186 stepping 2 microcode 0x410e, cx8, cmov, fxsr, ht, mmx, 3dnowpref, sse, sse2, sse3, ssse3, sse4.1, sse4.2, popcnt, lzcnt, tsc, tscinvbit, avx, avx2, aes, erms, clmul, bmi1, bmi2, adx, sha, fma, vzeroupper, clflush, clflushopt, clwb, serialize, rdtscp, rdpid, fsrm, f16c, pku, cet_ibt, cet_ss
Processor Information for processor 0
  Max Mhz: 2600, Current Mhz: 2600, Mhz Limit: 2600
Processor Information for processor 1
  Max Mhz: 2600, Current Mhz: 2600, Mhz Limit: 2600
Processor Information for processor 2
  Max Mhz: 2600, Current Mhz: 2600, Mhz Limit: 2600
Processor Information for processor 3
  Max Mhz: 2600, Current Mhz: 2600, Mhz Limit: 2600
Processor Information for processor 4
  Max Mhz: 2600, Current Mhz: 2600, Mhz Limit: 2600
Processor Information for processor 5
  Max Mhz: 2600, Current Mhz: 2600, Mhz Limit: 2600
Processor Information for processor 6
  Max Mhz: 2600, Current Mhz: 2600, Mhz Limit: 2600
Processor Information for processor 7
  Max Mhz: 2600, Current Mhz: 2600, Mhz Limit: 2600
Processor Information for processor 8
  Max Mhz: 2600, Current Mhz: 2600, Mhz Limit: 2600
Processor Information for processor 9
  Max Mhz: 2600, Current Mhz: 2600, Mhz Limit: 2600
Processor Information for processor 10
  Max Mhz: 2600, Current Mhz: 2600, Mhz Limit: 2600
Processor Information for processor 11
  Max Mhz: 2600, Current Mhz: 2600, Mhz Limit: 2600
Processor Information for processor 12
  Max Mhz: 2600, Current Mhz: 2600, Mhz Limit: 2600
Processor Information for processor 13
  Max Mhz: 2600, Current Mhz: 2600, Mhz Limit: 2600
Processor Information for processor 14
  Max Mhz: 2600, Current Mhz: 2600, Mhz Limit: 2600
Processor Information for processor 15
  Max Mhz: 2600, Current Mhz: 1505, Mhz Limit: 2600

Memory: 4k page, system-wide physical 16013M (9409M free)
TotalPageFile size 18957M (AvailPageFile size 11608M)
current process WorkingSet (physical memory assigned to process): 258M, peak: 270M
current process commit charge ("private bytes"): 384M, peak: 397M

vm_info: OpenJDK 64-Bit Server VM (21.0.8+9-LTS) for windows-amd64 JRE (21.0.8+9-LTS), built on 2025-07-15T00:00:00Z by "admin" with MS VC++ 17.7 (VS2022)

END.
